Archive member included to satisfy reference by file (symbol)

c:/st/stm32cubeide_1.11.0/stm32cubeide/plugins/com.st.stm32cube.ide.mcu.externaltools.gnu-tools-for-stm32.10.3-2021.10.win32_1.0.100.202210260954/tools/bin/../lib/gcc/arm-none-eabi/10.3.1/../../../../arm-none-eabi/lib/thumb/v7e-m+fp/hard\libc_nano.a(lib_a-errno.o)
                              ./Core/Src/syscalls.o (__errno)
c:/st/stm32cubeide_1.11.0/stm32cubeide/plugins/com.st.stm32cube.ide.mcu.externaltools.gnu-tools-for-stm32.10.3-2021.10.win32_1.0.100.202210260954/tools/bin/../lib/gcc/arm-none-eabi/10.3.1/../../../../arm-none-eabi/lib/thumb/v7e-m+fp/hard\libc_nano.a(lib_a-exit.o)
                              c:/st/stm32cubeide_1.11.0/stm32cubeide/plugins/com.st.stm32cube.ide.mcu.externaltools.gnu-tools-for-stm32.10.3-2021.10.win32_1.0.100.202210260954/tools/bin/../lib/gcc/arm-none-eabi/10.3.1/../../../../arm-none-eabi/lib/thumb/v7e-m+fp/hard/crt0.o (exit)
c:/st/stm32cubeide_1.11.0/stm32cubeide/plugins/com.st.stm32cube.ide.mcu.externaltools.gnu-tools-for-stm32.10.3-2021.10.win32_1.0.100.202210260954/tools/bin/../lib/gcc/arm-none-eabi/10.3.1/../../../../arm-none-eabi/lib/thumb/v7e-m+fp/hard\libc_nano.a(lib_a-impure.o)
                              c:/st/stm32cubeide_1.11.0/stm32cubeide/plugins/com.st.stm32cube.ide.mcu.externaltools.gnu-tools-for-stm32.10.3-2021.10.win32_1.0.100.202210260954/tools/bin/../lib/gcc/arm-none-eabi/10.3.1/../../../../arm-none-eabi/lib/thumb/v7e-m+fp/hard\libc_nano.a(lib_a-exit.o) (_global_impure_ptr)
c:/st/stm32cubeide_1.11.0/stm32cubeide/plugins/com.st.stm32cube.ide.mcu.externaltools.gnu-tools-for-stm32.10.3-2021.10.win32_1.0.100.202210260954/tools/bin/../lib/gcc/arm-none-eabi/10.3.1/../../../../arm-none-eabi/lib/thumb/v7e-m+fp/hard\libc_nano.a(lib_a-init.o)
                              c:/st/stm32cubeide_1.11.0/stm32cubeide/plugins/com.st.stm32cube.ide.mcu.externaltools.gnu-tools-for-stm32.10.3-2021.10.win32_1.0.100.202210260954/tools/bin/../lib/gcc/arm-none-eabi/10.3.1/../../../../arm-none-eabi/lib/thumb/v7e-m+fp/hard/crt0.o (__libc_init_array)
c:/st/stm32cubeide_1.11.0/stm32cubeide/plugins/com.st.stm32cube.ide.mcu.externaltools.gnu-tools-for-stm32.10.3-2021.10.win32_1.0.100.202210260954/tools/bin/../lib/gcc/arm-none-eabi/10.3.1/../../../../arm-none-eabi/lib/thumb/v7e-m+fp/hard\libc_nano.a(lib_a-memcmp.o)
                              ./Core/Src/fops.o (memcmp)
c:/st/stm32cubeide_1.11.0/stm32cubeide/plugins/com.st.stm32cube.ide.mcu.externaltools.gnu-tools-for-stm32.10.3-2021.10.win32_1.0.100.202210260954/tools/bin/../lib/gcc/arm-none-eabi/10.3.1/../../../../arm-none-eabi/lib/thumb/v7e-m+fp/hard\libc_nano.a(lib_a-memcpy-stub.o)
                              ./FreeRTOS/queue.o (memcpy)
c:/st/stm32cubeide_1.11.0/stm32cubeide/plugins/com.st.stm32cube.ide.mcu.externaltools.gnu-tools-for-stm32.10.3-2021.10.win32_1.0.100.202210260954/tools/bin/../lib/gcc/arm-none-eabi/10.3.1/../../../../arm-none-eabi/lib/thumb/v7e-m+fp/hard\libc_nano.a(lib_a-memset.o)
                              c:/st/stm32cubeide_1.11.0/stm32cubeide/plugins/com.st.stm32cube.ide.mcu.externaltools.gnu-tools-for-stm32.10.3-2021.10.win32_1.0.100.202210260954/tools/bin/../lib/gcc/arm-none-eabi/10.3.1/../../../../arm-none-eabi/lib/thumb/v7e-m+fp/hard/crt0.o (memset)
c:/st/stm32cubeide_1.11.0/stm32cubeide/plugins/com.st.stm32cube.ide.mcu.externaltools.gnu-tools-for-stm32.10.3-2021.10.win32_1.0.100.202210260954/tools/bin/../lib/gcc/arm-none-eabi/10.3.1/../../../../arm-none-eabi/lib/thumb/v7e-m+fp/hard\libc_nano.a(lib_a-nano-vfprintf_float.o)
                              (_printf_float)
c:/st/stm32cubeide_1.11.0/stm32cubeide/plugins/com.st.stm32cube.ide.mcu.externaltools.gnu-tools-for-stm32.10.3-2021.10.win32_1.0.100.202210260954/tools/bin/../lib/gcc/arm-none-eabi/10.3.1/../../../../arm-none-eabi/lib/thumb/v7e-m+fp/hard\libc_nano.a(lib_a-nano-vfprintf_i.o)
                              c:/st/stm32cubeide_1.11.0/stm32cubeide/plugins/com.st.stm32cube.ide.mcu.externaltools.gnu-tools-for-stm32.10.3-2021.10.win32_1.0.100.202210260954/tools/bin/../lib/gcc/arm-none-eabi/10.3.1/../../../../arm-none-eabi/lib/thumb/v7e-m+fp/hard\libc_nano.a(lib_a-nano-vfprintf_float.o) (_printf_common)
c:/st/stm32cubeide_1.11.0/stm32cubeide/plugins/com.st.stm32cube.ide.mcu.externaltools.gnu-tools-for-stm32.10.3-2021.10.win32_1.0.100.202210260954/tools/bin/../lib/gcc/arm-none-eabi/10.3.1/../../../../arm-none-eabi/lib/thumb/v7e-m+fp/hard\libc_nano.a(lib_a-nano-vfscanf_float.o)
                              (_scanf_float)
c:/st/stm32cubeide_1.11.0/stm32cubeide/plugins/com.st.stm32cube.ide.mcu.externaltools.gnu-tools-for-stm32.10.3-2021.10.win32_1.0.100.202210260954/tools/bin/../lib/gcc/arm-none-eabi/10.3.1/../../../../arm-none-eabi/lib/thumb/v7e-m+fp/hard\libc_nano.a(lib_a-printf.o)
                              ./Core/Src/fatfs.o (printf)
[...]
Memory Configuration

Name             Origin             Length             Attributes
CCMRAM           0x0000000010000000 0x0000000000010000 xrw
RAM              0x0000000020000000 0x0000000000020000 xrw
FLASH            0x0000000008000000 0x0000000000100000 xr
*default*        0x0000000000000000 0xffffffffffffffff

Linker script and memory map

LOAD c:/st/stm32cubeide_1.11.0/stm32cubeide/plugins/com.st.stm32cube.ide.mcu.externaltools.gnu-tools-for-stm32.10.3-2021.10.win32_1.0.100.202210260954/tools/bin/../lib/gcc/arm-none-eabi/10.3.1/thumb/v7e-m+fp/hard/crti.o
LOAD c:/st/stm32cubeide_1.11.0/stm32cubeide/plugins/com.st.stm32cube.ide.mcu.externaltools.gnu-tools-for-stm32.10.3-2021.10.win32_1.0.100.202210260954/tools/bin/../lib/gcc/arm-none-eabi/10.3.1/thumb/v7e-m+fp/hard/crtbegin.o
LOAD c:/st/stm32cubeide_1.11.0/stm32cubeide/plugins/com.st.stm32cube.ide.mcu.externaltools.gnu-tools-for-stm32.10.3-2021.10.win32_1.0.100.202210260954/tools/bin/../lib/gcc/arm-none-eabi/10.3.1/../../../../arm-none-eabi/lib/thumb/v7e-m+fp/hard/crt0.o
LOAD ./Core/Src/AUDIO.o
LOAD ./Core/Src/AUDIO_LINK.o
LOAD ./Core/Src/File_Handling.o
LOAD ./Core/Src/cs43l22.o
LOAD ./Core/Src/diskio.o
LOAD ./Core/Src/fatfs.o
LOAD ./Core/Src/ff.o
LOAD ./Core/Src/ff_gen_drv.o
LOAD ./Core/Src/fops.o
LOAD ./Core/Src/liquidcrystal_i2c.o
LOAD ./Core/Src/main.o
LOAD ./Core/Src/mmc_sd.o
LOAD ./Core/Src/stm32f4xx_hal_msp.o
LOAD ./Core/Src/stm32f4xx_hal_timebase_tim.o
LOAD ./Core/Src/stm32f4xx_it.o
LOAD ./Core/Src/syscalls.o
LOAD ./Core/Src/sysmem.o
LOAD ./Core/Src/system_stm32f4xx.o
LOAD ./Core/Src/user_diskio.o
LOAD ./Core/Src/waveplayer.o
LOAD ./Core/Startup/startup_stm32f407vgtx.o
LOAD ./Drivers/STM32F4xx_HAL_Driver/Src/stm32f4xx_hal.o
LOAD ./Drivers/STM32F4xx_HAL_Driver/Src/stm32f4xx_hal_adc.o
LOAD ./Drivers/STM32F4xx_HAL_Driver/Src/stm32f4xx_hal_adc_ex.o
LOAD ./Drivers/STM32F4xx_HAL_Driver/Src/stm32f4xx_hal_cortex.o
LOAD ./Drivers/STM32F4xx_HAL_Driver/Src/stm32f4xx_hal_dma.o
LOAD ./Drivers/STM32F4xx_HAL_Driver/Src/stm32f4xx_hal_dma_ex.o
LOAD ./Drivers/STM32F4xx_HAL_Driver/Src/stm32f4xx_hal_exti.o
LOAD ./Drivers/STM32F4xx_HAL_Driver/Src/stm32f4xx_hal_flash.o
LOAD ./Drivers/STM32F4xx_HAL_Driver/Src/stm32f4xx_hal_flash_ex.o
LOAD ./Drivers/STM32F4xx_HAL_Driver/Src/stm32f4xx_hal_flash_ramfunc.o
LOAD ./Drivers/STM32F4xx_HAL_Driver/Src/stm32f4xx_hal_gpio.o
LOAD ./Drivers/STM32F4xx_HAL_Driver/Src/stm32f4xx_hal_i2c.o
LOAD ./Drivers/STM32F4xx_HAL_Driver/Src/stm32f4xx_hal_i2c_ex.o
LOAD ./Drivers/STM32F4xx_HAL_Driver/Src/stm32f4xx_hal_i2s.o
LOAD ./Drivers/STM32F4xx_HAL_Driver/Src/stm32f4xx_hal_i2s_ex.o
LOAD ./Drivers/STM32F4xx_HAL_Driver/Src/stm32f4xx_hal_pwr.o
LOAD ./Drivers/STM32F4xx_HAL_Driver/Src/stm32f4xx_hal_pwr_ex.o
LOAD ./Drivers/STM32F4xx_HAL_Driver/Src/stm32f4xx_hal_rcc.o
LOAD ./Drivers/STM32F4xx_HAL_Driver/Src/stm32f4xx_hal_rcc_ex.o
LOAD ./Drivers/STM32F4xx_HAL_Driver/Src/stm32f4xx_hal_spi.o
LOAD ./Drivers/STM32F4xx_HAL_Driver/Src/stm32f4xx_hal_tim.o
LOAD ./Drivers/STM32F4xx_HAL_Driver/Src/stm32f4xx_hal_tim_ex.o
LOAD ./Drivers/STM32F4xx_HAL_Driver/Src/stm32f4xx_hal_uart.o
LOAD ./Drivers/STM32F4xx_HAL_Driver/Src/stm32f4xx_ll_adc.o
LOAD ./FreeRTOS/MemMang/heap_4.o
LOAD ./FreeRTOS/croutine.o
LOAD ./FreeRTOS/event_groups.o
LOAD ./FreeRTOS/list.o
LOAD ./FreeRTOS/queue.o
LOAD ./FreeRTOS/stream_buffer.o
LOAD ./FreeRTOS/tasks.o
LOAD ./FreeRTOS/timers.o
LOAD ./FreeRTOS/portable/ARM_CM4F/port.o
START GROUP
LOAD c:/st/stm32cubeide_1.11.0/stm32cubeide/plugins/com.st.stm32cube.ide.mcu.externaltools.gnu-tools-for-stm32.10.3-2021.10.win32_1.0.100.202210260954/tools/bin/../lib/gcc/arm-none-eabi/10.3.1/../../../../arm-none-eabi/lib/thumb/v7e-m+fp/hard\libc_nano.a
LOAD c:/st/stm32cubeide_1.11.0/stm32cubeide/plugins/com.st.stm32cube.ide.mcu.externaltools.gnu-tools-for-stm32.10.3-2021.10.win32_1.0.100.202210260954/tools/bin/../lib/gcc/arm-none-eabi/10.3.1/../../../../arm-none-eabi/lib/thumb/v7e-m+fp/hard\libm.a
END GROUP
START GROUP
LOAD c:/st/stm32cubeide_1.11.0/stm32cubeide/plugins/com.st.stm32cube.ide.mcu.externaltools.gnu-tools-for-stm32.10.3-2021.10.win32_1.0.100.202210260954/tools/bin/../lib/gcc/arm-none-eabi/10.3.1/thumb/v7e-m+fp/hard\libgcc.a
LOAD c:/st/stm32cubeide_1.11.0/stm32cubeide/plugins/com.st.stm32cube.ide.mcu.externaltools.gnu-tools-for-stm32.10.3-2021.10.win32_1.0.100.202210260954/tools/bin/../lib/gcc/arm-none-eabi/10.3.1/../../../../arm-none-eabi/lib/thumb/v7e-m+fp/hard\libc_nano.a
END GROUP
START GROUP
LOAD c:/st/stm32cubeide_1.11.0/stm32cubeide/plugins/com.st.stm32cube.ide.mcu.externaltools.gnu-tools-for-stm32.10.3-2021.10.win32_1.0.100.202210260954/tools/bin/../lib/gcc/arm-none-eabi/10.3.1/thumb/v7e-m+fp/hard\libgcc.a
LOAD c:/st/stm32cubeide_1.11.0/stm32cubeide/plugins/com.st.stm32cube.ide.mcu.externaltools.gnu-tools-for-stm32.10.3-2021.10.win32_1.0.100.202210260954/tools/bin/../lib/gcc/arm-none-eabi/10.3.1/../../../../arm-none-eabi/lib/thumb/v7e-m+fp/hard\libc_nano.a
LOAD c:/st/stm32cubeide_1.11.0/stm32cubeide/plugins/com.st.stm32cube.ide.mcu.externaltools.gnu-tools-for-stm32.10.3-2021.10.win32_1.0.100.202210260954/tools/bin/../lib/gcc/arm-none-eabi/10.3.1/../../../../arm-none-eabi/lib/thumb/v7e-m+fp/hard\libnosys.a
END GROUP
START GROUP
LOAD c:/st/stm32cubeide_1.11.0/stm32cubeide/plugins/com.st.stm32cube.ide.mcu.externaltools.gnu-tools-for-stm32.10.3-2021.10.win32_1.0.100.202210260954/tools/bin/../lib/gcc/arm-none-eabi/10.3.1/thumb/v7e-m+fp/hard\libgcc.a
LOAD c:/st/stm32cubeide_1.11.0/stm32cubeide/plugins/com.st.stm32cube.ide.mcu.externaltools.gnu-tools-for-stm32.10.3-2021.10.win32_1.0.100.202210260954/tools/bin/../lib/gcc/arm-none-eabi/10.3.1/../../../../arm-none-eabi/lib/thumb/v7e-m+fp/hard\libc_nano.a
LOAD c:/st/stm32cubeide_1.11.0/stm32cubeide/plugins/com.st.stm32cube.ide.mcu.externaltools.gnu-tools-for-stm32.10.3-2021.10.win32_1.0.100.202210260954/tools/bin/../lib/gcc/arm-none-eabi/10.3.1/../../../../arm-none-eabi/lib/thumb/v7e-m+fp/hard\libnosys.a
END GROUP
LOAD c:/st/stm32cubeide_1.11.0/stm32cubeide/plugins/com.st.stm32cube.ide.mcu.externaltools.gnu-tools-for-stm32.10.3-2021.10.win32_1.0.100.202210260954/tools/bin/../lib/gcc/arm-none-eabi/10.3.1/thumb/v7e-m+fp/hard/crtend.o
LOAD c:/st/stm32cubeide_1.11.0/stm32cubeide/plugins/com.st.stm32cube.ide.mcu.externaltools.gnu-tools-for-stm32.10.3-2021.10.win32_1.0.100.202210260954/tools/bin/../lib/gcc/arm-none-eabi/10.3.1/thumb/v7e-m+fp/hard/crtn.o
                0x0000000020020000                _estack = (ORIGIN (RAM) + LENGTH (RAM))
                0x0000000000000200                _Min_Heap_Size = 0x200
                0x0000000000000400                _Min_Stack_Size = 0x400

.isr_vector     0x0000000008000000      0x188
                0x0000000008000000                . = ALIGN (0x4)
 *(.isr_vector)
 .isr_vector    0x0000000008000000      0x188 ./Core/Startup/startup_stm32f407vgtx.o
                0x0000000008000000                g_pfnVectors
                0x0000000008000188                . = ALIGN (0x4)

.text           0x0000000008000190    0x10ffc
                0x0000000008000190                . = ALIGN (0x4)
 *(.text)
 .text          0x0000000008000190       0x40 c:/st/stm32cubeide_1.11.0/stm32cubeide/plugins/com.st.stm32cube.ide.mcu.externaltools.gnu-tools-for-stm32.10.3-2021.10.win32_1.0.100.202210260954/tools/bin/../lib/gcc/arm-none-eabi/10.3.1/thumb/v7e-m+fp/hard/crtbegin.o
 .text          0x00000000080001d0       0x10 c:/st/stm32cubeide_1.11.0/stm32cubeide/plugins/com.st.stm32cube.ide.mcu.externaltools.gnu-tools-for-stm32.10.3-2021.10.win32_1.0.100.202210260954/tools/bin/../lib/gcc/arm-none-eabi/10.3.1/../../../../arm-none-eabi/lib/thumb/v7e-m+fp/hard\libc_nano.a(lib_a-strlen.o)
                0x00000000080001d0                strlen
 .text          0x00000000080001e0       0xa0 c:/st/stm32cubeide_1.11.0/stm32cubeide/plugins/com.st.stm32cube.ide.mcu.externaltools.gnu-tools-for-stm32.10.3-2021.10.win32_1.0.100.202210260954/tools/bin/../lib/gcc/arm-none-eabi/10.3.1/../../../../arm-none-eabi/lib/thumb/v7e-m+fp/hard\libc_nano.a(lib_a-memchr.o)
                0x00000000080001e0                memchr
 .text          0x0000000008000280      0x378 c:/st/stm32cubeide_1.11.0/stm32cubeide/plugins/com.st.stm32cube.ide.mcu.externaltools.gnu-tools-for-stm32.10.3-2021.10.win32_1.0.100.202210260954/tools/bin/../lib/gcc/arm-none-eabi/10.3.1/thumb/v7e-m+fp/hard\libgcc.a(_arm_addsubdf3.o)
                0x0000000008000280                __aeabi_drsub
                0x0000000008000288                __aeabi_dsub
                0x0000000008000288                __subdf3
                0x000000000800028c                __aeabi_dadd
                0x000000000800028c                __adddf3
                0x0000000008000504                __floatunsidf
                0x0000000008000504                __aeabi_ui2d
                0x0000000008000524                __floatsidf
                0x0000000008000524                __aeabi_i2d
                0x0000000008000548                __aeabi_f2d
                0x0000000008000548                __extendsfdf2
                0x000000000800058c                __floatundidf
                0x000000000800058c                __aeabi_ul2d
                0x000000000800059c                __floatdidf
                0x000000000800059c                __aeabi_l2d
 .text          0x00000000080005f8      0x424 c:/st/stm32cubeide_1.11.0/stm32cubeide/plugins/com.st.stm32cube.ide.mcu.externaltools.gnu-tools-for-stm32.10.3-2021.10.win32_1.0.100.202210260954/tools/bin/../lib/gcc/arm-none-eabi/10.3.1/thumb/v7e-m+fp/hard\libgcc.a(_arm_muldivdf3.o)
                0x00000000080005f8                __aeabi_dmul
                0x00000000080005f8                __muldf3
                0x000000000800084c                __divdf3
                0x000000000800084c                __aeabi_ddiv
 .text          0x0000000008000a1c      0x110 c:/st/stm32cubeide_1.11.0/stm32cubeide/plugins/com.st.stm32cube.ide.mcu.externaltools.gnu-tools-for-stm32.10.3-2021.10.win32_1.0.100.202210260954/tools/bin/../lib/gcc/arm-none-eabi/10.3.1/thumb/v7e-m+fp/hard\libgcc.a(_arm_cmpdf2.o)
                0x0000000008000a1c                __gtdf2
                0x0000000008000a1c                __gedf2
                0x0000000008000a24                __ltdf2
                0x0000000008000a24                __ledf2
                0x0000000008000a2c                __nedf2
                0x0000000008000a2c                __eqdf2
                0x0000000008000a2c                __cmpdf2
                0x0000000008000aa8                __aeabi_cdrcmple
                0x0000000008000ab8                __aeabi_cdcmpeq
                0x0000000008000ab8                __aeabi_cdcmple
                0x0000000008000ac8                __aeabi_dcmpeq
                0x0000000008000adc                __aeabi_dcmplt
                0x0000000008000af0                __aeabi_dcmple
                0x0000000008000b04                __aeabi_dcmpge
                0x0000000008000b18                __aeabi_dcmpgt
 .text          0x0000000008000b2c       0x2c c:/st/stm32cubeide_1.11.0/stm32cubeide/plugins/com.st.stm32cube.ide.mcu.externaltools.gnu-tools-for-stm32.10.3-2021.10.win32_1.0.100.202210260954/tools/bin/../lib/gcc/arm-none-eabi/10.3.1/thumb/v7e-m+fp/hard\libgcc.a(_arm_unorddf2.o)
                0x0000000008000b2c                __unorddf2
                0x0000000008000b2c                __aeabi_dcmpun
 .text          0x0000000008000b58       0x50 c:/st/stm32cubeide_1.11.0/stm32cubeide/plugins/com.st.stm32cube.ide.mcu.externaltools.gnu-tools-for-stm32.10.3-2021.10.win32_1.0.100.202210260954/tools/bin/../lib/gcc/arm-none-eabi/10.3.1/thumb/v7e-m+fp/hard\libgcc.a(_arm_fixdfsi.o)
                0x0000000008000b58                __aeabi_d2iz
                0x0000000008000b58                __fixdfsi
 .text          0x0000000008000ba8       0x40 c:/st/stm32cubeide_1.11.0/stm32cubeide/plugins/com.st.stm32cube.ide.mcu.externaltools.gnu-tools-for-stm32.10.3-2021.10.win32_1.0.100.202210260954/tools/bin/../lib/gcc/arm-none-eabi/10.3.1/thumb/v7e-m+fp/hard\libgcc.a(_arm_fixunsdfsi.o)
                0x0000000008000ba8                __aeabi_d2uiz
                0x0000000008000ba8                __fixunsdfsi
 .text          0x0000000008000be8       0xa0 c:/st/stm32cubeide_1.11.0/stm32cubeide/plugins/com.st.stm32cube.ide.mcu.externaltools.gnu-tools-for-stm32.10.3-2021.10.win32_1.0.100.202210260954/tools/bin/../lib/gcc/arm-none-eabi/10.3.1/thumb/v7e-m+fp/hard\libgcc.a(_arm_truncdfsf2.o)
                0x0000000008000be8                __truncdfsf2
                0x0000000008000be8                __aeabi_d2f
 .text          0x0000000008000c88       0x30 c:/st/stm32cubeide_1.11.0/stm32cubeide/plugins/com.st.stm32cube.ide.mcu.externaltools.gnu-tools-for-stm32.10.3-2021.10.win32_1.0.100.202210260954/tools/bin/../lib/gcc/arm-none-eabi/10.3.1/thumb/v7e-m+fp/hard\libgcc.a(_aeabi_uldivmod.o)
                0x0000000008000c88                __aeabi_uldivmod
 .text          0x0000000008000cb8       0x30 c:/st/stm32cubeide_1.11.0/stm32cubeide/plugins/com.st.stm32cube.ide.mcu.externaltools.gnu-tools-for-stm32.10.3-2021.10.win32_1.0.100.202210260954/tools/bin/../lib/gcc/arm-none-eabi/10.3.1/thumb/v7e-m+fp/hard\libgcc.a(_fixdfdi.o)
                0x0000000008000cb8                __fixdfdi
                0x0000000008000cb8                __aeabi_d2lz
 .text          0x0000000008000ce8       0x3c c:/st/stm32cubeide_1.11.0/stm32cubeide/plugins/com.st.stm32cube.ide.mcu.externaltools.gnu-tools-for-stm32.10.3-2021.10.win32_1.0.100.202210260954/tools/bin/../lib/gcc/arm-none-eabi/10.3.1/thumb/v7e-m+fp/hard\libgcc.a(_fixunsdfdi.o)
                0x0000000008000ce8                __fixunsdfdi
                0x0000000008000ce8                __aeabi_d2ulz
 .text          0x0000000008000d24      0x2d0 c:/st/stm32cubeide_1.11.0/stm32cubeide/plugins/com.st.stm32cube.ide.mcu.externaltools.gnu-tools-for-stm32.10.3-2021.10.win32_1.0.100.202210260954/tools/bin/../lib/gcc/arm-none-eabi/10.3.1/thumb/v7e-m+fp/hard\libgcc.a(_udivmoddi4.o)
                0x0000000008000d24                __udivmoddi4
 .text          0x0000000008000ff4        0x4 c:/st/stm32cubeide_1.11.0/stm32cubeide/plugins/com.st.stm32cube.ide.mcu.externaltools.gnu-tools-for-stm32.10.3-2021.10.win32_1.0.100.202210260954/tools/bin/../lib/gcc/arm-none-eabi/10.3.1/thumb/v7e-m+fp/hard\libgcc.a(_dvmd_tls.o)
                0x0000000008000ff4                __aeabi_idiv0
                0x0000000008000ff4                __aeabi_ldiv0
 *(.text*)
 .text.HAL_I2S_TxCpltCallback
                0x0000000008000ff8       0x24 ./Core/Src/AUDIO.o
                0x0000000008000ff8                HAL_I2S_TxCpltCallback
 .text.AUDIO_OUT_Error_CallBack
                0x000000000800101c        0xe ./Core/Src/AUDIO.o
                0x000000000800101c                AUDIO_OUT_Error_CallBack
 *fill*         0x000000000800102a        0x2 
 .text.HAL_I2S_ErrorCallback
                0x000000000800102c       0x24 ./Core/Src/AUDIO.o
                0x000000000800102c                HAL_I2S_ErrorCallback
 .text.disk_status
                0x0000000008001050       0x34 ./Core/Src/diskio.o
                0x0000000008001050                disk_status
 .text.disk_initialize
                0x0000000008001084       0x4c ./Core/Src/diskio.o
                0x0000000008001084                disk_initialize
 .text.disk_read
                0x00000000080010d0       0x40 ./Core/Src/diskio.o
                0x00000000080010d0                disk_read
 .text.disk_write
                0x0000000008001110       0x40 ./Core/Src/diskio.o
                0x0000000008001110                disk_write
 .text.disk_ioctl
                0x0000000008001150       0x3c ./Core/Src/diskio.o
                0x0000000008001150                disk_ioctl
 .text.MX_FATFS_Init
                0x000000000800118c       0x48 ./Core/Src/fatfs.o
                0x000000000800118c                MX_FATFS_Init
 .text.ld_word  0x00000000080011d4       0x30 ./Core/Src/ff.o
 .text.ld_dword
                0x0000000008001204       0x46 ./Core/Src/ff.o
 .text.st_word  0x000000000800124a       0x36 ./Core/Src/ff.o
 .text.st_dword
                0x0000000008001280       0x58 ./Core/Src/ff.o
 .text.mem_cpy  0x00000000080012d8       0x42 ./Core/Src/ff.o
 .text.mem_set  0x000000000800131a       0x36 ./Core/Src/ff.o
 .text.mem_cmp  0x0000000008001350       0x4e ./Core/Src/ff.o
 .text.chk_chr  0x000000000800139e       0x36 ./Core/Src/ff.o
 .text.chk_lock
                0x00000000080013d4       0xb8 ./Core/Src/ff.o
 .text.enq_lock
                0x000000000800148c       0x44 ./Core/Src/ff.o
 .text.inc_lock
                0x00000000080014d0      0x11c ./Core/Src/ff.o
 .text.dec_lock
                0x00000000080015ec       0x78 ./Core/Src/ff.o
 .text.clear_lock
                0x0000000008001664       0x48 ./Core/Src/ff.o
 .text.sync_window
                0x00000000080016ac       0x88 ./Core/Src/ff.o
 .text.move_window
                0x0000000008001734       0x5a ./Core/Src/ff.o
 *fill*         0x000000000800178e        0x2 
 .text.sync_fs  0x0000000008001790       0xdc ./Core/Src/ff.o
 .text.clust2sect
                0x000000000800186c       0x3e ./Core/Src/ff.o
 .text.get_fat  0x00000000080018aa      0x150 ./Core/Src/ff.o
 .text.put_fat  0x00000000080019fa      0x1d8 ./Core/Src/ff.o
 .text.remove_chain
                0x0000000008001bd2       0xca ./Core/Src/ff.o
 .text.create_chain
                0x0000000008001c9c      0x130 ./Core/Src/ff.o
 .text.clmt_clust
                0x0000000008001dcc       0x68 ./Core/Src/ff.o
 .text.dir_sdi  0x0000000008001e34       0xf6 ./Core/Src/ff.o
 .text.dir_next
                0x0000000008001f2a      0x18a ./Core/Src/ff.o
 .text.dir_alloc
                0x00000000080020b4       0x8e ./Core/Src/ff.o
 .text.ld_clust
                0x0000000008002142       0x3e ./Core/Src/ff.o
 .text.st_clust
                0x0000000008002180       0x40 ./Core/Src/ff.o
 .text.dir_find
                0x00000000080021c0       0xaa ./Core/Src/ff.o
 .text.dir_register
                0x000000000800226a       0x64 ./Core/Src/ff.o
 *fill*         0x00000000080022ce        0x2 
 .text.create_name
                0x00000000080022d0      0x128 ./Core/Src/ff.o
 .text.follow_path
                0x00000000080023f8       0xe2 ./Core/Src/ff.o
 .text.get_ldnumber
                0x00000000080024da       0x88 ./Core/Src/ff.o
 *fill*         0x0000000008002562        0x2 
 .text.check_fs
                0x0000000008002564       0xac ./Core/Src/ff.o
 .text.find_volume
                0x0000000008002610      0x498 ./Core/Src/ff.o
 .text.validate
                0x0000000008002aa8       0x6a ./Core/Src/ff.o
 *fill*         0x0000000008002b12        0x2 
 .text.f_mount  0x0000000008002b14       0x8c ./Core/Src/ff.o
                0x0000000008002b14                f_mount
 .text.f_open   0x0000000008002ba0      0x380 ./Core/Src/ff.o
                0x0000000008002ba0                f_open
 .text.f_read   0x0000000008002f20      0x27e ./Core/Src/ff.o
                0x0000000008002f20                f_read
 .text.f_write  0x000000000800319e      0x2ea ./Core/Src/ff.o
                0x000000000800319e                f_write
 .text.f_sync   0x0000000008003488      0x100 ./Core/Src/ff.o
                0x0000000008003488                f_sync
 .text.f_close  0x0000000008003588       0x54 ./Core/Src/ff.o
                0x0000000008003588                f_close
 .text.f_lseek  0x00000000080035dc      0x412 ./Core/Src/ff.o
                0x00000000080035dc                f_lseek
 .text.f_getfree
                0x00000000080039ee      0x16a ./Core/Src/ff.o
                0x00000000080039ee                f_getfree
 .text.FATFS_LinkDriverEx
                0x0000000008003b58       0x98 ./Core/Src/ff_gen_drv.o
                0x0000000008003b58                FATFS_LinkDriverEx
 .text.FATFS_LinkDriver
                0x0000000008003bf0       0x1e ./Core/Src/ff_gen_drv.o
                0x0000000008003bf0                FATFS_LinkDriver
 *fill*         0x0000000008003c0e        0x2 
 .text.__io_putchar
                0x0000000008003c10       0x24 ./Core/Src/fops.o
                0x0000000008003c10                __io_putchar
 .text.exf_getfree
                0x0000000008003c34       0x68 ./Core/Src/fops.o
                0x0000000008003c34                exf_getfree
 .text.exf_mount
                0x0000000008003c9c       0x3c ./Core/Src/fops.o
                0x0000000008003c9c                exf_mount
 .text.exf_open
                0x0000000008003cd8       0x30 ./Core/Src/fops.o
                0x0000000008003cd8                exf_open
 .text.exf_write
                0x0000000008003d08       0x38 ./Core/Src/fops.o
                0x0000000008003d08                exf_write
 .text.exf_read
                0x0000000008003d40       0x38 ./Core/Src/fops.o
                0x0000000008003d40                exf_read
 .text.exf_lseek
                0x0000000008003d78       0x28 ./Core/Src/fops.o
                0x0000000008003d78                exf_lseek
 .text.exf_close
                0x0000000008003da0       0x14 ./Core/Src/fops.o
                0x0000000008003da0                exf_close
 .text.FATFS_RdWrTest
                0x0000000008003db4       0xc0 ./Core/Src/fops.o
                0x0000000008003db4                FATFS_RdWrTest
 .text.Task1    0x0000000008003e74       0xe0 ./Core/Src/main.o
                0x0000000008003e74                Task1
 .text.Task2    0x0000000008003f54       0xa8 ./Core/Src/main.o
                0x0000000008003f54                Task2
 .text.main     0x0000000008003ffc      0x12c ./Core/Src/main.o
                0x0000000008003ffc                main
 .text.SystemClock_Config
                0x0000000008004128       0xd4 ./Core/Src/main.o
                0x0000000008004128                SystemClock_Config
 .text.MX_ADC1_Init
                0x00000000080041fc       0xc0 ./Core/Src/main.o
 .text.MX_I2C1_Init
                0x00000000080042bc       0x5c ./Core/Src/main.o
 .text.MX_I2S3_Init
                0x0000000008004318       0x5c ./Core/Src/main.o
 .text.MX_SPI1_Init
                0x0000000008004374       0x6c ./Core/Src/main.o
                0x0000000008004374                MX_SPI1_Init
 .text.MX_USART2_UART_Init
                0x00000000080043e0       0x54 ./Core/Src/main.o
 .text.MX_DMA_Init
                0x0000000008004434       0x6c ./Core/Src/main.o
 .text.MX_GPIO_Init
                0x00000000080044a0      0x194 ./Core/Src/main.o
 .text.HAL_GPIO_EXTI_Callback
                0x0000000008004634       0xa0 ./Core/Src/main.o
                0x0000000008004634                HAL_GPIO_EXTI_Callback
 .text.HAL_TIM_PeriodElapsedCallback
                0x00000000080046d4       0x24 ./Core/Src/main.o
                0x00000000080046d4                HAL_TIM_PeriodElapsedCallback
 .text.Error_Handler
                0x00000000080046f8        0xa ./Core/Src/main.o
                0x00000000080046f8                Error_Handler
 *fill*         0x0000000008004702        0x2 
 .text.SPI1_Error
                0x0000000008004704       0x38 ./Core/Src/mmc_sd.o
                0x0000000008004704                SPI1_Error
 .text.SPI1_ReadWriteByte
                0x000000000800473c       0x3c ./Core/Src/mmc_sd.o
                0x000000000800473c                SPI1_ReadWriteByte
 .text.SD_SPI_ReadWriteByte
                0x0000000008004778       0x1c ./Core/Src/mmc_sd.o
                0x0000000008004778                SD_SPI_ReadWriteByte
 .text.SD_SPI_Init
                0x0000000008004794       0x34 ./Core/Src/mmc_sd.o
                0x0000000008004794                SD_SPI_Init
 .text.SD_DisSelect
                0x00000000080047c8       0x1c ./Core/Src/mmc_sd.o
                0x00000000080047c8                SD_DisSelect
 .text.SD_Select
                0x00000000080047e4       0x2c ./Core/Src/mmc_sd.o
                0x00000000080047e4                SD_Select
 .text.SD_WaitReady
                0x0000000008004810       0x34 ./Core/Src/mmc_sd.o
                0x0000000008004810                SD_WaitReady
 .text.SD_GetResponse
                0x0000000008004844       0x42 ./Core/Src/mmc_sd.o
                0x0000000008004844                SD_GetResponse
 .text.SD_RecvData
                0x0000000008004886       0x50 ./Core/Src/mmc_sd.o
                0x0000000008004886                SD_RecvData
 .text.SD_SendBlock
                0x00000000080048d6       0x78 ./Core/Src/mmc_sd.o
                0x00000000080048d6                SD_SendBlock
 .text.SD_SendCmd
                0x000000000800494e       0xa0 ./Core/Src/mmc_sd.o
                0x000000000800494e                SD_SendCmd
 .text.SD_GetCSD
                0x00000000080049ee       0x40 ./Core/Src/mmc_sd.o
                0x00000000080049ee                SD_GetCSD
 .text.SD_GetSectorCount
                0x0000000008004a2e       0xa2 ./Core/Src/mmc_sd.o
                0x0000000008004a2e                SD_GetSectorCount
 .text.SD_Initialize
                0x0000000008004ad0      0x1e8 ./Core/Src/mmc_sd.o
                0x0000000008004ad0                SD_Initialize
 .text.SD_ReadDisk
                0x0000000008004cb8       0x98 ./Core/Src/mmc_sd.o
                0x0000000008004cb8                SD_ReadDisk
 .text.SD_WriteDisk
                0x0000000008004d50       0xbc ./Core/Src/mmc_sd.o
                0x0000000008004d50                SD_WriteDisk
 .text.HAL_MspInit
                0x0000000008004e0c       0x50 ./Core/Src/stm32f4xx_hal_msp.o
                0x0000000008004e0c                HAL_MspInit
 .text.HAL_ADC_MspInit
                0x0000000008004e5c       0xf0 ./Core/Src/stm32f4xx_hal_msp.o
                0x0000000008004e5c                HAL_ADC_MspInit
 .text.HAL_I2C_MspInit
                0x0000000008004f4c       0x90 ./Core/Src/stm32f4xx_hal_msp.o
                0x0000000008004f4c                HAL_I2C_MspInit
 .text.HAL_I2S_MspInit
                0x0000000008004fdc      0x17c ./Core/Src/stm32f4xx_hal_msp.o
                0x0000000008004fdc                HAL_I2S_MspInit
 .text.HAL_SPI_MspInit
                0x0000000008005158       0x90 ./Core/Src/stm32f4xx_hal_msp.o
                0x0000000008005158                HAL_SPI_MspInit
 .text.HAL_SPI_MspDeInit
                0x00000000080051e8       0x3c ./Core/Src/stm32f4xx_hal_msp.o
                0x00000000080051e8                HAL_SPI_MspDeInit
 .text.HAL_UART_MspInit
                0x0000000008005224       0x90 ./Core/Src/stm32f4xx_hal_msp.o
                0x0000000008005224                HAL_UART_MspInit
 .text.HAL_InitTick
                0x00000000080052b4       0xf8 ./Core/Src/stm32f4xx_hal_timebase_tim.o
                0x00000000080052b4                HAL_InitTick
 .text.NMI_Handler
                0x00000000080053ac        0x6 ./Core/Src/stm32f4xx_it.o
                0x00000000080053ac                NMI_Handler
 .text.HardFault_Handler
                0x00000000080053b2        0x6 ./Core/Src/stm32f4xx_it.o
                0x00000000080053b2                HardFault_Handler
 .text.MemManage_Handler
                0x00000000080053b8        0x6 ./Core/Src/stm32f4xx_it.o
                0x00000000080053b8                MemManage_Handler
 .text.BusFault_Handler
                0x00000000080053be        0x6 ./Core/Src/stm32f4xx_it.o
                0x00000000080053be                BusFault_Handler
 .text.UsageFault_Handler
                0x00000000080053c4        0x6 ./Core/Src/stm32f4xx_it.o
                0x00000000080053c4                UsageFault_Handler
 .text.DebugMon_Handler
                0x00000000080053ca        0xe ./Core/Src/stm32f4xx_it.o
                0x00000000080053ca                DebugMon_Handler
 .text.EXTI0_IRQHandler
                0x00000000080053d8        0xe ./Core/Src/stm32f4xx_it.o
                0x00000000080053d8                EXTI0_IRQHandler
 *fill*         0x00000000080053e6        0x2 
 .text.DMA1_Stream5_IRQHandler
                0x00000000080053e8       0x14 ./Core/Src/stm32f4xx_it.o
                0x00000000080053e8                DMA1_Stream5_IRQHandler
 .text.TIM6_DAC_IRQHandler
                0x00000000080053fc       0x14 ./Core/Src/stm32f4xx_it.o
                0x00000000080053fc                TIM6_DAC_IRQHandler
 .text.DMA2_Stream0_IRQHandler
                0x0000000008005410       0x14 ./Core/Src/stm32f4xx_it.o
                0x0000000008005410                DMA2_Stream0_IRQHandler
 .text._getpid  0x0000000008005424       0x10 ./Core/Src/syscalls.o
                0x0000000008005424                _getpid
 .text._kill    0x0000000008005434       0x20 ./Core/Src/syscalls.o
                0x0000000008005434                _kill
 .text._exit    0x0000000008005454       0x14 ./Core/Src/syscalls.o
                0x0000000008005454                _exit
 .text._read    0x0000000008005468       0x3a ./Core/Src/syscalls.o
                0x0000000008005468                _read
 .text._write   0x00000000080054a2       0x38 ./Core/Src/syscalls.o
                0x00000000080054a2                _write
 .text._close   0x00000000080054da       0x18 ./Core/Src/syscalls.o
                0x00000000080054da                _close
 .text._fstat   0x00000000080054f2       0x20 ./Core/Src/syscalls.o
                0x00000000080054f2                _fstat
 .text._isatty  0x0000000008005512       0x16 ./Core/Src/syscalls.o
                0x0000000008005512                _isatty
 .text._lseek   0x0000000008005528       0x1a ./Core/Src/syscalls.o
                0x0000000008005528                _lseek
 *fill*         0x0000000008005542        0x2 
 .text._sbrk    0x0000000008005544       0x6c ./Core/Src/sysmem.o
                0x0000000008005544                _sbrk
 .text.SystemInit
                0x00000000080055b0       0x2c ./Core/Src/system_stm32f4xx.o
                0x00000000080055b0                SystemInit
 .text.USER_initialize
                0x00000000080055dc       0x60 ./Core/Src/user_diskio.o
                0x00000000080055dc                USER_initialize
 .text.USER_status
                0x000000000800563c       0x18 ./Core/Src/user_diskio.o
                0x000000000800563c                USER_status
 .text.USER_read
                0x0000000008005654       0x32 ./Core/Src/user_diskio.o
                0x0000000008005654                USER_read
 .text.USER_write
                0x0000000008005686       0x32 ./Core/Src/user_diskio.o
                0x0000000008005686                USER_write
 .text.USER_ioctl
                0x00000000080056b8       0x1e ./Core/Src/user_diskio.o
                0x00000000080056b8                USER_ioctl
 *fill*         0x00000000080056d6        0x2 
 .text.AUDIO_OUT_TransferComplete_CallBack
                0x00000000080056d8       0x28 ./Core/Src/waveplayer.o
                0x00000000080056d8                AUDIO_OUT_TransferComplete_CallBack
 .text.Reset_Handler
                0x0000000008005700       0x50 ./Core/Startup/startup_stm32f407vgtx.o
                0x0000000008005700                Reset_Handler
 .text.Default_Handler
                0x0000000008005750        0x2 ./Core/Startup/startup_stm32f407vgtx.o
                0x0000000008005750                RTC_Alarm_IRQHandler
                0x0000000008005750                HASH_RNG_IRQHandler
                0x0000000008005750                EXTI2_IRQHandler
                0x0000000008005750                TIM8_CC_IRQHandler
                0x0000000008005750                TIM1_CC_IRQHandler
                0x0000000008005750                DMA2_Stream5_IRQHandler
                0x0000000008005750                PVD_IRQHandler
                0x0000000008005750                SDIO_IRQHandler
                0x0000000008005750                TAMP_STAMP_IRQHandler
                0x0000000008005750                CAN2_RX1_IRQHandler
                0x0000000008005750                EXTI3_IRQHandler
                0x0000000008005750                TIM8_TRG_COM_TIM14_IRQHandler
                0x0000000008005750                TIM1_UP_TIM10_IRQHandler
                0x0000000008005750                TIM8_UP_TIM13_IRQHandler
                0x0000000008005750                I2C3_ER_IRQHandler
                0x0000000008005750                I2C2_EV_IRQHandler
                0x0000000008005750                DMA1_Stream2_IRQHandler
                0x0000000008005750                CAN1_RX0_IRQHandler
                0x0000000008005750                FPU_IRQHandler
                0x0000000008005750                OTG_HS_WKUP_IRQHandler
                0x0000000008005750                CAN2_SCE_IRQHandler
                0x0000000008005750                DMA2_Stream2_IRQHandler
                0x0000000008005750                SPI1_IRQHandler
                0x0000000008005750                TIM1_BRK_TIM9_IRQHandler
                0x0000000008005750                DCMI_IRQHandler
                0x0000000008005750                CAN2_RX0_IRQHandler
                0x0000000008005750                DMA2_Stream3_IRQHandler
                0x0000000008005750                USART6_IRQHandler
                0x0000000008005750                USART3_IRQHandler
                0x0000000008005750                CAN1_RX1_IRQHandler
                0x0000000008005750                UART5_IRQHandler
                0x0000000008005750                TIM4_IRQHandler
                0x0000000008005750                I2C1_EV_IRQHandler
                0x0000000008005750                DMA1_Stream6_IRQHandler
                0x0000000008005750                DMA1_Stream1_IRQHandler
                0x0000000008005750                UART4_IRQHandler
                0x0000000008005750                TIM3_IRQHandler
                0x0000000008005750                RCC_IRQHandler
                0x0000000008005750                TIM8_BRK_TIM12_IRQHandler
                0x0000000008005750                Default_Handler
                0x0000000008005750                EXTI15_10_IRQHandler
                0x0000000008005750                ADC_IRQHandler
                0x0000000008005750                DMA1_Stream7_IRQHandler
                0x0000000008005750                TIM7_IRQHandler
                0x0000000008005750                CAN2_TX_IRQHandler
                0x0000000008005750                TIM5_IRQHandler
                0x0000000008005750                DMA2_Stream7_IRQHandler
                0x0000000008005750                I2C3_EV_IRQHandler
                0x0000000008005750                EXTI9_5_IRQHandler
                0x0000000008005750                RTC_WKUP_IRQHandler
                0x0000000008005750                ETH_WKUP_IRQHandler
                0x0000000008005750                SPI2_IRQHandler
                0x0000000008005750                OTG_HS_EP1_IN_IRQHandler
                0x0000000008005750                DMA1_Stream0_IRQHandler
                0x0000000008005750                CAN1_TX_IRQHandler
                0x0000000008005750                EXTI4_IRQHandler
                0x0000000008005750                FSMC_IRQHandler
                0x0000000008005750                ETH_IRQHandler
                0x0000000008005750                OTG_HS_EP1_OUT_IRQHandler
                0x0000000008005750                WWDG_IRQHandler
                0x0000000008005750                TIM2_IRQHandler
                0x0000000008005750                OTG_FS_WKUP_IRQHandler
                0x0000000008005750                TIM1_TRG_COM_TIM11_IRQHandler
                0x0000000008005750                OTG_HS_IRQHandler
                0x0000000008005750                EXTI1_IRQHandler
                0x0000000008005750                USART2_IRQHandler
                0x0000000008005750                I2C2_ER_IRQHandler
                0x0000000008005750                DMA2_Stream1_IRQHandler
                0x0000000008005750                CAN1_SCE_IRQHandler
                0x0000000008005750                FLASH_IRQHandler
                0x0000000008005750                DMA2_Stream4_IRQHandler
                0x0000000008005750                USART1_IRQHandler
                0x0000000008005750                OTG_FS_IRQHandler
                0x0000000008005750                SPI3_IRQHandler
                0x0000000008005750                DMA1_Stream4_IRQHandler
                0x0000000008005750                I2C1_ER_IRQHandler
                0x0000000008005750                DMA2_Stream6_IRQHandler
                0x0000000008005750                DMA1_Stream3_IRQHandler
 *fill*         0x0000000008005752        0x2 
 .text.HAL_Init
                0x0000000008005754       0x44 ./Drivers/STM32F4xx_HAL_Driver/Src/stm32f4xx_hal.o
                0x0000000008005754                HAL_Init
 .text.HAL_IncTick
                0x0000000008005798       0x28 ./Drivers/STM32F4xx_HAL_Driver/Src/stm32f4xx_hal.o
                0x0000000008005798                HAL_IncTick
 .text.HAL_GetTick
                0x00000000080057c0       0x18 ./Drivers/STM32F4xx_HAL_Driver/Src/stm32f4xx_hal.o
                0x00000000080057c0                HAL_GetTick
 .text.HAL_Delay
                0x00000000080057d8       0x48 ./Drivers/STM32F4xx_HAL_Driver/Src/stm32f4xx_hal.o
                0x00000000080057d8                HAL_Delay
 .text.HAL_ADC_Init
                0x0000000008005820       0x86 ./Drivers/STM32F4xx_HAL_Driver/Src/stm32f4xx_hal_adc.o
                0x0000000008005820                HAL_ADC_Init
 *fill*         0x00000000080058a6        0x2 
 .text.HAL_ADC_ConfigChannel
                0x00000000080058a8      0x244 ./Drivers/STM32F4xx_HAL_Driver/Src/stm32f4xx_hal_adc.o
                0x00000000080058a8                HAL_ADC_ConfigChannel
 .text.ADC_Init
                0x0000000008005aec      0x1f8 ./Drivers/STM32F4xx_HAL_Driver/Src/stm32f4xx_hal_adc.o
 .text.__NVIC_SetPriorityGrouping
                0x0000000008005ce4       0x48 ./Drivers/STM32F4xx_HAL_Driver/Src/stm32f4xx_hal_cortex.o
 .text.__NVIC_GetPriorityGrouping
                0x0000000008005d2c       0x1c ./Drivers/STM32F4xx_HAL_Driver/Src/stm32f4xx_hal_cortex.o
 .text.__NVIC_EnableIRQ
                0x0000000008005d48       0x3c ./Drivers/STM32F4xx_HAL_Driver/Src/stm32f4xx_hal_cortex.o
 .text.__NVIC_SetPriority
                0x0000000008005d84       0x54 ./Drivers/STM32F4xx_HAL_Driver/Src/stm32f4xx_hal_cortex.o
 .text.NVIC_EncodePriority
                0x0000000008005dd8       0x66 ./Drivers/STM32F4xx_HAL_Driver/Src/stm32f4xx_hal_cortex.o
 .text.HAL_NVIC_SetPriorityGrouping
                0x0000000008005e3e       0x16 ./Drivers/STM32F4xx_HAL_Driver/Src/stm32f4xx_hal_cortex.o
                0x0000000008005e3e                HAL_NVIC_SetPriorityGrouping
 .text.HAL_NVIC_SetPriority
                0x0000000008005e54       0x38 ./Drivers/STM32F4xx_HAL_Driver/Src/stm32f4xx_hal_cortex.o
                0x0000000008005e54                HAL_NVIC_SetPriority
 .text.HAL_NVIC_EnableIRQ
                0x0000000008005e8c       0x1c ./Drivers/STM32F4xx_HAL_Driver/Src/stm32f4xx_hal_cortex.o
                0x0000000008005e8c                HAL_NVIC_EnableIRQ
 .text.HAL_DMA_Init
                0x0000000008005ea8      0x15c ./Drivers/STM32F4xx_HAL_Driver/Src/stm32f4xx_hal_dma.o
                0x0000000008005ea8                HAL_DMA_Init
 .text.HAL_DMA_IRQHandler
                0x0000000008006004      0x314 ./Drivers/STM32F4xx_HAL_Driver/Src/stm32f4xx_hal_dma.o
                0x0000000008006004                HAL_DMA_IRQHandler
 .text.DMA_CalcBaseAndBitshift
                0x0000000008006318       0x6c ./Drivers/STM32F4xx_HAL_Driver/Src/stm32f4xx_hal_dma.o
 .text.DMA_CheckFifoParam
                0x0000000008006384       0xf8 ./Drivers/STM32F4xx_HAL_Driver/Src/stm32f4xx_hal_dma.o
 .text.HAL_GPIO_Init
                0x000000000800647c      0x338 ./Drivers/STM32F4xx_HAL_Driver/Src/stm32f4xx_hal_gpio.o
                0x000000000800647c                HAL_GPIO_Init
 .text.HAL_GPIO_DeInit
                0x00000000080067b4      0x1f8 ./Drivers/STM32F4xx_HAL_Driver/Src/stm32f4xx_hal_gpio.o
                0x00000000080067b4                HAL_GPIO_DeInit
 .text.HAL_GPIO_WritePin
                0x00000000080069ac       0x32 ./Drivers/STM32F4xx_HAL_Driver/Src/stm32f4xx_hal_gpio.o
                0x00000000080069ac                HAL_GPIO_WritePin
 .text.HAL_GPIO_TogglePin
                0x00000000080069de       0x34 ./Drivers/STM32F4xx_HAL_Driver/Src/stm32f4xx_hal_gpio.o
                0x00000000080069de                HAL_GPIO_TogglePin
 *fill*         0x0000000008006a12        0x2 
 .text.HAL_GPIO_EXTI_IRQHandler
                0x0000000008006a14       0x30 ./Drivers/STM32F4xx_HAL_Driver/Src/stm32f4xx_hal_gpio.o
                0x0000000008006a14                HAL_GPIO_EXTI_IRQHandler
 .text.HAL_I2C_Init
                0x0000000008006a44      0x288 ./Drivers/STM32F4xx_HAL_Driver/Src/stm32f4xx_hal_i2c.o
                0x0000000008006a44                HAL_I2C_Init
 .text.HAL_I2S_Init
                0x0000000008006ccc      0x280 ./Drivers/STM32F4xx_HAL_Driver/Src/stm32f4xx_hal_i2s.o
                0x0000000008006ccc                HAL_I2S_Init
 .text.HAL_I2S_RxCpltCallback
                0x0000000008006f4c       0x14 ./Drivers/STM32F4xx_HAL_Driver/Src/stm32f4xx_hal_i2s.o
                0x0000000008006f4c                HAL_I2S_RxCpltCallback
 .text.I2S_Transmit_IT
                0x0000000008006f60       0x5c ./Drivers/STM32F4xx_HAL_Driver/Src/stm32f4xx_hal_i2s.o
 .text.I2S_Receive_IT
                0x0000000008006fbc       0x5e ./Drivers/STM32F4xx_HAL_Driver/Src/stm32f4xx_hal_i2s.o
 .text.I2S_IRQHandler
                0x000000000800701a      0x114 ./Drivers/STM32F4xx_HAL_Driver/Src/stm32f4xx_hal_i2s.o
 *fill*         0x000000000800712e        0x2 
 .text.HAL_I2SEx_FullDuplex_IRQHandler
                0x0000000008007130      0x2a8 ./Drivers/STM32F4xx_HAL_Driver/Src/stm32f4xx_hal_i2s_ex.o
                0x0000000008007130                HAL_I2SEx_FullDuplex_IRQHandler
 .text.HAL_I2SEx_TxRxCpltCallback
                0x00000000080073d8       0x14 ./Drivers/STM32F4xx_HAL_Driver/Src/stm32f4xx_hal_i2s_ex.o
                0x00000000080073d8                HAL_I2SEx_TxRxCpltCallback
 .text.I2SEx_TxISR_I2S
                0x00000000080073ec       0x62 ./Drivers/STM32F4xx_HAL_Driver/Src/stm32f4xx_hal_i2s_ex.o
 *fill*         0x000000000800744e        0x2 
 .text.I2SEx_TxISR_I2SExt
                0x0000000008007450       0x98 ./Drivers/STM32F4xx_HAL_Driver/Src/stm32f4xx_hal_i2s_ex.o
 .text.I2SEx_RxISR_I2S
                0x00000000080074e8       0x64 ./Drivers/STM32F4xx_HAL_Driver/Src/stm32f4xx_hal_i2s_ex.o
 .text.I2SEx_RxISR_I2SExt
                0x000000000800754c       0x98 ./Drivers/STM32F4xx_HAL_Driver/Src/stm32f4xx_hal_i2s_ex.o
 .text.HAL_RCC_OscConfig
                0x00000000080075e4      0x4f0 ./Drivers/STM32F4xx_HAL_Driver/Src/stm32f4xx_hal_rcc.o
                0x00000000080075e4                HAL_RCC_OscConfig
 .text.HAL_RCC_ClockConfig
                0x0000000008007ad4      0x1cc ./Drivers/STM32F4xx_HAL_Driver/Src/stm32f4xx_hal_rcc.o
                0x0000000008007ad4                HAL_RCC_ClockConfig
 .text.HAL_RCC_GetSysClockFreq
                0x0000000008007ca0      0x20c ./Drivers/STM32F4xx_HAL_Driver/Src/stm32f4xx_hal_rcc.o
                0x0000000008007ca0                HAL_RCC_GetSysClockFreq
 .text.HAL_RCC_GetHCLKFreq
                0x0000000008007eac       0x18 ./Drivers/STM32F4xx_HAL_Driver/Src/stm32f4xx_hal_rcc.o
                0x0000000008007eac                HAL_RCC_GetHCLKFreq
 .text.HAL_RCC_GetPCLK1Freq
                0x0000000008007ec4       0x28 ./Drivers/STM32F4xx_HAL_Driver/Src/stm32f4xx_hal_rcc.o
                0x0000000008007ec4                HAL_RCC_GetPCLK1Freq
 .text.HAL_RCC_GetPCLK2Freq
                0x0000000008007eec       0x28 ./Drivers/STM32F4xx_HAL_Driver/Src/stm32f4xx_hal_rcc.o
                0x0000000008007eec                HAL_RCC_GetPCLK2Freq
 .text.HAL_RCC_GetClockConfig
                0x0000000008007f14       0x64 ./Drivers/STM32F4xx_HAL_Driver/Src/stm32f4xx_hal_rcc.o
                0x0000000008007f14                HAL_RCC_GetClockConfig
 .text.HAL_RCCEx_PeriphCLKConfig
                0x0000000008007f78      0x1c4 ./Drivers/STM32F4xx_HAL_Driver/Src/stm32f4xx_hal_rcc_ex.o
                0x0000000008007f78                HAL_RCCEx_PeriphCLKConfig
 .text.HAL_RCCEx_GetPeriphCLKFreq
                0x000000000800813c       0xbc ./Drivers/STM32F4xx_HAL_Driver/Src/stm32f4xx_hal_rcc_ex.o
                0x000000000800813c                HAL_RCCEx_GetPeriphCLKFreq
 .text.HAL_SPI_Init
                0x00000000080081f8      0x112 ./Drivers/STM32F4xx_HAL_Driver/Src/stm32f4xx_hal_spi.o
                0x00000000080081f8                HAL_SPI_Init
 .text.HAL_SPI_DeInit
                0x000000000800830a       0x50 ./Drivers/STM32F4xx_HAL_Driver/Src/stm32f4xx_hal_spi.o
                0x000000000800830a                HAL_SPI_DeInit
 .text.HAL_SPI_Transmit
                0x000000000800835a      0x278 ./Drivers/STM32F4xx_HAL_Driver/Src/stm32f4xx_hal_spi.o
                0x000000000800835a                HAL_SPI_Transmit
 .text.HAL_SPI_Receive
                0x00000000080085d2      0x222 ./Drivers/STM32F4xx_HAL_Driver/Src/stm32f4xx_hal_spi.o
                0x00000000080085d2                HAL_SPI_Receive
 .text.HAL_SPI_TransmitReceive
                0x00000000080087f4      0x344 ./Drivers/STM32F4xx_HAL_Driver/Src/stm32f4xx_hal_spi.o
                0x00000000080087f4                HAL_SPI_TransmitReceive
 .text.SPI_WaitFlagStateUntilTimeout
                0x0000000008008b38      0x110 ./Drivers/STM32F4xx_HAL_Driver/Src/stm32f4xx_hal_spi.o
 .text.SPI_EndRxTransaction
                0x0000000008008c48       0xca ./Drivers/STM32F4xx_HAL_Driver/Src/stm32f4xx_hal_spi.o
 *fill*         0x0000000008008d12        0x2 
 .text.SPI_EndRxTxTransaction
                0x0000000008008d14       0x84 ./Drivers/STM32F4xx_HAL_Driver/Src/stm32f4xx_hal_spi.o
 .text.HAL_TIM_Base_Init
                0x0000000008008d98       0x9e ./Drivers/STM32F4xx_HAL_Driver/Src/stm32f4xx_hal_tim.o
                0x0000000008008d98                HAL_TIM_Base_Init
 .text.HAL_TIM_Base_MspInit
                0x0000000008008e36       0x14 ./Drivers/STM32F4xx_HAL_Driver/Src/stm32f4xx_hal_tim.o
                0x0000000008008e36                HAL_TIM_Base_MspInit
 *fill*         0x0000000008008e4a        0x2 
 .text.HAL_TIM_Base_Start_IT
                0x0000000008008e4c       0xe0 ./Drivers/STM32F4xx_HAL_Driver/Src/stm32f4xx_hal_tim.o
                0x0000000008008e4c                HAL_TIM_Base_Start_IT
 .text.HAL_TIM_IRQHandler
                0x0000000008008f2c      0x210 ./Drivers/STM32F4xx_HAL_Driver/Src/stm32f4xx_hal_tim.o
                0x0000000008008f2c                HAL_TIM_IRQHandler
 .text.HAL_TIM_OC_DelayElapsedCallback
                0x000000000800913c       0x14 ./Drivers/STM32F4xx_HAL_Driver/Src/stm32f4xx_hal_tim.o
                0x000000000800913c                HAL_TIM_OC_DelayElapsedCallback
 .text.HAL_TIM_IC_CaptureCallback
                0x0000000008009150       0x14 ./Drivers/STM32F4xx_HAL_Driver/Src/stm32f4xx_hal_tim.o
                0x0000000008009150                HAL_TIM_IC_CaptureCallback
 .text.HAL_TIM_PWM_PulseFinishedCallback
                0x0000000008009164       0x14 ./Drivers/STM32F4xx_HAL_Driver/Src/stm32f4xx_hal_tim.o
                0x0000000008009164                HAL_TIM_PWM_PulseFinishedCallback
 .text.HAL_TIM_TriggerCallback
                0x0000000008009178       0x14 ./Drivers/STM32F4xx_HAL_Driver/Src/stm32f4xx_hal_tim.o
                0x0000000008009178                HAL_TIM_TriggerCallback
 .text.TIM_Base_SetConfig
                0x000000000800918c      0x140 ./Drivers/STM32F4xx_HAL_Driver/Src/stm32f4xx_hal_tim.o
                0x000000000800918c                TIM_Base_SetConfig
 .text.HAL_TIMEx_CommutCallback
                0x00000000080092cc       0x14 ./Drivers/STM32F4xx_HAL_Driver/Src/stm32f4xx_hal_tim_ex.o
                0x00000000080092cc                HAL_TIMEx_CommutCallback
 .text.HAL_TIMEx_BreakCallback
                0x00000000080092e0       0x14 ./Drivers/STM32F4xx_HAL_Driver/Src/stm32f4xx_hal_tim_ex.o
                0x00000000080092e0                HAL_TIMEx_BreakCallback
 .text.HAL_UART_Init
                0x00000000080092f4       0x9a ./Drivers/STM32F4xx_HAL_Driver/Src/stm32f4xx_hal_uart.o
                0x00000000080092f4                HAL_UART_Init
 .text.HAL_UART_Transmit
                0x000000000800938e      0x124 ./Drivers/STM32F4xx_HAL_Driver/Src/stm32f4xx_hal_uart.o
                0x000000000800938e                HAL_UART_Transmit
 .text.UART_WaitOnFlagUntilTimeout
                0x00000000080094b2       0xdc ./Drivers/STM32F4xx_HAL_Driver/Src/stm32f4xx_hal_uart.o
 *fill*         0x000000000800958e        0x2 
 .text.UART_SetConfig
                0x0000000008009590      0x4e8 ./Drivers/STM32F4xx_HAL_Driver/Src/stm32f4xx_hal_uart.o
 .text.pvPortMalloc
                0x0000000008009a78      0x188 ./FreeRTOS/MemMang/heap_4.o
                0x0000000008009a78                pvPortMalloc
 .text.vPortFree
                0x0000000008009c00       0xb4 ./FreeRTOS/MemMang/heap_4.o
                0x0000000008009c00                vPortFree
 .text.prvHeapInit
                0x0000000008009cb4       0xc4 ./FreeRTOS/MemMang/heap_4.o
 .text.prvInsertBlockIntoFreeList
                0x0000000008009d78       0xb4 ./FreeRTOS/MemMang/heap_4.o
 .text.vListInitialise
                0x0000000008009e2c       0x40 ./FreeRTOS/list.o
                0x0000000008009e2c                vListInitialise
 .text.vListInitialiseItem
                0x0000000008009e6c       0x1a ./FreeRTOS/list.o
                0x0000000008009e6c                vListInitialiseItem
 .text.vListInsertEnd
                0x0000000008009e86       0x48 ./FreeRTOS/list.o
                0x0000000008009e86                vListInsertEnd
 .text.vListInsert
                0x0000000008009ece       0x72 ./FreeRTOS/list.o
                0x0000000008009ece                vListInsert
 .text.uxListRemove
                0x0000000008009f40       0x54 ./FreeRTOS/list.o
                0x0000000008009f40                uxListRemove
 .text.xQueueGenericReset
                0x0000000008009f94       0xd0 ./FreeRTOS/queue.o
                0x0000000008009f94                xQueueGenericReset
 .text.xQueueGenericCreate
                0x000000000800a064       0xbe ./FreeRTOS/queue.o
                0x000000000800a064                xQueueGenericCreate
 .text.prvInitialiseNewQueue
                0x000000000800a122       0x46 ./FreeRTOS/queue.o
 .text.xQueueGenericSend
                0x000000000800a168      0x1fc ./FreeRTOS/queue.o
                0x000000000800a168                xQueueGenericSend
 .text.xQueueGenericSendFromISR
                0x000000000800a364      0x154 ./FreeRTOS/queue.o
                0x000000000800a364                xQueueGenericSendFromISR
 .text.xQueueGiveFromISR
                0x000000000800a4b8      0x138 ./FreeRTOS/queue.o
                0x000000000800a4b8                xQueueGiveFromISR
 .text.xQueueReceive
                0x000000000800a5f0      0x1c0 ./FreeRTOS/queue.o
                0x000000000800a5f0                xQueueReceive
 .text.xQueueSemaphoreTake
                0x000000000800a7b0      0x218 ./FreeRTOS/queue.o
                0x000000000800a7b0                xQueueSemaphoreTake
 .text.prvGetDisinheritPriorityAfterTimeout
                0x000000000800a9c8       0x30 ./FreeRTOS/queue.o
 .text.prvCopyDataToQueue
                0x000000000800a9f8       0xd4 ./FreeRTOS/queue.o
 .text.prvCopyDataFromQueue
                0x000000000800aacc       0x4c ./FreeRTOS/queue.o
 .text.prvUnlockQueue
                0x000000000800ab18       0xa4 ./FreeRTOS/queue.o
 .text.prvIsQueueEmpty
                0x000000000800abbc       0x2c ./FreeRTOS/queue.o
 .text.prvIsQueueFull
                0x000000000800abe8       0x30 ./FreeRTOS/queue.o
 .text.vQueueAddToRegistry
                0x000000000800ac18       0x54 ./FreeRTOS/queue.o
                0x000000000800ac18                vQueueAddToRegistry
 .text.vQueueWaitForMessageRestricted
                0x000000000800ac6c       0x68 ./FreeRTOS/queue.o
                0x000000000800ac6c                vQueueWaitForMessageRestricted
 .text.xTaskCreate
                0x000000000800acd4       0x82 ./FreeRTOS/tasks.o
                0x000000000800acd4                xTaskCreate
 .text.prvInitialiseNewTask
                0x000000000800ad56      0x11e ./FreeRTOS/tasks.o
 .text.prvAddNewTaskToReadyList
                0x000000000800ae74       0xdc ./FreeRTOS/tasks.o
 .text.vTaskDelay
                0x000000000800af50       0x68 ./FreeRTOS/tasks.o
                0x000000000800af50                vTaskDelay
 .text.vTaskStartScheduler
                0x000000000800afb8       0x9c ./FreeRTOS/tasks.o
                0x000000000800afb8                vTaskStartScheduler
 .text.vTaskSuspendAll
                0x000000000800b054       0x1c ./FreeRTOS/tasks.o
                0x000000000800b054                vTaskSuspendAll
 .text.xTaskResumeAll
                0x000000000800b070      0x138 ./FreeRTOS/tasks.o
                0x000000000800b070                xTaskResumeAll
 .text.xTaskGetTickCount
                0x000000000800b1a8       0x20 ./FreeRTOS/tasks.o
                0x000000000800b1a8                xTaskGetTickCount
 .text.xTaskIncrementTick
                0x000000000800b1c8      0x170 ./FreeRTOS/tasks.o
                0x000000000800b1c8                xTaskIncrementTick
 .text.vTaskSwitchContext
                0x000000000800b338       0xb8 ./FreeRTOS/tasks.o
                0x000000000800b338                vTaskSwitchContext
 .text.vTaskPlaceOnEventList
                0x000000000800b3f0       0x48 ./FreeRTOS/tasks.o
                0x000000000800b3f0                vTaskPlaceOnEventList
 .text.vTaskPlaceOnEventListRestricted
                0x000000000800b438       0x58 ./FreeRTOS/tasks.o
                0x000000000800b438                vTaskPlaceOnEventListRestricted
 .text.xTaskRemoveFromEventList
                0x000000000800b490       0xc4 ./FreeRTOS/tasks.o
                0x000000000800b490                xTaskRemoveFromEventList
 .text.vTaskInternalSetTimeOutState
                0x000000000800b554       0x2c ./FreeRTOS/tasks.o
                0x000000000800b554                vTaskInternalSetTimeOutState
 .text.xTaskCheckForTimeOut
                0x000000000800b580       0xc4 ./FreeRTOS/tasks.o
                0x000000000800b580                xTaskCheckForTimeOut
 .text.vTaskMissedYield
                0x000000000800b644       0x18 ./FreeRTOS/tasks.o
                0x000000000800b644                vTaskMissedYield
 .text.prvIdleTask
                0x000000000800b65c       0x30 ./FreeRTOS/tasks.o
 .text.prvInitialiseTaskLists
                0x000000000800b68c       0x80 ./FreeRTOS/tasks.o
 .text.prvCheckTasksWaitingTermination
                0x000000000800b70c       0x5c ./FreeRTOS/tasks.o
 .text.prvDeleteTCB
                0x000000000800b768       0x20 ./FreeRTOS/tasks.o
 .text.prvResetNextTaskUnblockTime
                0x000000000800b788       0x40 ./FreeRTOS/tasks.o
 .text.xTaskGetSchedulerState
                0x000000000800b7c8       0x3c ./FreeRTOS/tasks.o
                0x000000000800b7c8                xTaskGetSchedulerState
 .text.xTaskPriorityInherit
                0x000000000800b804      0x100 ./FreeRTOS/tasks.o
                0x000000000800b804                xTaskPriorityInherit
 .text.xTaskPriorityDisinherit
                0x000000000800b904      0x10c ./FreeRTOS/tasks.o
                0x000000000800b904                xTaskPriorityDisinherit
 .text.vTaskPriorityDisinheritAfterTimeout
                0x000000000800ba10      0x134 ./FreeRTOS/tasks.o
                0x000000000800ba10                vTaskPriorityDisinheritAfterTimeout
 .text.pvTaskIncrementMutexHeldCount
                0x000000000800bb44       0x28 ./FreeRTOS/tasks.o
                0x000000000800bb44                pvTaskIncrementMutexHeldCount
 .text.prvAddCurrentTaskToDelayedList
                0x000000000800bb6c       0xcc ./FreeRTOS/tasks.o
 .text.xTimerCreateTimerTask
                0x000000000800bc38       0x64 ./FreeRTOS/timers.o
                0x000000000800bc38                xTimerCreateTimerTask
 .text.xTimerGenericCommand
                0x000000000800bc9c       0x9c ./FreeRTOS/timers.o
                0x000000000800bc9c                xTimerGenericCommand
 .text.prvProcessExpiredTimer
                0x000000000800bd38       0x98 ./FreeRTOS/timers.o
 .text.prvTimerTask
                0x000000000800bdd0       0x24 ./FreeRTOS/timers.o
 .text.prvProcessTimerOrBlockTask
                0x000000000800bdf4       0x9c ./FreeRTOS/timers.o
 .text.prvGetNextExpireTime
                0x000000000800be90       0x48 ./FreeRTOS/timers.o
 .text.prvSampleTimeNow
                0x000000000800bed8       0x40 ./FreeRTOS/timers.o
 .text.prvInsertTimerInActiveList
                0x000000000800bf18       0x84 ./FreeRTOS/timers.o
 .text.prvProcessReceivedCommands
                0x000000000800bf9c      0x18c ./FreeRTOS/timers.o
 .text.prvSwitchTimerLists
                0x000000000800c128       0xc8 ./FreeRTOS/timers.o
 .text.prvCheckForValidListAndQueue
                0x000000000800c1f0       0x6c ./FreeRTOS/timers.o
 .text.pxPortInitialiseStack
                0x000000000800c25c       0x68 ./FreeRTOS/portable/ARM_CM4F/port.o
                0x000000000800c25c                pxPortInitialiseStack
 .text.prvTaskExitError
                0x000000000800c2c4       0x58 ./FreeRTOS/portable/ARM_CM4F/port.o
 *fill*         0x000000000800c31c        0x4 
 .text.SVC_Handler
                0x000000000800c320       0x28 ./FreeRTOS/portable/ARM_CM4F/port.o
                0x000000000800c320                SVC_Handler
 .text.prvPortStartFirstTask
                0x000000000800c348       0x28 ./FreeRTOS/portable/ARM_CM4F/port.o
 .text.xPortStartScheduler
                0x000000000800c370      0x144 ./FreeRTOS/portable/ARM_CM4F/port.o
                0x000000000800c370                xPortStartScheduler
 .text.vPortEnterCritical
                0x000000000800c4b4       0x60 ./FreeRTOS/portable/ARM_CM4F/port.o
                0x000000000800c4b4                vPortEnterCritical
 .text.vPortExitCritical
                0x000000000800c514       0x54 ./FreeRTOS/portable/ARM_CM4F/port.o
                0x000000000800c514                vPortExitCritical
 *fill*         0x000000000800c568        0x8 
 .text.PendSV_Handler
                0x000000000800c570       0x68 ./FreeRTOS/portable/ARM_CM4F/port.o
                0x000000000800c570                PendSV_Handler
 .text.SysTick_Handler
                0x000000000800c5d8       0x44 ./FreeRTOS/portable/ARM_CM4F/port.o
                0x000000000800c5d8                SysTick_Handler
 .text.vPortSetupTimerInterrupt
                0x000000000800c61c       0x48 ./FreeRTOS/portable/ARM_CM4F/port.o
                0x000000000800c61c                vPortSetupTimerInterrupt
 .text.vPortEnableVFP
                0x000000000800c664       0x14 ./FreeRTOS/portable/ARM_CM4F/port.o
 .text.vPortValidateInterruptPriority
                0x000000000800c678       0x80 ./FreeRTOS/portable/ARM_CM4F/port.o
                0x000000000800c678                vPortValidateInterruptPriority
 .text.__errno  0x000000000800c6f8        0xc c:/st/stm32cubeide_1.11.0/stm32cubeide/plugins/com.st.stm32cube.ide.mcu.externaltools.gnu-tools-for-stm32.10.3-2021.10.win32_1.0.100.202210260954/tools/bin/../lib/gcc/arm-none-eabi/10.3.1/../../../../arm-none-eabi/lib/thumb/v7e-m+fp/hard\libc_nano.a(lib_a-errno.o)
                0x000000000800c6f8                __errno
 .text.__libc_init_array
                0x000000000800c704       0x48 c:/st/stm32cubeide_1.11.0/stm32cubeide/plugins/com.st.stm32cube.ide.mcu.externaltools.gnu-tools-for-stm32.10.3-2021.10.win32_1.0.100.202210260954/tools/bin/../lib/gcc/arm-none-eabi/10.3.1/../../../../arm-none-eabi/lib/thumb/v7e-m+fp/hard\libc_nano.a(lib_a-init.o)
                0x000000000800c704                __libc_init_array
 .text.memcmp   0x000000000800c74c       0x20 c:/st/stm32cubeide_1.11.0/stm32cubeide/plugins/com.st.stm32cube.ide.mcu.externaltools.gnu-tools-for-stm32.10.3-2021.10.win32_1.0.100.202210260954/tools/bin/../lib/gcc/arm-none-eabi/10.3.1/../../../../arm-none-eabi/lib/thumb/v7e-m+fp/hard\libc_nano.a(lib_a-memcmp.o)
                0x000000000800c74c                memcmp
 .text.memcpy   0x000000000800c76c       0x1c c:/st/stm32cubeide_1.11.0/stm32cubeide/plugins/com.st.stm32cube.ide.mcu.externaltools.gnu-tools-for-stm32.10.3-2021.10.win32_1.0.100.202210260954/tools/bin/../lib/gcc/arm-none-eabi/10.3.1/../../../../arm-none-eabi/lib/thumb/v7e-m+fp/hard\libc_nano.a(lib_a-memcpy-stub.o)
                0x000000000800c76c                memcpy
 .text.memset   0x000000000800c788       0x10 c:/st/stm32cubeide_1.11.0/stm32cubeide/plugins/com.st.stm32cube.ide.mcu.externaltools.gnu-tools-for-stm32.10.3-2021.10.win32_1.0.100.202210260954/tools/bin/../lib/gcc/arm-none-eabi/10.3.1/../../../../arm-none-eabi/lib/thumb/v7e-m+fp/hard\libc_nano.a(lib_a-memset.o)
                0x000000000800c788                memset
 .text.__cvt    0x000000000800c798       0xc4 c:/st/stm32cubeide_1.11.0/stm32cubeide/plugins/com.st.stm32cube.ide.mcu.externaltools.gnu-tools-for-stm32.10.3-2021.10.win32_1.0.100.202210260954/tools/bin/../lib/gcc/arm-none-eabi/10.3.1/../../../../arm-none-eabi/lib/thumb/v7e-m+fp/hard\libc_nano.a(lib_a-nano-vfprintf_float.o)
                0x000000000800c798                __cvt
 .text.__exponent
                0x000000000800c85c       0x7c c:/st/stm32cubeide_1.11.0/stm32cubeide/plugins/com.st.stm32cube.ide.mcu.externaltools.gnu-tools-for-stm32.10.3-2021.10.win32_1.0.100.202210260954/tools/bin/../lib/gcc/arm-none-eabi/10.3.1/../../../../arm-none-eabi/lib/thumb/v7e-m+fp/hard\libc_nano.a(lib_a-nano-vfprintf_float.o)
                0x000000000800c85c                __exponent
 .text._printf_float
                0x000000000800c8d8      0x46c c:/st/stm32cubeide_1.11.0/stm32cubeide/plugins/com.st.stm32cube.ide.mcu.externaltools.gnu-tools-for-stm32.10.3-2021.10.win32_1.0.100.202210260954/tools/bin/../lib/gcc/arm-none-eabi/10.3.1/../../../../arm-none-eabi/lib/thumb/v7e-m+fp/hard\libc_nano.a(lib_a-nano-vfprintf_float.o)
                0x000000000800c8d8                _printf_float
 .text._printf_common
                0x000000000800cd44       0xda c:/st/stm32cubeide_1.11.0/stm32cubeide/plugins/com.st.stm32cube.ide.mcu.externaltools.gnu-tools-for-stm32.10.3-2021.10.win32_1.0.100.202210260954/tools/bin/../lib/gcc/arm-none-eabi/10.3.1/../../../../arm-none-eabi/lib/thumb/v7e-m+fp/hard\libc_nano.a(lib_a-nano-vfprintf_i.o)
                0x000000000800cd44                _printf_common
 *fill*         0x000000000800ce1e        0x2 
 .text._printf_i
                0x000000000800ce20      0x24c c:/st/stm32cubeide_1.11.0/stm32cubeide/plugins/com.st.stm32cube.ide.mcu.externaltools.gnu-tools-for-stm32.10.3-2021.10.win32_1.0.100.202210260954/tools/bin/../lib/gcc/arm-none-eabi/10.3.1/../../../../arm-none-eabi/lib/thumb/v7e-m+fp/hard\libc_nano.a(lib_a-nano-vfprintf_i.o)
                0x000000000800ce20                _printf_i
 .text._scanf_float
                0x000000000800d06c      0x420 c:/st/stm32cubeide_1.11.0/stm32cubeide/plugins/com.st.stm32cube.ide.mcu.externaltools.gnu-tools-for-stm32.10.3-2021.10.win32_1.0.100.202210260954/tools/bin/../lib/gcc/arm-none-eabi/10.3.1/../../../../arm-none-eabi/lib/thumb/v7e-m+fp/hard\libc_nano.a(lib_a-nano-vfscanf_float.o)
                0x000000000800d06c                _scanf_float
 .text.printf   0x000000000800d48c       0x30 c:/st/stm32cubeide_1.11.0/stm32cubeide/plugins/com.st.stm32cube.ide.mcu.externaltools.gnu-tools-for-stm32.10.3-2021.10.win32_1.0.100.202210260954/tools/bin/../lib/gcc/arm-none-eabi/10.3.1/../../../../arm-none-eabi/lib/thumb/v7e-m+fp/hard\libc_nano.a(lib_a-printf.o)
                0x000000000800d48c                iprintf
                0x000000000800d48c                printf
 .text._puts_r  0x000000000800d4bc       0xdc c:/st/stm32cubeide_1.11.0/stm32cubeide/plugins/com.st.stm32cube.ide.mcu.externaltools.gnu-tools-for-stm32.10.3-2021.10.win32_1.0.100.202210260954/tools/bin/../lib/gcc/arm-none-eabi/10.3.1/../../../../arm-none-eabi/lib/thumb/v7e-m+fp/hard\libc_nano.a(lib_a-puts.o)
                0x000000000800d4bc                _puts_r
 .text.puts     0x000000000800d598       0x10 c:/st/stm32cubeide_1.11.0/stm32cubeide/plugins/com.st.stm32cube.ide.mcu.externaltools.gnu-tools-for-stm32.10.3-2021.10.win32_1.0.100.202210260954/tools/bin/../lib/gcc/arm-none-eabi/10.3.1/../../../../arm-none-eabi/lib/thumb/v7e-m+fp/hard\libc_nano.a(lib_a-puts.o)
                0x000000000800d598                puts
 .text.nanf     0x000000000800d5a8        0xc c:/st/stm32cubeide_1.11.0/stm32cubeide/plugins/com.st.stm32cube.ide.mcu.externaltools.gnu-tools-for-stm32.10.3-2021.10.win32_1.0.100.202210260954/tools/bin/../lib/gcc/arm-none-eabi/10.3.1/../../../../arm-none-eabi/lib/thumb/v7e-m+fp/hard\libc_nano.a(lib_a-sf_nan.o)
                0x000000000800d5a8                nanf
 .text.sprintf  0x000000000800d5b4       0x40 c:/st/stm32cubeide_1.11.0/stm32cubeide/plugins/com.st.stm32cube.ide.mcu.externaltools.gnu-tools-for-stm32.10.3-2021.10.win32_1.0.100.202210260954/tools/bin/../lib/gcc/arm-none-eabi/10.3.1/../../../../arm-none-eabi/lib/thumb/v7e-m+fp/hard\libc_nano.a(lib_a-sprintf.o)
                0x000000000800d5b4                siprintf
                0x000000000800d5b4                sprintf
 .text.sulp     0x000000000800d5f4       0x38 c:/st/stm32cubeide_1.11.0/stm32cubeide/plugins/com.st.stm32cube.ide.mcu.externaltools.gnu-tools-for-stm32.10.3-2021.10.win32_1.0.100.202210260954/tools/bin/../lib/gcc/arm-none-eabi/10.3.1/../../../../arm-none-eabi/lib/thumb/v7e-m+fp/hard\libc_nano.a(lib_a-strtod.o)
 *fill*         0x000000000800d62c        0x4 
 .text._strtod_l
                0x000000000800d630      0xc0c c:/st/stm32cubeide_1.11.0/stm32cubeide/plugins/com.st.stm32cube.ide.mcu.externaltools.gnu-tools-for-stm32.10.3-2021.10.win32_1.0.100.202210260954/tools/bin/../lib/gcc/arm-none-eabi/10.3.1/../../../../arm-none-eabi/lib/thumb/v7e-m+fp/hard\libc_nano.a(lib_a-strtod.o)
                0x000000000800d630                _strtod_l
 .text._strtod_r
                0x000000000800e23c        0xc c:/st/stm32cubeide_1.11.0/stm32cubeide/plugins/com.st.stm32cube.ide.mcu.externaltools.gnu-tools-for-stm32.10.3-2021.10.win32_1.0.100.202210260954/tools/bin/../lib/gcc/arm-none-eabi/10.3.1/../../../../arm-none-eabi/lib/thumb/v7e-m+fp/hard\libc_nano.a(lib_a-strtod.o)
                0x000000000800e23c                _strtod_r
 .text._strtol_l.constprop.0
                0x000000000800e248      0x104 c:/st/stm32cubeide_1.11.0/stm32cubeide/plugins/com.st.stm32cube.ide.mcu.externaltools.gnu-tools-for-stm32.10.3-2021.10.win32_1.0.100.202210260954/tools/bin/../lib/gcc/arm-none-eabi/10.3.1/../../../../arm-none-eabi/lib/thumb/v7e-m+fp/hard\libc_nano.a(lib_a-strtol.o)
 .text._strtol_r
                0x000000000800e34c        0x4 c:/st/stm32cubeide_1.11.0/stm32cubeide/plugins/com.st.stm32cube.ide.mcu.externaltools.gnu-tools-for-stm32.10.3-2021.10.win32_1.0.100.202210260954/tools/bin/../lib/gcc/arm-none-eabi/10.3.1/../../../../arm-none-eabi/lib/thumb/v7e-m+fp/hard\libc_nano.a(lib_a-strtol.o)
                0x000000000800e34c                _strtol_r
 .text.__swbuf_r
                0x000000000800e350       0xa4 c:/st/stm32cubeide_1.11.0/stm32cubeide/plugins/com.st.stm32cube.ide.mcu.externaltools.gnu-tools-for-stm32.10.3-2021.10.win32_1.0.100.202210260954/tools/bin/../lib/gcc/arm-none-eabi/10.3.1/../../../../arm-none-eabi/lib/thumb/v7e-m+fp/hard\libc_nano.a(lib_a-wbuf.o)
                0x000000000800e350                __swbuf_r
 .text.__swsetup_r
                0x000000000800e3f4       0xdc c:/st/stm32cubeide_1.11.0/stm32cubeide/plugins/com.st.stm32cube.ide.mcu.externaltools.gnu-tools-for-stm32.10.3-2021.10.win32_1.0.100.202210260954/tools/bin/../lib/gcc/arm-none-eabi/10.3.1/../../../../arm-none-eabi/lib/thumb/v7e-m+fp/hard\libc_nano.a(lib_a-wsetup.o)
                0x000000000800e3f4                __swsetup_r
 .text.quorem   0x000000000800e4d0      0x116 c:/st/stm32cubeide_1.11.0/stm32cubeide/plugins/com.st.stm32cube.ide.mcu.externaltools.gnu-tools-for-stm32.10.3-2021.10.win32_1.0.100.202210260954/tools/bin/../lib/gcc/arm-none-eabi/10.3.1/../../../../arm-none-eabi/lib/thumb/v7e-m+fp/hard\libc_nano.a(lib_a-dtoa.o)
 *fill*         0x000000000800e5e6        0x2 
 .text._dtoa_r  0x000000000800e5e8      0xbdc c:/st/stm32cubeide_1.11.0/stm32cubeide/plugins/com.st.stm32cube.ide.mcu.externaltools.gnu-tools-for-stm32.10.3-2021.10.win32_1.0.100.202210260954/tools/bin/../lib/gcc/arm-none-eabi/10.3.1/../../../../arm-none-eabi/lib/thumb/v7e-m+fp/hard\libc_nano.a(lib_a-dtoa.o)
                0x000000000800e5e8                _dtoa_r
 .text.__sflush_r
                0x000000000800f1c4      0x10c c:/st/stm32cubeide_1.11.0/stm32cubeide/plugins/com.st.stm32cube.ide.mcu.externaltools.gnu-tools-for-stm32.10.3-2021.10.win32_1.0.100.202210260954/tools/bin/../lib/gcc/arm-none-eabi/10.3.1/../../../../arm-none-eabi/lib/thumb/v7e-m+fp/hard\libc_nano.a(lib_a-fflush.o)
                0x000000000800f1c4                __sflush_r
 .text._fflush_r
                0x000000000800f2d0       0x78 c:/st/stm32cubeide_1.11.0/stm32cubeide/plugins/com.st.stm32cube.ide.mcu.externaltools.gnu-tools-for-stm32.10.3-2021.10.win32_1.0.100.202210260954/tools/bin/../lib/gcc/arm-none-eabi/10.3.1/../../../../arm-none-eabi/lib/thumb/v7e-m+fp/hard\libc_nano.a(lib_a-fflush.o)
                0x000000000800f2d0                _fflush_r
 .text.std      0x000000000800f348       0x48 c:/st/stm32cubeide_1.11.0/stm32cubeide/plugins/com.st.stm32cube.ide.mcu.externaltools.gnu-tools-for-stm32.10.3-2021.10.win32_1.0.100.202210260954/tools/bin/../lib/gcc/arm-none-eabi/10.3.1/../../../../arm-none-eabi/lib/thumb/v7e-m+fp/hard\libc_nano.a(lib_a-findfp.o)
 .text._cleanup_r
                0x000000000800f390        0xc c:/st/stm32cubeide_1.11.0/stm32cubeide/plugins/com.st.stm32cube.ide.mcu.externaltools.gnu-tools-for-stm32.10.3-2021.10.win32_1.0.100.202210260954/tools/bin/../lib/gcc/arm-none-eabi/10.3.1/../../../../arm-none-eabi/lib/thumb/v7e-m+fp/hard\libc_nano.a(lib_a-findfp.o)
                0x000000000800f390                _cleanup_r
 .text.__sfmoreglue
                0x000000000800f39c       0x2c c:/st/stm32cubeide_1.11.0/stm32cubeide/plugins/com.st.stm32cube.ide.mcu.externaltools.gnu-tools-for-stm32.10.3-2021.10.win32_1.0.100.202210260954/tools/bin/../lib/gcc/arm-none-eabi/10.3.1/../../../../arm-none-eabi/lib/thumb/v7e-m+fp/hard\libc_nano.a(lib_a-findfp.o)
                0x000000000800f39c                __sfmoreglue
 .text.__sfp_lock_acquire
                0x000000000800f3c8        0xc c:/st/stm32cubeide_1.11.0/stm32cubeide/plugins/com.st.stm32cube.ide.mcu.externaltools.gnu-tools-for-stm32.10.3-2021.10.win32_1.0.100.202210260954/tools/bin/../lib/gcc/arm-none-eabi/10.3.1/../../../../arm-none-eabi/lib/thumb/v7e-m+fp/hard\libc_nano.a(lib_a-findfp.o)
                0x000000000800f3c8                __sfp_lock_acquire
 .text.__sfp_lock_release
                0x000000000800f3d4        0xc c:/st/stm32cubeide_1.11.0/stm32cubeide/plugins/com.st.stm32cube.ide.mcu.externaltools.gnu-tools-for-stm32.10.3-2021.10.win32_1.0.100.202210260954/tools/bin/../lib/gcc/arm-none-eabi/10.3.1/../../../../arm-none-eabi/lib/thumb/v7e-m+fp/hard\libc_nano.a(lib_a-findfp.o)
                0x000000000800f3d4                __sfp_lock_release
 .text.__sinit_lock_acquire
                0x000000000800f3e0        0xc c:/st/stm32cubeide_1.11.0/stm32cubeide/plugins/com.st.stm32cube.ide.mcu.externaltools.gnu-tools-for-stm32.10.3-2021.10.win32_1.0.100.202210260954/tools/bin/../lib/gcc/arm-none-eabi/10.3.1/../../../../arm-none-eabi/lib/thumb/v7e-m+fp/hard\libc_nano.a(lib_a-findfp.o)
                0x000000000800f3e0                __sinit_lock_acquire
 .text.__sinit_lock_release
                0x000000000800f3ec        0xc c:/st/stm32cubeide_1.11.0/stm32cubeide/plugins/com.st.stm32cube.ide.mcu.externaltools.gnu-tools-for-stm32.10.3-2021.10.win32_1.0.100.202210260954/tools/bin/../lib/gcc/arm-none-eabi/10.3.1/../../../../arm-none-eabi/lib/thumb/v7e-m+fp/hard\libc_nano.a(lib_a-findfp.o)
                0x000000000800f3ec                __sinit_lock_release
 .text.__sinit  0x000000000800f3f8       0x70 c:/st/stm32cubeide_1.11.0/stm32cubeide/plugins/com.st.stm32cube.ide.mcu.externaltools.gnu-tools-for-stm32.10.3-2021.10.win32_1.0.100.202210260954/tools/bin/../lib/gcc/arm-none-eabi/10.3.1/../../../../arm-none-eabi/lib/thumb/v7e-m+fp/hard\libc_nano.a(lib_a-findfp.o)
                0x000000000800f3f8                __sinit
 .text.__sfp    0x000000000800f468       0x8c c:/st/stm32cubeide_1.11.0/stm32cubeide/plugins/com.st.stm32cube.ide.mcu.externaltools.gnu-tools-for-stm32.10.3-2021.10.win32_1.0.100.202210260954/tools/bin/../lib/gcc/arm-none-eabi/10.3.1/../../../../arm-none-eabi/lib/thumb/v7e-m+fp/hard\libc_nano.a(lib_a-findfp.o)
                0x000000000800f468                __sfp
 .text._fwalk_reent
                0x000000000800f4f4       0x3e c:/st/stm32cubeide_1.11.0/stm32cubeide/plugins/com.st.stm32cube.ide.mcu.externaltools.gnu-tools-for-stm32.10.3-2021.10.win32_1.0.100.202210260954/tools/bin/../lib/gcc/arm-none-eabi/10.3.1/../../../../arm-none-eabi/lib/thumb/v7e-m+fp/hard\libc_nano.a(lib_a-fwalk.o)
                0x000000000800f4f4                _fwalk_reent
 .text.rshift   0x000000000800f532       0xa4 c:/st/stm32cubeide_1.11.0/stm32cubeide/plugins/com.st.stm32cube.ide.mcu.externaltools.gnu-tools-for-stm32.10.3-2021.10.win32_1.0.100.202210260954/tools/bin/../lib/gcc/arm-none-eabi/10.3.1/../../../../arm-none-eabi/lib/thumb/v7e-m+fp/hard\libc_nano.a(lib_a-gdtoa-gethex.o)
 .text.__hexdig_fun
                0x000000000800f5d6       0x2a c:/st/stm32cubeide_1.11.0/stm32cubeide/plugins/com.st.stm32cube.ide.mcu.externaltools.gnu-tools-for-stm32.10.3-2021.10.win32_1.0.100.202210260954/tools/bin/../lib/gcc/arm-none-eabi/10.3.1/../../../../arm-none-eabi/lib/thumb/v7e-m+fp/hard\libc_nano.a(lib_a-gdtoa-gethex.o)
                0x000000000800f5d6                __hexdig_fun
 .text.__gethex
                0x000000000800f600      0x48c c:/st/stm32cubeide_1.11.0/stm32cubeide/plugins/com.st.stm32cube.ide.mcu.externaltools.gnu-tools-for-stm32.10.3-2021.10.win32_1.0.100.202210260954/tools/bin/../lib/gcc/arm-none-eabi/10.3.1/../../../../arm-none-eabi/lib/thumb/v7e-m+fp/hard\libc_nano.a(lib_a-gdtoa-gethex.o)
                0x000000000800f600                __gethex
 .text.L_shift  0x000000000800fa8c       0x24 c:/st/stm32cubeide_1.11.0/stm32cubeide/plugins/com.st.stm32cube.ide.mcu.externaltools.gnu-tools-for-stm32.10.3-2021.10.win32_1.0.100.202210260954/tools/bin/../lib/gcc/arm-none-eabi/10.3.1/../../../../arm-none-eabi/lib/thumb/v7e-m+fp/hard\libc_nano.a(lib_a-gdtoa-hexnan.o)
 .text.__match  0x000000000800fab0       0x28 c:/st/stm32cubeide_1.11.0/stm32cubeide/plugins/com.st.stm32cube.ide.mcu.externaltools.gnu-tools-for-stm32.10.3-2021.10.win32_1.0.100.202210260954/tools/bin/../lib/gcc/arm-none-eabi/10.3.1/../../../../arm-none-eabi/lib/thumb/v7e-m+fp/hard\libc_nano.a(lib_a-gdtoa-hexnan.o)
                0x000000000800fab0                __match
 .text.__hexnan
                0x000000000800fad8      0x138 c:/st/stm32cubeide_1.11.0/stm32cubeide/plugins/com.st.stm32cube.ide.mcu.externaltools.gnu-tools-for-stm32.10.3-2021.10.win32_1.0.100.202210260954/tools/bin/../lib/gcc/arm-none-eabi/10.3.1/../../../../arm-none-eabi/lib/thumb/v7e-m+fp/hard\libc_nano.a(lib_a-gdtoa-hexnan.o)
                0x000000000800fad8                __hexnan
 .text._localeconv_r
                0x000000000800fc10        0x8 c:/st/stm32cubeide_1.11.0/stm32cubeide/plugins/com.st.stm32cube.ide.mcu.externaltools.gnu-tools-for-stm32.10.3-2021.10.win32_1.0.100.202210260954/tools/bin/../lib/gcc/arm-none-eabi/10.3.1/../../../../arm-none-eabi/lib/thumb/v7e-m+fp/hard\libc_nano.a(lib_a-localeconv.o)
                0x000000000800fc10                _localeconv_r
 .text.__retarget_lock_init_recursive
                0x000000000800fc18        0x2 c:/st/stm32cubeide_1.11.0/stm32cubeide/plugins/com.st.stm32cube.ide.mcu.externaltools.gnu-tools-for-stm32.10.3-2021.10.win32_1.0.100.202210260954/tools/bin/../lib/gcc/arm-none-eabi/10.3.1/../../../../arm-none-eabi/lib/thumb/v7e-m+fp/hard\libc_nano.a(lib_a-lock.o)
                0x000000000800fc18                __retarget_lock_init_recursive
 .text.__retarget_lock_acquire_recursive
                0x000000000800fc1a        0x2 c:/st/stm32cubeide_1.11.0/stm32cubeide/plugins/com.st.stm32cube.ide.mcu.externaltools.gnu-tools-for-stm32.10.3-2021.10.win32_1.0.100.202210260954/tools/bin/../lib/gcc/arm-none-eabi/10.3.1/../../../../arm-none-eabi/lib/thumb/v7e-m+fp/hard\libc_nano.a(lib_a-lock.o)
                0x000000000800fc1a                __retarget_lock_acquire_recursive
 .text.__retarget_lock_release_recursive
                0x000000000800fc1c        0x2 c:/st/stm32cubeide_1.11.0/stm32cubeide/plugins/com.st.stm32cube.ide.mcu.externaltools.gnu-tools-for-stm32.10.3-2021.10.win32_1.0.100.202210260954/tools/bin/../lib/gcc/arm-none-eabi/10.3.1/../../../../arm-none-eabi/lib/thumb/v7e-m+fp/hard\libc_nano.a(lib_a-lock.o)
                0x000000000800fc1c                __retarget_lock_release_recursive
 .text.__swhatbuf_r
                0x000000000800fc1e       0x4a c:/st/stm32cubeide_1.11.0/stm32cubeide/plugins/com.st.stm32cube.ide.mcu.externaltools.gnu-tools-for-stm32.10.3-2021.10.win32_1.0.100.202210260954/tools/bin/../lib/gcc/arm-none-eabi/10.3.1/../../../../arm-none-eabi/lib/thumb/v7e-m+fp/hard\libc_nano.a(lib_a-makebuf.o)
                0x000000000800fc1e                __swhatbuf_r
 .text.__smakebuf_r
                0x000000000800fc68       0x80 c:/st/stm32cubeide_1.11.0/stm32cubeide/plugins/com.st.stm32cube.ide.mcu.externaltools.gnu-tools-for-stm32.10.3-2021.10.win32_1.0.100.202210260954/tools/bin/../lib/gcc/arm-none-eabi/10.3.1/../../../../arm-none-eabi/lib/thumb/v7e-m+fp/hard\libc_nano.a(lib_a-makebuf.o)
                0x000000000800fc68                __smakebuf_r
 .text.malloc   0x000000000800fce8       0x10 c:/st/stm32cubeide_1.11.0/stm32cubeide/plugins/com.st.stm32cube.ide.mcu.externaltools.gnu-tools-for-stm32.10.3-2021.10.win32_1.0.100.202210260954/tools/bin/../lib/gcc/arm-none-eabi/10.3.1/../../../../arm-none-eabi/lib/thumb/v7e-m+fp/hard\libc_nano.a(lib_a-malloc.o)
                0x000000000800fce8                malloc
 .text.__ascii_mbtowc
                0x000000000800fcf8       0x24 c:/st/stm32cubeide_1.11.0/stm32cubeide/plugins/com.st.stm32cube.ide.mcu.externaltools.gnu-tools-for-stm32.10.3-2021.10.win32_1.0.100.202210260954/tools/bin/../lib/gcc/arm-none-eabi/10.3.1/../../../../arm-none-eabi/lib/thumb/v7e-m+fp/hard\libc_nano.a(lib_a-mbtowc_r.o)
                0x000000000800fcf8                __ascii_mbtowc
 .text._Balloc  0x000000000800fd1c       0x80 c:/st/stm32cubeide_1.11.0/stm32cubeide/plugins/com.st.stm32cube.ide.mcu.externaltools.gnu-tools-for-stm32.10.3-2021.10.win32_1.0.100.202210260954/tools/bin/../lib/gcc/arm-none-eabi/10.3.1/../../../../arm-none-eabi/lib/thumb/v7e-m+fp/hard\libc_nano.a(lib_a-mprec.o)
                0x000000000800fd1c                _Balloc
 .text._Bfree   0x000000000800fd9c       0x44 c:/st/stm32cubeide_1.11.0/stm32cubeide/plugins/com.st.stm32cube.ide.mcu.externaltools.gnu-tools-for-stm32.10.3-2021.10.win32_1.0.100.202210260954/tools/bin/../lib/gcc/arm-none-eabi/10.3.1/../../../../arm-none-eabi/lib/thumb/v7e-m+fp/hard\libc_nano.a(lib_a-mprec.o)
                0x000000000800fd9c                _Bfree
 .text.__multadd
                0x000000000800fde0       0x8c c:/st/stm32cubeide_1.11.0/stm32cubeide/plugins/com.st.stm32cube.ide.mcu.externaltools.gnu-tools-for-stm32.10.3-2021.10.win32_1.0.100.202210260954/tools/bin/../lib/gcc/arm-none-eabi/10.3.1/../../../../arm-none-eabi/lib/thumb/v7e-m+fp/hard\libc_nano.a(lib_a-mprec.o)
                0x000000000800fde0                __multadd
 .text.__s2b    0x000000000800fe6c       0x94 c:/st/stm32cubeide_1.11.0/stm32cubeide/plugins/com.st.stm32cube.ide.mcu.externaltools.gnu-tools-for-stm32.10.3-2021.10.win32_1.0.100.202210260954/tools/bin/../lib/gcc/arm-none-eabi/10.3.1/../../../../arm-none-eabi/lib/thumb/v7e-m+fp/hard\libc_nano.a(lib_a-mprec.o)
                0x000000000800fe6c                __s2b
 .text.__hi0bits
                0x000000000800ff00       0x40 c:/st/stm32cubeide_1.11.0/stm32cubeide/plugins/com.st.stm32cube.ide.mcu.externaltools.gnu-tools-for-stm32.10.3-2021.10.win32_1.0.100.202210260954/tools/bin/../lib/gcc/arm-none-eabi/10.3.1/../../../../arm-none-eabi/lib/thumb/v7e-m+fp/hard\libc_nano.a(lib_a-mprec.o)
                0x000000000800ff00                __hi0bits
 .text.__lo0bits
                0x000000000800ff40       0x5e c:/st/stm32cubeide_1.11.0/stm32cubeide/plugins/com.st.stm32cube.ide.mcu.externaltools.gnu-tools-for-stm32.10.3-2021.10.win32_1.0.100.202210260954/tools/bin/../lib/gcc/arm-none-eabi/10.3.1/../../../../arm-none-eabi/lib/thumb/v7e-m+fp/hard\libc_nano.a(lib_a-mprec.o)
                0x000000000800ff40                __lo0bits
 *fill*         0x000000000800ff9e        0x2 
 .text.__i2b    0x000000000800ffa0       0x2c c:/st/stm32cubeide_1.11.0/stm32cubeide/plugins/com.st.stm32cube.ide.mcu.externaltools.gnu-tools-for-stm32.10.3-2021.10.win32_1.0.100.202210260954/tools/bin/../lib/gcc/arm-none-eabi/10.3.1/../../../../arm-none-eabi/lib/thumb/v7e-m+fp/hard\libc_nano.a(lib_a-mprec.o)
                0x000000000800ffa0                __i2b
 .text.__multiply
                0x000000000800ffcc      0x154 c:/st/stm32cubeide_1.11.0/stm32cubeide/plugins/com.st.stm32cube.ide.mcu.externaltools.gnu-tools-for-stm32.10.3-2021.10.win32_1.0.100.202210260954/tools/bin/../lib/gcc/arm-none-eabi/10.3.1/../../../../arm-none-eabi/lib/thumb/v7e-m+fp/hard\libc_nano.a(lib_a-mprec.o)
                0x000000000800ffcc                __multiply
 .text.__pow5mult
                0x0000000008010120       0xb4 c:/st/stm32cubeide_1.11.0/stm32cubeide/plugins/com.st.stm32cube.ide.mcu.externaltools.gnu-tools-for-stm32.10.3-2021.10.win32_1.0.100.202210260954/tools/bin/../lib/gcc/arm-none-eabi/10.3.1/../../../../arm-none-eabi/lib/thumb/v7e-m+fp/hard\libc_nano.a(lib_a-mprec.o)
                0x0000000008010120                __pow5mult
 .text.__lshift
                0x00000000080101d4       0xe0 c:/st/stm32cubeide_1.11.0/stm32cubeide/plugins/com.st.stm32cube.ide.mcu.externaltools.gnu-tools-for-stm32.10.3-2021.10.win32_1.0.100.202210260954/tools/bin/../lib/gcc/arm-none-eabi/10.3.1/../../../../arm-none-eabi/lib/thumb/v7e-m+fp/hard\libc_nano.a(lib_a-mprec.o)
                0x00000000080101d4                __lshift
 .text.__mcmp   0x00000000080102b4       0x38 c:/st/stm32cubeide_1.11.0/stm32cubeide/plugins/com.st.stm32cube.ide.mcu.externaltools.gnu-tools-for-stm32.10.3-2021.10.win32_1.0.100.202210260954/tools/bin/../lib/gcc/arm-none-eabi/10.3.1/../../../../arm-none-eabi/lib/thumb/v7e-m+fp/hard\libc_nano.a(lib_a-mprec.o)
                0x00000000080102b4                __mcmp
 .text.__mdiff  0x00000000080102ec      0x114 c:/st/stm32cubeide_1.11.0/stm32cubeide/plugins/com.st.stm32cube.ide.mcu.externaltools.gnu-tools-for-stm32.10.3-2021.10.win32_1.0.100.202210260954/tools/bin/../lib/gcc/arm-none-eabi/10.3.1/../../../../arm-none-eabi/lib/thumb/v7e-m+fp/hard\libc_nano.a(lib_a-mprec.o)
                0x00000000080102ec                __mdiff
 .text.__ulp    0x0000000008010400       0x58 c:/st/stm32cubeide_1.11.0/stm32cubeide/plugins/com.st.stm32cube.ide.mcu.externaltools.gnu-tools-for-stm32.10.3-2021.10.win32_1.0.100.202210260954/tools/bin/../lib/gcc/arm-none-eabi/10.3.1/../../../../arm-none-eabi/lib/thumb/v7e-m+fp/hard\libc_nano.a(lib_a-mprec.o)
                0x0000000008010400                __ulp
 .text.__b2d    0x0000000008010458       0xa0 c:/st/stm32cubeide_1.11.0/stm32cubeide/plugins/com.st.stm32cube.ide.mcu.externaltools.gnu-tools-for-stm32.10.3-2021.10.win32_1.0.100.202210260954/tools/bin/../lib/gcc/arm-none-eabi/10.3.1/../../../../arm-none-eabi/lib/thumb/v7e-m+fp/hard\libc_nano.a(lib_a-mprec.o)
                0x0000000008010458                __b2d
 .text.__d2b    0x00000000080104f8       0xb8 c:/st/stm32cubeide_1.11.0/stm32cubeide/plugins/com.st.stm32cube.ide.mcu.externaltools.gnu-tools-for-stm32.10.3-2021.10.win32_1.0.100.202210260954/tools/bin/../lib/gcc/arm-none-eabi/10.3.1/../../../../arm-none-eabi/lib/thumb/v7e-m+fp/hard\libc_nano.a(lib_a-mprec.o)
                0x00000000080104f8                __d2b
 .text.__ratio  0x00000000080105b0       0x66 c:/st/stm32cubeide_1.11.0/stm32cubeide/plugins/com.st.stm32cube.ide.mcu.externaltools.gnu-tools-for-stm32.10.3-2021.10.win32_1.0.100.202210260954/tools/bin/../lib/gcc/arm-none-eabi/10.3.1/../../../../arm-none-eabi/lib/thumb/v7e-m+fp/hard\libc_nano.a(lib_a-mprec.o)
                0x00000000080105b0                __ratio
 .text.__copybits
                0x0000000008010616       0x46 c:/st/stm32cubeide_1.11.0/stm32cubeide/plugins/com.st.stm32cube.ide.mcu.externaltools.gnu-tools-for-stm32.10.3-2021.10.win32_1.0.100.202210260954/tools/bin/../lib/gcc/arm-none-eabi/10.3.1/../../../../arm-none-eabi/lib/thumb/v7e-m+fp/hard\libc_nano.a(lib_a-mprec.o)
                0x0000000008010616                __copybits
 .text.__any_on
                0x000000000801065c       0x42 c:/st/stm32cubeide_1.11.0/stm32cubeide/plugins/com.st.stm32cube.ide.mcu.externaltools.gnu-tools-for-stm32.10.3-2021.10.win32_1.0.100.202210260954/tools/bin/../lib/gcc/arm-none-eabi/10.3.1/../../../../arm-none-eabi/lib/thumb/v7e-m+fp/hard\libc_nano.a(lib_a-mprec.o)
                0x000000000801065c                __any_on
 .text._calloc_r
                0x000000000801069e       0x2c c:/st/stm32cubeide_1.11.0/stm32cubeide/plugins/com.st.stm32cube.ide.mcu.externaltools.gnu-tools-for-stm32.10.3-2021.10.win32_1.0.100.202210260954/tools/bin/../lib/gcc/arm-none-eabi/10.3.1/../../../../arm-none-eabi/lib/thumb/v7e-m+fp/hard\libc_nano.a(lib_a-nano-callocr.o)
                0x000000000801069e                _calloc_r
 *fill*         0x00000000080106ca        0x2 
 .text._free_r  0x00000000080106cc       0x98 c:/st/stm32cubeide_1.11.0/stm32cubeide/plugins/com.st.stm32cube.ide.mcu.externaltools.gnu-tools-for-stm32.10.3-2021.10.win32_1.0.100.202210260954/tools/bin/../lib/gcc/arm-none-eabi/10.3.1/../../../../arm-none-eabi/lib/thumb/v7e-m+fp/hard\libc_nano.a(lib_a-nano-freer.o)
                0x00000000080106cc                _free_r
 .text.sbrk_aligned
                0x0000000008010764       0x40 c:/st/stm32cubeide_1.11.0/stm32cubeide/plugins/com.st.stm32cube.ide.mcu.externaltools.gnu-tools-for-stm32.10.3-2021.10.win32_1.0.100.202210260954/tools/bin/../lib/gcc/arm-none-eabi/10.3.1/../../../../arm-none-eabi/lib/thumb/v7e-m+fp/hard\libc_nano.a(lib_a-nano-mallocr.o)
 .text._malloc_r
                0x00000000080107a4       0xe8 c:/st/stm32cubeide_1.11.0/stm32cubeide/plugins/com.st.stm32cube.ide.mcu.externaltools.gnu-tools-for-stm32.10.3-2021.10.win32_1.0.100.202210260954/tools/bin/../lib/gcc/arm-none-eabi/10.3.1/../../../../arm-none-eabi/lib/thumb/v7e-m+fp/hard\libc_nano.a(lib_a-nano-mallocr.o)
                0x00000000080107a4                _malloc_r
 .text.__ssputs_r
                0x000000000801088c       0xb6 c:/st/stm32cubeide_1.11.0/stm32cubeide/plugins/com.st.stm32cube.ide.mcu.externaltools.gnu-tools-for-stm32.10.3-2021.10.win32_1.0.100.202210260954/tools/bin/../lib/gcc/arm-none-eabi/10.3.1/../../../../arm-none-eabi/lib/thumb/v7e-m+fp/hard\libc_nano.a(lib_a-nano-svfprintf.o)
                0x000000000801088c                __ssputs_r
 *fill*         0x0000000008010942        0x2 
 .text._svfprintf_r
                0x0000000008010944      0x200 c:/st/stm32cubeide_1.11.0/stm32cubeide/plugins/com.st.stm32cube.ide.mcu.externaltools.gnu-tools-for-stm32.10.3-2021.10.win32_1.0.100.202210260954/tools/bin/../lib/gcc/arm-none-eabi/10.3.1/../../../../arm-none-eabi/lib/thumb/v7e-m+fp/hard\libc_nano.a(lib_a-nano-svfprintf.o)
                0x0000000008010944                _svfiprintf_r
                0x0000000008010944                _svfprintf_r
 .text.__sfputc_r
                0x0000000008010b44       0x2e c:/st/stm32cubeide_1.11.0/stm32cubeide/plugins/com.st.stm32cube.ide.mcu.externaltools.gnu-tools-for-stm32.10.3-2021.10.win32_1.0.100.202210260954/tools/bin/../lib/gcc/arm-none-eabi/10.3.1/../../../../arm-none-eabi/lib/thumb/v7e-m+fp/hard\libc_nano.a(lib_a-nano-vfprintf.o)
 .text.__sfputs_r
                0x0000000008010b72       0x24 c:/st/stm32cubeide_1.11.0/stm32cubeide/plugins/com.st.stm32cube.ide.mcu.externaltools.gnu-tools-for-stm32.10.3-2021.10.win32_1.0.100.202210260954/tools/bin/../lib/gcc/arm-none-eabi/10.3.1/../../../../arm-none-eabi/lib/thumb/v7e-m+fp/hard\libc_nano.a(lib_a-nano-vfprintf.o)
                0x0000000008010b72                __sfputs_r
 *fill*         0x0000000008010b96        0x2 
 .text._vfprintf_r
                0x0000000008010b98      0x260 c:/st/stm32cubeide_1.11.0/stm32cubeide/plugins/com.st.stm32cube.ide.mcu.externaltools.gnu-tools-for-stm32.10.3-2021.10.win32_1.0.100.202210260954/tools/bin/../lib/gcc/arm-none-eabi/10.3.1/../../../../arm-none-eabi/lib/thumb/v7e-m+fp/hard\libc_nano.a(lib_a-nano-vfprintf.o)
                0x0000000008010b98                _vfprintf_r
                0x0000000008010b98                _vfiprintf_r
 .text.nan      0x0000000008010df8       0x10 c:/st/stm32cubeide_1.11.0/stm32cubeide/plugins/com.st.stm32cube.ide.mcu.externaltools.gnu-tools-for-stm32.10.3-2021.10.win32_1.0.100.202210260954/tools/bin/../lib/gcc/arm-none-eabi/10.3.1/../../../../arm-none-eabi/lib/thumb/v7e-m+fp/hard\libc_nano.a(lib_a-s_nan.o)
                0x0000000008010df8                nan
 .text._sbrk_r  0x0000000008010e08       0x20 c:/st/stm32cubeide_1.11.0/stm32cubeide/plugins/com.st.stm32cube.ide.mcu.externaltools.gnu-tools-for-stm32.10.3-2021.10.win32_1.0.100.202210260954/tools/bin/../lib/gcc/arm-none-eabi/10.3.1/../../../../arm-none-eabi/lib/thumb/v7e-m+fp/hard\libc_nano.a(lib_a-sbrkr.o)
                0x0000000008010e08                _sbrk_r
 .text.__sread  0x0000000008010e28       0x22 c:/st/stm32cubeide_1.11.0/stm32cubeide/plugins/com.st.stm32cube.ide.mcu.externaltools.gnu-tools-for-stm32.10.3-2021.10.win32_1.0.100.202210260954/tools/bin/../lib/gcc/arm-none-eabi/10.3.1/../../../../arm-none-eabi/lib/thumb/v7e-m+fp/hard\libc_nano.a(lib_a-stdio.o)
                0x0000000008010e28                __sread
 .text.__swrite
                0x0000000008010e4a       0x38 c:/st/stm32cubeide_1.11.0/stm32cubeide/plugins/com.st.stm32cube.ide.mcu.externaltools.gnu-tools-for-stm32.10.3-2021.10.win32_1.0.100.202210260954/tools/bin/../lib/gcc/arm-none-eabi/10.3.1/../../../../arm-none-eabi/lib/thumb/v7e-m+fp/hard\libc_nano.a(lib_a-stdio.o)
                0x0000000008010e4a                __swrite
 .text.__sseek  0x0000000008010e82       0x24 c:/st/stm32cubeide_1.11.0/stm32cubeide/plugins/com.st.stm32cube.ide.mcu.externaltools.gnu-tools-for-stm32.10.3-2021.10.win32_1.0.100.202210260954/tools/bin/../lib/gcc/arm-none-eabi/10.3.1/../../../../arm-none-eabi/lib/thumb/v7e-m+fp/hard\libc_nano.a(lib_a-stdio.o)
                0x0000000008010e82                __sseek
 .text.__sclose
                0x0000000008010ea6        0x8 c:/st/stm32cubeide_1.11.0/stm32cubeide/plugins/com.st.stm32cube.ide.mcu.externaltools.gnu-tools-for-stm32.10.3-2021.10.win32_1.0.100.202210260954/tools/bin/../lib/gcc/arm-none-eabi/10.3.1/../../../../arm-none-eabi/lib/thumb/v7e-m+fp/hard\libc_nano.a(lib_a-stdio.o)
                0x0000000008010ea6                __sclose
 .text.strncmp  0x0000000008010eae       0x28 c:/st/stm32cubeide_1.11.0/stm32cubeide/plugins/com.st.stm32cube.ide.mcu.externaltools.gnu-tools-for-stm32.10.3-2021.10.win32_1.0.100.202210260954/tools/bin/../lib/gcc/arm-none-eabi/10.3.1/../../../../arm-none-eabi/lib/thumb/v7e-m+fp/hard\libc_nano.a(lib_a-strncmp.o)
                0x0000000008010eae                strncmp
 .text.__ascii_wctomb
                0x0000000008010ed6       0x1a c:/st/stm32cubeide_1.11.0/stm32cubeide/plugins/com.st.stm32cube.ide.mcu.externaltools.gnu-tools-for-stm32.10.3-2021.10.win32_1.0.100.202210260954/tools/bin/../lib/gcc/arm-none-eabi/10.3.1/../../../../arm-none-eabi/lib/thumb/v7e-m+fp/hard\libc_nano.a(lib_a-wctomb_r.o)
                0x0000000008010ed6                __ascii_wctomb
 .text._write_r
                0x0000000008010ef0       0x24 c:/st/stm32cubeide_1.11.0/stm32cubeide/plugins/com.st.stm32cube.ide.mcu.externaltools.gnu-tools-for-stm32.10.3-2021.10.win32_1.0.100.202210260954/tools/bin/../lib/gcc/arm-none-eabi/10.3.1/../../../../arm-none-eabi/lib/thumb/v7e-m+fp/hard\libc_nano.a(lib_a-writer.o)
                0x0000000008010ef0                _write_r
 .text.__assert_func
                0x0000000008010f14       0x3c c:/st/stm32cubeide_1.11.0/stm32cubeide/plugins/com.st.stm32cube.ide.mcu.externaltools.gnu-tools-for-stm32.10.3-2021.10.win32_1.0.100.202210260954/tools/bin/../lib/gcc/arm-none-eabi/10.3.1/../../../../arm-none-eabi/lib/thumb/v7e-m+fp/hard\libc_nano.a(lib_a-assert.o)
                0x0000000008010f14                __assert_func
 .text._close_r
                0x0000000008010f50       0x20 c:/st/stm32cubeide_1.11.0/stm32cubeide/plugins/com.st.stm32cube.ide.mcu.externaltools.gnu-tools-for-stm32.10.3-2021.10.win32_1.0.100.202210260954/tools/bin/../lib/gcc/arm-none-eabi/10.3.1/../../../../arm-none-eabi/lib/thumb/v7e-m+fp/hard\libc_nano.a(lib_a-closer.o)
                0x0000000008010f50                _close_r
 .text.fprintf  0x0000000008010f70       0x24 c:/st/stm32cubeide_1.11.0/stm32cubeide/plugins/com.st.stm32cube.ide.mcu.externaltools.gnu-tools-for-stm32.10.3-2021.10.win32_1.0.100.202210260954/tools/bin/../lib/gcc/arm-none-eabi/10.3.1/../../../../arm-none-eabi/lib/thumb/v7e-m+fp/hard\libc_nano.a(lib_a-fprintf.o)
                0x0000000008010f70                fiprintf
                0x0000000008010f70                fprintf
 .text._fstat_r