Archive member included to satisfy reference by file (symbol)

c:/st/stm32cubeide_1.11.0/stm32cubeide/plugins/com.st.stm32cube.ide.mcu.externaltools.gnu-tools-for-stm32.10.3-2021.10.win32_1.0.100.202210260954/tools/bin/../lib/gcc/arm-none-eabi/10.3.1/../../../../arm-none-eabi/lib/thumb/v7e-m+fp/hard\libc_nano.a(lib_a-errno.o)
                              ./Core/Src/syscalls.o (__errno)
c:/st/stm32cubeide_1.11.0/stm32cubeide/plugins/com.st.stm32cube.ide.mcu.externaltools.gnu-tools-for-stm32.10.3-2021.10.win32_1.0.100.202210260954/tools/bin/../lib/gcc/arm-none-eabi/10.3.1/../../../../arm-none-eabi/lib/thumb/v7e-m+fp/hard\libc_nano.a(lib_a-exit.o)
                              c:/st/stm32cubeide_1.11.0/stm32cubeide/plugins/com.st.stm32cube.ide.mcu.externaltools.gnu-tools-for-stm32.10.3-2021.10.win32_1.0.100.202210260954/tools/bin/../lib/gcc/arm-none-eabi/10.3.1/../../../../arm-none-eabi/lib/thumb/v7e-m+fp/hard/crt0.o (exit)
c:/st/stm32cubeide_1.11.0/stm32cubeide/plugins/com.st.stm32cube.ide.mcu.externaltools.gnu-tools-for-stm32.10.3-2021.10.win32_1.0.100.202210260954/tools/bin/../lib/gcc/arm-none-eabi/10.3.1/../../../../arm-none-eabi/lib/thumb/v7e-m+fp/hard\libc_nano.a(lib_a-impure.o)
                              c:/st/stm32cubeide_1.11.0/stm32cubeide/plugins/com.st.stm32cube.ide.mcu.externaltools.gnu-tools-for-stm32.10.3-2021.10.win32_1.0.100.202210260954/tools/bin/../lib/gcc/arm-none-eabi/10.3.1/../../../../arm-none-eabi/lib/thumb/v7e-m+fp/hard\libc_nano.a(lib_a-exit.o) (_global_impure_ptr)
c:/st/stm32cubeide_1.11.0/stm32cubeide/plugins/com.st.stm32cube.ide.mcu.externaltools.gnu-tools-for-stm32.10.3-2021.10.win32_1.0.100.202210260954/tools/bin/../lib/gcc/arm-none-eabi/10.3.1/../../../../arm-none-eabi/lib/thumb/v7e-m+fp/hard\libc_nano.a(lib_a-init.o)
                              c:/st/stm32cubeide_1.11.0/stm32cubeide/plugins/com.st.stm32cube.ide.mcu.externaltools.gnu-tools-for-stm32.10.3-2021.10.win32_1.0.100.202210260954/tools/bin/../lib/gcc/arm-none-eabi/10.3.1/../../../../arm-none-eabi/lib/thumb/v7e-m+fp/hard/crt0.o (__libc_init_array)
c:/st/stm32cubeide_1.11.0/stm32cubeide/plugins/com.st.stm32cube.ide.mcu.externaltools.gnu-tools-for-stm32.10.3-2021.10.win32_1.0.100.202210260954/tools/bin/../lib/gcc/arm-none-eabi/10.3.1/../../../../arm-none-eabi/lib/thumb/v7e-m+fp/hard\libc_nano.a(lib_a-malloc.o)
                              ./Core/Src/main.o (malloc)
c:/st/stm32cubeide_1.11.0/stm32cubeide/plugins/com.st.stm32cube.ide.mcu.externaltools.gnu-tools-for-stm32.10.3-2021.10.win32_1.0.100.202210260954/tools/bin/../lib/gcc/arm-none-eabi/10.3.1/../../../../arm-none-eabi/lib/thumb/v7e-m+fp/hard\libc_nano.a(lib_a-memcmp.o)
                              ./Core/Src/fops.o (memcmp)
c:/st/stm32cubeide_1.11.0/stm32cubeide/plugins/com.st.stm32cube.ide.mcu.externaltools.gnu-tools-for-stm32.10.3-2021.10.win32_1.0.100.202210260954/tools/bin/../lib/gcc/arm-none-eabi/10.3.1/../../../../arm-none-eabi/lib/thumb/v7e-m+fp/hard\libc_nano.a(lib_a-memcpy-stub.o)
                              ./FreeRTOS/queue.o (memcpy)
c:/st/stm32cubeide_1.11.0/stm32cubeide/plugins/com.st.stm32cube.ide.mcu.externaltools.gnu-tools-for-stm32.10.3-2021.10.win32_1.0.100.202210260954/tools/bin/../lib/gcc/arm-none-eabi/10.3.1/../../../../arm-none-eabi/lib/thumb/v7e-m+fp/hard\libc_nano.a(lib_a-memset.o)
                              c:/st/stm32cubeide_1.11.0/stm32cubeide/plugins/com.st.stm32cube.ide.mcu.externaltools.gnu-tools-for-stm32.10.3-2021.10.win32_1.0.100.202210260954/tools/bin/../lib/gcc/arm-none-eabi/10.3.1/../../../../arm-none-eabi/lib/thumb/v7e-m+fp/hard/crt0.o (memset)
c:/st/stm32cubeide_1.11.0/stm32cubeide/plugins/com.st.stm32cube.ide.mcu.externaltools.gnu-tools-for-stm32.10.3-2021.10.win32_1.0.100.202210260954/tools/bin/../lib/gcc/arm-none-eabi/10.3.1/../../../../arm-none-eabi/lib/thumb/v7e-m+fp/hard\libc_nano.a(lib_a-nano-freer.o)
                              c:/st/stm32cubeide_1.11.0/stm32cubeide/plugins/com.st.stm32cube.ide.mcu.externaltools.gnu-tools-for-stm32.10.3-2021.10.win32_1.0.100.202210260954/tools/bin/../lib/gcc/arm-none-eabi/10.3.1/../../../../arm-none-eabi/lib/thumb/v7e-m+fp/hard\libc_nano.a(lib_a-malloc.o) (_free_r)
c:/st/stm32cubeide_1.11.0/stm32cubeide/plugins/com.st.stm32cube.ide.mcu.externaltools.gnu-tools-for-stm32.10.3-2021.10.win32_1.0.100.202210260954/tools/bin/../lib/gcc/arm-none-eabi/10.3.1/../../../../arm-none-eabi/lib/thumb/v7e-m+fp/hard\libc_nano.a(lib_a-nano-mallocr.o)
                              c:/st/stm32cubeide_1.11.0/stm32cubeide/plugins/com.st.stm32cube.ide.mcu.externaltools.gnu-tools-for-stm32.10.3-2021.10.win32_1.0.100.202210260954/tools/bin/../lib/gcc/arm-none-eabi/10.3.1/../../../../arm-none-eabi/lib/thumb/v7e-m+fp/hard\libc_nano.a(lib_a-malloc.o) (_malloc_r)
[...]
Memory Configuration

Name             Origin             Length             Attributes
CCMRAM           0x0000000010000000 0x0000000000010000 xrw
RAM              0x0000000020000000 0x0000000000020000 xrw
FLASH            0x0000000008000000 0x0000000000100000 xr
*default*        0x0000000000000000 0xffffffffffffffff

Linker script and memory map

LOAD c:/st/stm32cubeide_1.11.0/stm32cubeide/plugins/com.st.stm32cube.ide.mcu.externaltools.gnu-tools-for-stm32.10.3-2021.10.win32_1.0.100.202210260954/tools/bin/../lib/gcc/arm-none-eabi/10.3.1/thumb/v7e-m+fp/hard/crti.o
LOAD c:/st/stm32cubeide_1.11.0/stm32cubeide/plugins/com.st.stm32cube.ide.mcu.externaltools.gnu-tools-for-stm32.10.3-2021.10.win32_1.0.100.202210260954/tools/bin/../lib/gcc/arm-none-eabi/10.3.1/thumb/v7e-m+fp/hard/crtbegin.o
LOAD c:/st/stm32cubeide_1.11.0/stm32cubeide/plugins/com.st.stm32cube.ide.mcu.externaltools.gnu-tools-for-stm32.10.3-2021.10.win32_1.0.100.202210260954/tools/bin/../lib/gcc/arm-none-eabi/10.3.1/../../../../arm-none-eabi/lib/thumb/v7e-m+fp/hard/crt0.o
LOAD ./Core/Src/AUDIO.o
LOAD ./Core/Src/AUDIO_LINK.o
LOAD ./Core/Src/File_Handling.o
LOAD ./Core/Src/cs43l22.o
LOAD ./Core/Src/diskio.o
LOAD ./Core/Src/fatfs.o
LOAD ./Core/Src/ff.o
LOAD ./Core/Src/ff_gen_drv.o
LOAD ./Core/Src/fops.o
LOAD ./Core/Src/liquidcrystal_i2c.o
LOAD ./Core/Src/main.o
LOAD ./Core/Src/mmc_sd.o
LOAD ./Core/Src/rc522.o
LOAD ./Core/Src/stm32f4xx_hal_msp.o
LOAD ./Core/Src/stm32f4xx_hal_timebase_tim.o
LOAD ./Core/Src/stm32f4xx_it.o
LOAD ./Core/Src/syscalls.o
LOAD ./Core/Src/sysmem.o
LOAD ./Core/Src/system_stm32f4xx.o
LOAD ./Core/Src/user_diskio.o
LOAD ./Core/Src/waveplayer.o
LOAD ./Core/Startup/startup_stm32f407vgtx.o
LOAD ./Drivers/STM32F4xx_HAL_Driver/Src/stm32f4xx_hal.o
LOAD ./Drivers/STM32F4xx_HAL_Driver/Src/stm32f4xx_hal_adc.o
LOAD ./Drivers/STM32F4xx_HAL_Driver/Src/stm32f4xx_hal_adc_ex.o
LOAD ./Drivers/STM32F4xx_HAL_Driver/Src/stm32f4xx_hal_cortex.o
LOAD ./Drivers/STM32F4xx_HAL_Driver/Src/stm32f4xx_hal_dma.o
LOAD ./Drivers/STM32F4xx_HAL_Driver/Src/stm32f4xx_hal_dma_ex.o
LOAD ./Drivers/STM32F4xx_HAL_Driver/Src/stm32f4xx_hal_exti.o
LOAD ./Drivers/STM32F4xx_HAL_Driver/Src/stm32f4xx_hal_flash.o
LOAD ./Drivers/STM32F4xx_HAL_Driver/Src/stm32f4xx_hal_flash_ex.o
LOAD ./Drivers/STM32F4xx_HAL_Driver/Src/stm32f4xx_hal_flash_ramfunc.o
LOAD ./Drivers/STM32F4xx_HAL_Driver/Src/stm32f4xx_hal_gpio.o
LOAD ./Drivers/STM32F4xx_HAL_Driver/Src/stm32f4xx_hal_i2c.o
LOAD ./Drivers/STM32F4xx_HAL_Driver/Src/stm32f4xx_hal_i2c_ex.o
LOAD ./Drivers/STM32F4xx_HAL_Driver/Src/stm32f4xx_hal_i2s.o
LOAD ./Drivers/STM32F4xx_HAL_Driver/Src/stm32f4xx_hal_i2s_ex.o
LOAD ./Drivers/STM32F4xx_HAL_Driver/Src/stm32f4xx_hal_pwr.o
LOAD ./Drivers/STM32F4xx_HAL_Driver/Src/stm32f4xx_hal_pwr_ex.o
LOAD ./Drivers/STM32F4xx_HAL_Driver/Src/stm32f4xx_hal_rcc.o
LOAD ./Drivers/STM32F4xx_HAL_Driver/Src/stm32f4xx_hal_rcc_ex.o
LOAD ./Drivers/STM32F4xx_HAL_Driver/Src/stm32f4xx_hal_spi.o
LOAD ./Drivers/STM32F4xx_HAL_Driver/Src/stm32f4xx_hal_tim.o
LOAD ./Drivers/STM32F4xx_HAL_Driver/Src/stm32f4xx_hal_tim_ex.o
LOAD ./Drivers/STM32F4xx_HAL_Driver/Src/stm32f4xx_hal_uart.o
LOAD ./Drivers/STM32F4xx_HAL_Driver/Src/stm32f4xx_ll_adc.o
LOAD ./FreeRTOS/MemMang/heap_4.o
LOAD ./FreeRTOS/croutine.o
LOAD ./FreeRTOS/event_groups.o
LOAD ./FreeRTOS/list.o
LOAD ./FreeRTOS/queue.o
LOAD ./FreeRTOS/stream_buffer.o
LOAD ./FreeRTOS/tasks.o
LOAD ./FreeRTOS/timers.o
LOAD ./FreeRTOS/portable/ARM_CM4F/port.o
START GROUP
LOAD c:/st/stm32cubeide_1.11.0/stm32cubeide/plugins/com.st.stm32cube.ide.mcu.externaltools.gnu-tools-for-stm32.10.3-2021.10.win32_1.0.100.202210260954/tools/bin/../lib/gcc/arm-none-eabi/10.3.1/../../../../arm-none-eabi/lib/thumb/v7e-m+fp/hard\libc_nano.a
LOAD c:/st/stm32cubeide_1.11.0/stm32cubeide/plugins/com.st.stm32cube.ide.mcu.externaltools.gnu-tools-for-stm32.10.3-2021.10.win32_1.0.100.202210260954/tools/bin/../lib/gcc/arm-none-eabi/10.3.1/../../../../arm-none-eabi/lib/thumb/v7e-m+fp/hard\libm.a
END GROUP
START GROUP
LOAD c:/st/stm32cubeide_1.11.0/stm32cubeide/plugins/com.st.stm32cube.ide.mcu.externaltools.gnu-tools-for-stm32.10.3-2021.10.win32_1.0.100.202210260954/tools/bin/../lib/gcc/arm-none-eabi/10.3.1/thumb/v7e-m+fp/hard\libgcc.a
LOAD c:/st/stm32cubeide_1.11.0/stm32cubeide/plugins/com.st.stm32cube.ide.mcu.externaltools.gnu-tools-for-stm32.10.3-2021.10.win32_1.0.100.202210260954/tools/bin/../lib/gcc/arm-none-eabi/10.3.1/../../../../arm-none-eabi/lib/thumb/v7e-m+fp/hard\libc_nano.a
END GROUP
START GROUP
LOAD c:/st/stm32cubeide_1.11.0/stm32cubeide/plugins/com.st.stm32cube.ide.mcu.externaltools.gnu-tools-for-stm32.10.3-2021.10.win32_1.0.100.202210260954/tools/bin/../lib/gcc/arm-none-eabi/10.3.1/thumb/v7e-m+fp/hard\libgcc.a
LOAD c:/st/stm32cubeide_1.11.0/stm32cubeide/plugins/com.st.stm32cube.ide.mcu.externaltools.gnu-tools-for-stm32.10.3-2021.10.win32_1.0.100.202210260954/tools/bin/../lib/gcc/arm-none-eabi/10.3.1/../../../../arm-none-eabi/lib/thumb/v7e-m+fp/hard\libc_nano.a
LOAD c:/st/stm32cubeide_1.11.0/stm32cubeide/plugins/com.st.stm32cube.ide.mcu.externaltools.gnu-tools-for-stm32.10.3-2021.10.win32_1.0.100.202210260954/tools/bin/../lib/gcc/arm-none-eabi/10.3.1/../../../../arm-none-eabi/lib/thumb/v7e-m+fp/hard\libnosys.a
END GROUP
START GROUP
LOAD c:/st/stm32cubeide_1.11.0/stm32cubeide/plugins/com.st.stm32cube.ide.mcu.externaltools.gnu-tools-for-stm32.10.3-2021.10.win32_1.0.100.202210260954/tools/bin/../lib/gcc/arm-none-eabi/10.3.1/thumb/v7e-m+fp/hard\libgcc.a
LOAD c:/st/stm32cubeide_1.11.0/stm32cubeide/plugins/com.st.stm32cube.ide.mcu.externaltools.gnu-tools-for-stm32.10.3-2021.10.win32_1.0.100.202210260954/tools/bin/../lib/gcc/arm-none-eabi/10.3.1/../../../../arm-none-eabi/lib/thumb/v7e-m+fp/hard\libc_nano.a
LOAD c:/st/stm32cubeide_1.11.0/stm32cubeide/plugins/com.st.stm32cube.ide.mcu.externaltools.gnu-tools-for-stm32.10.3-2021.10.win32_1.0.100.202210260954/tools/bin/../lib/gcc/arm-none-eabi/10.3.1/../../../../arm-none-eabi/lib/thumb/v7e-m+fp/hard\libnosys.a
END GROUP
LOAD c:/st/stm32cubeide_1.11.0/stm32cubeide/plugins/com.st.stm32cube.ide.mcu.externaltools.gnu-tools-for-stm32.10.3-2021.10.win32_1.0.100.202210260954/tools/bin/../lib/gcc/arm-none-eabi/10.3.1/thumb/v7e-m+fp/hard/crtend.o
LOAD c:/st/stm32cubeide_1.11.0/stm32cubeide/plugins/com.st.stm32cube.ide.mcu.externaltools.gnu-tools-for-stm32.10.3-2021.10.win32_1.0.100.202210260954/tools/bin/../lib/gcc/arm-none-eabi/10.3.1/thumb/v7e-m+fp/hard/crtn.o
                0x0000000020020000                _estack = (ORIGIN (RAM) + LENGTH (RAM))
                0x0000000000000200                _Min_Heap_Size = 0x200
                0x0000000000000400                _Min_Stack_Size = 0x400

.isr_vector     0x0000000008000000      0x188
                0x0000000008000000                . = ALIGN (0x4)
 *(.isr_vector)
 .isr_vector    0x0000000008000000      0x188 ./Core/Startup/startup_stm32f407vgtx.o
                0x0000000008000000                g_pfnVectors
                0x0000000008000188                . = ALIGN (0x4)

.text           0x0000000008000190     0xf830
                0x0000000008000190                . = ALIGN (0x4)
 *(.text)
 .text          0x0000000008000190       0x40 c:/st/stm32cubeide_1.11.0/stm32cubeide/plugins/com.st.stm32cube.ide.mcu.externaltools.gnu-tools-for-stm32.10.3-2021.10.win32_1.0.100.202210260954/tools/bin/../lib/gcc/arm-none-eabi/10.3.1/thumb/v7e-m+fp/hard/crtbegin.o
 .text          0x00000000080001d0       0x10 c:/st/stm32cubeide_1.11.0/stm32cubeide/plugins/com.st.stm32cube.ide.mcu.externaltools.gnu-tools-for-stm32.10.3-2021.10.win32_1.0.100.202210260954/tools/bin/../lib/gcc/arm-none-eabi/10.3.1/../../../../arm-none-eabi/lib/thumb/v7e-m+fp/hard\libc_nano.a(lib_a-strlen.o)
                0x00000000080001d0                strlen
 .text          0x00000000080001e0       0xa0 c:/st/stm32cubeide_1.11.0/stm32cubeide/plugins/com.st.stm32cube.ide.mcu.externaltools.gnu-tools-for-stm32.10.3-2021.10.win32_1.0.100.202210260954/tools/bin/../lib/gcc/arm-none-eabi/10.3.1/../../../../arm-none-eabi/lib/thumb/v7e-m+fp/hard\libc_nano.a(lib_a-memchr.o)
                0x00000000080001e0                memchr
 .text          0x0000000008000280      0x378 c:/st/stm32cubeide_1.11.0/stm32cubeide/plugins/com.st.stm32cube.ide.mcu.externaltools.gnu-tools-for-stm32.10.3-2021.10.win32_1.0.100.202210260954/tools/bin/../lib/gcc/arm-none-eabi/10.3.1/thumb/v7e-m+fp/hard\libgcc.a(_arm_addsubdf3.o)
                0x0000000008000280                __aeabi_drsub
                0x0000000008000288                __aeabi_dsub
                0x0000000008000288                __subdf3
                0x000000000800028c                __aeabi_dadd
                0x000000000800028c                __adddf3
                0x0000000008000504                __floatunsidf
                0x0000000008000504                __aeabi_ui2d
                0x0000000008000524                __floatsidf
                0x0000000008000524                __aeabi_i2d
                0x0000000008000548                __aeabi_f2d
                0x0000000008000548                __extendsfdf2
                0x000000000800058c                __floatundidf
                0x000000000800058c                __aeabi_ul2d
                0x000000000800059c                __floatdidf
                0x000000000800059c                __aeabi_l2d
 .text          0x00000000080005f8      0x424 c:/st/stm32cubeide_1.11.0/stm32cubeide/plugins/com.st.stm32cube.ide.mcu.externaltools.gnu-tools-for-stm32.10.3-2021.10.win32_1.0.100.202210260954/tools/bin/../lib/gcc/arm-none-eabi/10.3.1/thumb/v7e-m+fp/hard\libgcc.a(_arm_muldivdf3.o)
                0x00000000080005f8                __aeabi_dmul
                0x00000000080005f8                __muldf3
                0x000000000800084c                __divdf3
                0x000000000800084c                __aeabi_ddiv
 .text          0x0000000008000a1c      0x110 c:/st/stm32cubeide_1.11.0/stm32cubeide/plugins/com.st.stm32cube.ide.mcu.externaltools.gnu-tools-for-stm32.10.3-2021.10.win32_1.0.100.202210260954/tools/bin/../lib/gcc/arm-none-eabi/10.3.1/thumb/v7e-m+fp/hard\libgcc.a(_arm_cmpdf2.o)
                0x0000000008000a1c                __gtdf2
                0x0000000008000a1c                __gedf2
                0x0000000008000a24                __ltdf2
                0x0000000008000a24                __ledf2
                0x0000000008000a2c                __nedf2
                0x0000000008000a2c                __eqdf2
                0x0000000008000a2c                __cmpdf2
                0x0000000008000aa8                __aeabi_cdrcmple
                0x0000000008000ab8                __aeabi_cdcmpeq
                0x0000000008000ab8                __aeabi_cdcmple
                0x0000000008000ac8                __aeabi_dcmpeq
                0x0000000008000adc                __aeabi_dcmplt
                0x0000000008000af0                __aeabi_dcmple
                0x0000000008000b04                __aeabi_dcmpge
                0x0000000008000b18                __aeabi_dcmpgt
 .text          0x0000000008000b2c       0x2c c:/st/stm32cubeide_1.11.0/stm32cubeide/plugins/com.st.stm32cube.ide.mcu.externaltools.gnu-tools-for-stm32.10.3-2021.10.win32_1.0.100.202210260954/tools/bin/../lib/gcc/arm-none-eabi/10.3.1/thumb/v7e-m+fp/hard\libgcc.a(_arm_unorddf2.o)
                0x0000000008000b2c                __unorddf2
                0x0000000008000b2c                __aeabi_dcmpun
 .text          0x0000000008000b58       0x50 c:/st/stm32cubeide_1.11.0/stm32cubeide/plugins/com.st.stm32cube.ide.mcu.externaltools.gnu-tools-for-stm32.10.3-2021.10.win32_1.0.100.202210260954/tools/bin/../lib/gcc/arm-none-eabi/10.3.1/thumb/v7e-m+fp/hard\libgcc.a(_arm_fixdfsi.o)
                0x0000000008000b58                __aeabi_d2iz
                0x0000000008000b58                __fixdfsi
 .text          0x0000000008000ba8       0x40 c:/st/stm32cubeide_1.11.0/stm32cubeide/plugins/com.st.stm32cube.ide.mcu.externaltools.gnu-tools-for-stm32.10.3-2021.10.win32_1.0.100.202210260954/tools/bin/../lib/gcc/arm-none-eabi/10.3.1/thumb/v7e-m+fp/hard\libgcc.a(_arm_fixunsdfsi.o)
                0x0000000008000ba8                __aeabi_d2uiz
                0x0000000008000ba8                __fixunsdfsi
 .text          0x0000000008000be8       0xa0 c:/st/stm32cubeide_1.11.0/stm32cubeide/plugins/com.st.stm32cube.ide.mcu.externaltools.gnu-tools-for-stm32.10.3-2021.10.win32_1.0.100.202210260954/tools/bin/../lib/gcc/arm-none-eabi/10.3.1/thumb/v7e-m+fp/hard\libgcc.a(_arm_truncdfsf2.o)
                0x0000000008000be8                __truncdfsf2
                0x0000000008000be8                __aeabi_d2f
 .text          0x0000000008000c88       0x30 c:/st/stm32cubeide_1.11.0/stm32cubeide/plugins/com.st.stm32cube.ide.mcu.externaltools.gnu-tools-for-stm32.10.3-2021.10.win32_1.0.100.202210260954/tools/bin/../lib/gcc/arm-none-eabi/10.3.1/thumb/v7e-m+fp/hard\libgcc.a(_aeabi_uldivmod.o)
                0x0000000008000c88                __aeabi_uldivmod
 .text          0x0000000008000cb8       0x30 c:/st/stm32cubeide_1.11.0/stm32cubeide/plugins/com.st.stm32cube.ide.mcu.externaltools.gnu-tools-for-stm32.10.3-2021.10.win32_1.0.100.202210260954/tools/bin/../lib/gcc/arm-none-eabi/10.3.1/thumb/v7e-m+fp/hard\libgcc.a(_fixdfdi.o)
                0x0000000008000cb8                __fixdfdi
                0x0000000008000cb8                __aeabi_d2lz
 .text          0x0000000008000ce8       0x3c c:/st/stm32cubeide_1.11.0/stm32cubeide/plugins/com.st.stm32cube.ide.mcu.externaltools.gnu-tools-for-stm32.10.3-2021.10.win32_1.0.100.202210260954/tools/bin/../lib/gcc/arm-none-eabi/10.3.1/thumb/v7e-m+fp/hard\libgcc.a(_fixunsdfdi.o)
                0x0000000008000ce8                __fixunsdfdi
                0x0000000008000ce8                __aeabi_d2ulz
 .text          0x0000000008000d24      0x2d0 c:/st/stm32cubeide_1.11.0/stm32cubeide/plugins/com.st.stm32cube.ide.mcu.externaltools.gnu-tools-for-stm32.10.3-2021.10.win32_1.0.100.202210260954/tools/bin/../lib/gcc/arm-none-eabi/10.3.1/thumb/v7e-m+fp/hard\libgcc.a(_udivmoddi4.o)
                0x0000000008000d24                __udivmoddi4
 .text          0x0000000008000ff4        0x4 c:/st/stm32cubeide_1.11.0/stm32cubeide/plugins/com.st.stm32cube.ide.mcu.externaltools.gnu-tools-for-stm32.10.3-2021.10.win32_1.0.100.202210260954/tools/bin/../lib/gcc/arm-none-eabi/10.3.1/thumb/v7e-m+fp/hard\libgcc.a(_dvmd_tls.o)
                0x0000000008000ff4                __aeabi_idiv0
                0x0000000008000ff4                __aeabi_ldiv0
 *(.text*)
 .text.HAL_I2S_TxCpltCallback
                0x0000000008000ff8       0x24 ./Core/Src/AUDIO.o
                0x0000000008000ff8                HAL_I2S_TxCpltCallback
 .text.AUDIO_OUT_Error_CallBack
                0x000000000800101c        0xe ./Core/Src/AUDIO.o
                0x000000000800101c                AUDIO_OUT_Error_CallBack
 *fill*         0x000000000800102a        0x2 
 .text.HAL_I2S_ErrorCallback
                0x000000000800102c       0x24 ./Core/Src/AUDIO.o
                0x000000000800102c                HAL_I2S_ErrorCallback
 .text.__io_putchar
                0x0000000008001050       0x24 ./Core/Src/fops.o
                0x0000000008001050                __io_putchar
 .text.HD44780_Init
                0x0000000008001074      0x108 ./Core/Src/liquidcrystal_i2c.o
                0x0000000008001074                HD44780_Init
 .text.HD44780_Clear
                0x000000000800117c       0x16 ./Core/Src/liquidcrystal_i2c.o
                0x000000000800117c                HD44780_Clear
 .text.HD44780_Home
                0x0000000008001192       0x16 ./Core/Src/liquidcrystal_i2c.o
                0x0000000008001192                HD44780_Home
 .text.HD44780_SetCursor
                0x00000000080011a8       0x64 ./Core/Src/liquidcrystal_i2c.o
                0x00000000080011a8                HD44780_SetCursor
 .text.HD44780_Display
                0x000000000800120c       0x2c ./Core/Src/liquidcrystal_i2c.o
                0x000000000800120c                HD44780_Display
 .text.HD44780_CreateSpecialChar
                0x0000000008001238       0x52 ./Core/Src/liquidcrystal_i2c.o
                0x0000000008001238                HD44780_CreateSpecialChar
 .text.HD44780_PrintStr
                0x000000000800128a       0x2a ./Core/Src/liquidcrystal_i2c.o
                0x000000000800128a                HD44780_PrintStr
 .text.SendCommand
                0x00000000080012b4       0x1c ./Core/Src/liquidcrystal_i2c.o
 .text.SendChar
                0x00000000080012d0       0x1c ./Core/Src/liquidcrystal_i2c.o
 .text.Send     0x00000000080012ec       0x42 ./Core/Src/liquidcrystal_i2c.o
 .text.Write4Bits
                0x000000000800132e       0x22 ./Core/Src/liquidcrystal_i2c.o
 .text.ExpanderWrite
                0x0000000008001350       0x38 ./Core/Src/liquidcrystal_i2c.o
 .text.PulseEnable
                0x0000000008001388       0x3a ./Core/Src/liquidcrystal_i2c.o
 *fill*         0x00000000080013c2        0x2 
 .text.DelayInit
                0x00000000080013c4       0x54 ./Core/Src/liquidcrystal_i2c.o
 .text.DelayUS  0x0000000008001418       0x50 ./Core/Src/liquidcrystal_i2c.o
 .text.search_card_list_Global
                0x0000000008001468       0x7c ./Core/Src/main.o
                0x0000000008001468                search_card_list_Global
 .text.rc522_add_card
                0x00000000080014e4      0x194 ./Core/Src/main.o
                0x00000000080014e4                rc522_add_card
 .text.rc522_delete_card
                0x0000000008001678       0xc4 ./Core/Src/main.o
                0x0000000008001678                rc522_delete_card
 .text.debounce
                0x000000000800173c       0x44 ./Core/Src/main.o
                0x000000000800173c                debounce
 .text.rc522_check
                0x0000000008001780       0x54 ./Core/Src/main.o
                0x0000000008001780                rc522_check
 .text.bluetooth_check
                0x00000000080017d4       0x3c ./Core/Src/main.o
                0x00000000080017d4                bluetooth_check
 .text.lock_task
                0x0000000008001810       0xa0 ./Core/Src/main.o
                0x0000000008001810                lock_task
 .text.unlock_task
                0x00000000080018b0      0x15c ./Core/Src/main.o
                0x00000000080018b0                unlock_task
 .text.main     0x0000000008001a0c      0x158 ./Core/Src/main.o
                0x0000000008001a0c                main
 .text.SystemClock_Config
                0x0000000008001b64       0xd4 ./Core/Src/main.o
                0x0000000008001b64                SystemClock_Config
 .text.MX_ADC1_Init
                0x0000000008001c38       0xc0 ./Core/Src/main.o
 .text.MX_I2C1_Init
                0x0000000008001cf8       0x5c ./Core/Src/main.o
 .text.MX_I2S3_Init
                0x0000000008001d54       0x5c ./Core/Src/main.o
 .text.MX_SPI1_Init
                0x0000000008001db0       0x6c ./Core/Src/main.o
                0x0000000008001db0                MX_SPI1_Init
 .text.MX_SPI2_Init
                0x0000000008001e1c       0x6c ./Core/Src/main.o
 .text.MX_TIM2_Init
                0x0000000008001e88       0xb0 ./Core/Src/main.o
 .text.MX_USART2_UART_Init
                0x0000000008001f38       0x54 ./Core/Src/main.o
 .text.MX_DMA_Init
                0x0000000008001f8c       0x6c ./Core/Src/main.o
 .text.MX_GPIO_Init
                0x0000000008001ff8      0x198 ./Core/Src/main.o
 .text.HAL_GPIO_EXTI_Callback
                0x0000000008002190       0xa0 ./Core/Src/main.o
                0x0000000008002190                HAL_GPIO_EXTI_Callback
 .text.HAL_TIM_PeriodElapsedCallback
                0x0000000008002230       0x24 ./Core/Src/main.o
                0x0000000008002230                HAL_TIM_PeriodElapsedCallback
 .text.Error_Handler
                0x0000000008002254        0xa ./Core/Src/main.o
                0x0000000008002254                Error_Handler
 *fill*         0x000000000800225e        0x2 
 .text.SPI1_Error
                0x0000000008002260       0x38 ./Core/Src/mmc_sd.o
                0x0000000008002260                SPI1_Error
 .text.SPI1_ReadWriteByte
                0x0000000008002298       0x3c ./Core/Src/mmc_sd.o
                0x0000000008002298                SPI1_ReadWriteByte
 .text.SD_SPI_ReadWriteByte
                0x00000000080022d4       0x1c ./Core/Src/mmc_sd.o
                0x00000000080022d4                SD_SPI_ReadWriteByte
 .text.SD_DisSelect
                0x00000000080022f0       0x1c ./Core/Src/mmc_sd.o
                0x00000000080022f0                SD_DisSelect
 .text.SD_Select
                0x000000000800230c       0x2c ./Core/Src/mmc_sd.o
                0x000000000800230c                SD_Select
 .text.SD_WaitReady
                0x0000000008002338       0x34 ./Core/Src/mmc_sd.o
                0x0000000008002338                SD_WaitReady
 .text.SD_GetResponse
                0x000000000800236c       0x42 ./Core/Src/mmc_sd.o
                0x000000000800236c                SD_GetResponse
 .text.SD_RecvData
                0x00000000080023ae       0x50 ./Core/Src/mmc_sd.o
                0x00000000080023ae                SD_RecvData
 .text.SD_SendCmd
                0x00000000080023fe       0xa0 ./Core/Src/mmc_sd.o
                0x00000000080023fe                SD_SendCmd
 .text.SD_GetCSD
                0x000000000800249e       0x40 ./Core/Src/mmc_sd.o
                0x000000000800249e                SD_GetCSD
 .text.SD_GetSectorCount
                0x00000000080024de       0xa2 ./Core/Src/mmc_sd.o
                0x00000000080024de                SD_GetSectorCount
 .text.RC522_SPI_Transfer
                0x0000000008002580       0x2c ./Core/Src/rc522.o
                0x0000000008002580                RC522_SPI_Transfer
 .text.Write_MFRC522
                0x00000000080025ac       0x50 ./Core/Src/rc522.o
                0x00000000080025ac                Write_MFRC522
 .text.Read_MFRC522
                0x00000000080025fc       0x54 ./Core/Src/rc522.o
                0x00000000080025fc                Read_MFRC522
 .text.SetBitMask
                0x0000000008002650       0x36 ./Core/Src/rc522.o
                0x0000000008002650                SetBitMask
 .text.ClearBitMask
                0x0000000008002686       0x40 ./Core/Src/rc522.o
                0x0000000008002686                ClearBitMask
 .text.AntennaOn
                0x00000000080026c6       0x16 ./Core/Src/rc522.o
                0x00000000080026c6                AntennaOn
 .text.MFRC522_Reset
                0x00000000080026dc       0x10 ./Core/Src/rc522.o
                0x00000000080026dc                MFRC522_Reset
 .text.MFRC522_Init
                0x00000000080026ec       0x60 ./Core/Src/rc522.o
                0x00000000080026ec                MFRC522_Init
 .text.MFRC522_ToCard
                0x000000000800274c      0x192 ./Core/Src/rc522.o
                0x000000000800274c                MFRC522_ToCard
 .text.MFRC522_Request
                0x00000000080028de       0x4a ./Core/Src/rc522.o
                0x00000000080028de                MFRC522_Request
 .text.MFRC522_Anticoll
                0x0000000008002928       0x7a ./Core/Src/rc522.o
                0x0000000008002928                MFRC522_Anticoll
 *fill*         0x00000000080029a2        0x2 
 .text.HAL_MspInit
                0x00000000080029a4       0x50 ./Core/Src/stm32f4xx_hal_msp.o
                0x00000000080029a4                HAL_MspInit
 .text.HAL_ADC_MspInit
                0x00000000080029f4       0xf0 ./Core/Src/stm32f4xx_hal_msp.o
                0x00000000080029f4                HAL_ADC_MspInit
 .text.HAL_I2C_MspInit
                0x0000000008002ae4       0x90 ./Core/Src/stm32f4xx_hal_msp.o
                0x0000000008002ae4                HAL_I2C_MspInit
 .text.HAL_I2S_MspInit
                0x0000000008002b74      0x17c ./Core/Src/stm32f4xx_hal_msp.o
                0x0000000008002b74                HAL_I2S_MspInit
 .text.HAL_SPI_MspInit
                0x0000000008002cf0       0xfc ./Core/Src/stm32f4xx_hal_msp.o
                0x0000000008002cf0                HAL_SPI_MspInit
 .text.HAL_SPI_MspDeInit
                0x0000000008002dec       0x64 ./Core/Src/stm32f4xx_hal_msp.o
                0x0000000008002dec                HAL_SPI_MspDeInit
 .text.HAL_TIM_PWM_MspInit
                0x0000000008002e50       0x40 ./Core/Src/stm32f4xx_hal_msp.o
                0x0000000008002e50                HAL_TIM_PWM_MspInit
 .text.HAL_TIM_MspPostInit
                0x0000000008002e90       0x70 ./Core/Src/stm32f4xx_hal_msp.o
                0x0000000008002e90                HAL_TIM_MspPostInit
 .text.HAL_UART_MspInit
                0x0000000008002f00       0x90 ./Core/Src/stm32f4xx_hal_msp.o
                0x0000000008002f00                HAL_UART_MspInit
 .text.HAL_InitTick
                0x0000000008002f90       0xf8 ./Core/Src/stm32f4xx_hal_timebase_tim.o
                0x0000000008002f90                HAL_InitTick
 .text.NMI_Handler
                0x0000000008003088        0x6 ./Core/Src/stm32f4xx_it.o
                0x0000000008003088                NMI_Handler
 .text.HardFault_Handler
                0x000000000800308e        0x6 ./Core/Src/stm32f4xx_it.o
                0x000000000800308e                HardFault_Handler
 .text.MemManage_Handler
                0x0000000008003094        0x6 ./Core/Src/stm32f4xx_it.o
                0x0000000008003094                MemManage_Handler
 .text.BusFault_Handler
                0x000000000800309a        0x6 ./Core/Src/stm32f4xx_it.o
                0x000000000800309a                BusFault_Handler
 .text.UsageFault_Handler
                0x00000000080030a0        0x6 ./Core/Src/stm32f4xx_it.o
                0x00000000080030a0                UsageFault_Handler
 .text.DebugMon_Handler
                0x00000000080030a6        0xe ./Core/Src/stm32f4xx_it.o
                0x00000000080030a6                DebugMon_Handler
 .text.EXTI0_IRQHandler
                0x00000000080030b4        0xe ./Core/Src/stm32f4xx_it.o
                0x00000000080030b4                EXTI0_IRQHandler
 *fill*         0x00000000080030c2        0x2 
 .text.DMA1_Stream5_IRQHandler
                0x00000000080030c4       0x14 ./Core/Src/stm32f4xx_it.o
                0x00000000080030c4                DMA1_Stream5_IRQHandler
 .text.TIM6_DAC_IRQHandler
                0x00000000080030d8       0x14 ./Core/Src/stm32f4xx_it.o
                0x00000000080030d8                TIM6_DAC_IRQHandler
 .text.DMA2_Stream0_IRQHandler
                0x00000000080030ec       0x14 ./Core/Src/stm32f4xx_it.o
                0x00000000080030ec                DMA2_Stream0_IRQHandler
 .text._getpid  0x0000000008003100       0x10 ./Core/Src/syscalls.o
                0x0000000008003100                _getpid
 .text._kill    0x0000000008003110       0x20 ./Core/Src/syscalls.o
                0x0000000008003110                _kill
 .text._exit    0x0000000008003130       0x14 ./Core/Src/syscalls.o
                0x0000000008003130                _exit
 .text._read    0x0000000008003144       0x3a ./Core/Src/syscalls.o
                0x0000000008003144                _read
 .text._write   0x000000000800317e       0x38 ./Core/Src/syscalls.o
                0x000000000800317e                _write
 .text._close   0x00000000080031b6       0x18 ./Core/Src/syscalls.o
                0x00000000080031b6                _close
 .text._fstat   0x00000000080031ce       0x20 ./Core/Src/syscalls.o
                0x00000000080031ce                _fstat
 .text._isatty  0x00000000080031ee       0x16 ./Core/Src/syscalls.o
                0x00000000080031ee                _isatty
 .text._lseek   0x0000000008003204       0x1a ./Core/Src/syscalls.o
                0x0000000008003204                _lseek
 *fill*         0x000000000800321e        0x2 
 .text._sbrk    0x0000000008003220       0x6c ./Core/Src/sysmem.o
                0x0000000008003220                _sbrk
 .text.SystemInit
                0x000000000800328c       0x2c ./Core/Src/system_stm32f4xx.o
                0x000000000800328c                SystemInit
 .text.AUDIO_OUT_TransferComplete_CallBack
                0x00000000080032b8       0x28 ./Core/Src/waveplayer.o
                0x00000000080032b8                AUDIO_OUT_TransferComplete_CallBack
 .text.Reset_Handler
                0x00000000080032e0       0x50 ./Core/Startup/startup_stm32f407vgtx.o
                0x00000000080032e0                Reset_Handler
 .text.Default_Handler
                0x0000000008003330        0x2 ./Core/Startup/startup_stm32f407vgtx.o
                0x0000000008003330                RTC_Alarm_IRQHandler
                0x0000000008003330                HASH_RNG_IRQHandler
                0x0000000008003330                EXTI2_IRQHandler
                0x0000000008003330                TIM8_CC_IRQHandler
                0x0000000008003330                TIM1_CC_IRQHandler
                0x0000000008003330                DMA2_Stream5_IRQHandler
                0x0000000008003330                PVD_IRQHandler
                0x0000000008003330                SDIO_IRQHandler
                0x0000000008003330                TAMP_STAMP_IRQHandler
                0x0000000008003330                CAN2_RX1_IRQHandler
                0x0000000008003330                EXTI3_IRQHandler
                0x0000000008003330                TIM8_TRG_COM_TIM14_IRQHandler
                0x0000000008003330                TIM1_UP_TIM10_IRQHandler
                0x0000000008003330                TIM8_UP_TIM13_IRQHandler
                0x0000000008003330                I2C3_ER_IRQHandler
                0x0000000008003330                I2C2_EV_IRQHandler
                0x0000000008003330                DMA1_Stream2_IRQHandler
                0x0000000008003330                CAN1_RX0_IRQHandler
                0x0000000008003330                FPU_IRQHandler
                0x0000000008003330                OTG_HS_WKUP_IRQHandler
                0x0000000008003330                CAN2_SCE_IRQHandler
                0x0000000008003330                DMA2_Stream2_IRQHandler
                0x0000000008003330                SPI1_IRQHandler
                0x0000000008003330                TIM1_BRK_TIM9_IRQHandler
                0x0000000008003330                DCMI_IRQHandler
                0x0000000008003330                CAN2_RX0_IRQHandler
                0x0000000008003330                DMA2_Stream3_IRQHandler
                0x0000000008003330                USART6_IRQHandler
                0x0000000008003330                USART3_IRQHandler
                0x0000000008003330                CAN1_RX1_IRQHandler
                0x0000000008003330                UART5_IRQHandler
                0x0000000008003330                TIM4_IRQHandler
                0x0000000008003330                I2C1_EV_IRQHandler
                0x0000000008003330                DMA1_Stream6_IRQHandler
                0x0000000008003330                DMA1_Stream1_IRQHandler
                0x0000000008003330                UART4_IRQHandler
                0x0000000008003330                TIM3_IRQHandler
                0x0000000008003330                RCC_IRQHandler
                0x0000000008003330                TIM8_BRK_TIM12_IRQHandler
                0x0000000008003330                Default_Handler
                0x0000000008003330                EXTI15_10_IRQHandler
                0x0000000008003330                ADC_IRQHandler
                0x0000000008003330                DMA1_Stream7_IRQHandler
                0x0000000008003330                TIM7_IRQHandler
                0x0000000008003330                CAN2_TX_IRQHandler
                0x0000000008003330                TIM5_IRQHandler
                0x0000000008003330                DMA2_Stream7_IRQHandler
                0x0000000008003330                I2C3_EV_IRQHandler
                0x0000000008003330                EXTI9_5_IRQHandler
                0x0000000008003330                RTC_WKUP_IRQHandler
                0x0000000008003330                ETH_WKUP_IRQHandler
                0x0000000008003330                SPI2_IRQHandler
                0x0000000008003330                OTG_HS_EP1_IN_IRQHandler
                0x0000000008003330                DMA1_Stream0_IRQHandler
                0x0000000008003330                CAN1_TX_IRQHandler
                0x0000000008003330                EXTI4_IRQHandler
                0x0000000008003330                FSMC_IRQHandler
                0x0000000008003330                ETH_IRQHandler
                0x0000000008003330                OTG_HS_EP1_OUT_IRQHandler
                0x0000000008003330                WWDG_IRQHandler
                0x0000000008003330                TIM2_IRQHandler
                0x0000000008003330                OTG_FS_WKUP_IRQHandler
                0x0000000008003330                TIM1_TRG_COM_TIM11_IRQHandler
                0x0000000008003330                OTG_HS_IRQHandler
                0x0000000008003330                EXTI1_IRQHandler
                0x0000000008003330                USART2_IRQHandler
                0x0000000008003330                I2C2_ER_IRQHandler
                0x0000000008003330                DMA2_Stream1_IRQHandler
                0x0000000008003330                CAN1_SCE_IRQHandler
                0x0000000008003330                FLASH_IRQHandler
                0x0000000008003330                DMA2_Stream4_IRQHandler
                0x0000000008003330                USART1_IRQHandler
                0x0000000008003330                OTG_FS_IRQHandler
                0x0000000008003330                SPI3_IRQHandler
                0x0000000008003330                DMA1_Stream4_IRQHandler
                0x0000000008003330                I2C1_ER_IRQHandler
                0x0000000008003330                DMA2_Stream6_IRQHandler
                0x0000000008003330                DMA1_Stream3_IRQHandler
 *fill*         0x0000000008003332        0x2 
 .text.HAL_Init
                0x0000000008003334       0x44 ./Drivers/STM32F4xx_HAL_Driver/Src/stm32f4xx_hal.o
                0x0000000008003334                HAL_Init
 .text.HAL_IncTick
                0x0000000008003378       0x28 ./Drivers/STM32F4xx_HAL_Driver/Src/stm32f4xx_hal.o
                0x0000000008003378                HAL_IncTick
 .text.HAL_GetTick
                0x00000000080033a0       0x18 ./Drivers/STM32F4xx_HAL_Driver/Src/stm32f4xx_hal.o
                0x00000000080033a0                HAL_GetTick
 .text.HAL_Delay
                0x00000000080033b8       0x48 ./Drivers/STM32F4xx_HAL_Driver/Src/stm32f4xx_hal.o
                0x00000000080033b8                HAL_Delay
 .text.HAL_ADC_Init
                0x0000000008003400       0x86 ./Drivers/STM32F4xx_HAL_Driver/Src/stm32f4xx_hal_adc.o
                0x0000000008003400                HAL_ADC_Init
 *fill*         0x0000000008003486        0x2 
 .text.HAL_ADC_ConfigChannel
                0x0000000008003488      0x244 ./Drivers/STM32F4xx_HAL_Driver/Src/stm32f4xx_hal_adc.o
                0x0000000008003488                HAL_ADC_ConfigChannel
 .text.ADC_Init
                0x00000000080036cc      0x1f8 ./Drivers/STM32F4xx_HAL_Driver/Src/stm32f4xx_hal_adc.o
 .text.__NVIC_SetPriorityGrouping
                0x00000000080038c4       0x48 ./Drivers/STM32F4xx_HAL_Driver/Src/stm32f4xx_hal_cortex.o
 .text.__NVIC_GetPriorityGrouping
                0x000000000800390c       0x1c ./Drivers/STM32F4xx_HAL_Driver/Src/stm32f4xx_hal_cortex.o
 .text.__NVIC_EnableIRQ
                0x0000000008003928       0x3c ./Drivers/STM32F4xx_HAL_Driver/Src/stm32f4xx_hal_cortex.o
 .text.__NVIC_SetPriority
                0x0000000008003964       0x54 ./Drivers/STM32F4xx_HAL_Driver/Src/stm32f4xx_hal_cortex.o
 .text.NVIC_EncodePriority
                0x00000000080039b8       0x66 ./Drivers/STM32F4xx_HAL_Driver/Src/stm32f4xx_hal_cortex.o
 .text.HAL_NVIC_SetPriorityGrouping
                0x0000000008003a1e       0x16 ./Drivers/STM32F4xx_HAL_Driver/Src/stm32f4xx_hal_cortex.o
                0x0000000008003a1e                HAL_NVIC_SetPriorityGrouping
 .text.HAL_NVIC_SetPriority
                0x0000000008003a34       0x38 ./Drivers/STM32F4xx_HAL_Driver/Src/stm32f4xx_hal_cortex.o
                0x0000000008003a34                HAL_NVIC_SetPriority
 .text.HAL_NVIC_EnableIRQ
                0x0000000008003a6c       0x1c ./Drivers/STM32F4xx_HAL_Driver/Src/stm32f4xx_hal_cortex.o
                0x0000000008003a6c                HAL_NVIC_EnableIRQ
 .text.HAL_DMA_Init
                0x0000000008003a88      0x15c ./Drivers/STM32F4xx_HAL_Driver/Src/stm32f4xx_hal_dma.o
                0x0000000008003a88                HAL_DMA_Init
 .text.HAL_DMA_IRQHandler
                0x0000000008003be4      0x314 ./Drivers/STM32F4xx_HAL_Driver/Src/stm32f4xx_hal_dma.o
                0x0000000008003be4                HAL_DMA_IRQHandler
 .text.DMA_CalcBaseAndBitshift
                0x0000000008003ef8       0x6c ./Drivers/STM32F4xx_HAL_Driver/Src/stm32f4xx_hal_dma.o
 .text.DMA_CheckFifoParam
                0x0000000008003f64       0xf8 ./Drivers/STM32F4xx_HAL_Driver/Src/stm32f4xx_hal_dma.o
 .text.HAL_GPIO_Init
                0x000000000800405c      0x338 ./Drivers/STM32F4xx_HAL_Driver/Src/stm32f4xx_hal_gpio.o
                0x000000000800405c                HAL_GPIO_Init
 .text.HAL_GPIO_DeInit
                0x0000000008004394      0x1f8 ./Drivers/STM32F4xx_HAL_Driver/Src/stm32f4xx_hal_gpio.o
                0x0000000008004394                HAL_GPIO_DeInit
 .text.HAL_GPIO_ReadPin
                0x000000000800458c       0x30 ./Drivers/STM32F4xx_HAL_Driver/Src/stm32f4xx_hal_gpio.o
                0x000000000800458c                HAL_GPIO_ReadPin
 .text.HAL_GPIO_WritePin
                0x00000000080045bc       0x32 ./Drivers/STM32F4xx_HAL_Driver/Src/stm32f4xx_hal_gpio.o
                0x00000000080045bc                HAL_GPIO_WritePin
 .text.HAL_GPIO_TogglePin
                0x00000000080045ee       0x34 ./Drivers/STM32F4xx_HAL_Driver/Src/stm32f4xx_hal_gpio.o
                0x00000000080045ee                HAL_GPIO_TogglePin
 *fill*         0x0000000008004622        0x2 
 .text.HAL_GPIO_EXTI_IRQHandler
                0x0000000008004624       0x30 ./Drivers/STM32F4xx_HAL_Driver/Src/stm32f4xx_hal_gpio.o
                0x0000000008004624                HAL_GPIO_EXTI_IRQHandler
 .text.HAL_I2C_Init
                0x0000000008004654      0x288 ./Drivers/STM32F4xx_HAL_Driver/Src/stm32f4xx_hal_i2c.o
                0x0000000008004654                HAL_I2C_Init
 .text.HAL_I2C_Master_Transmit
                0x00000000080048dc      0x1fc ./Drivers/STM32F4xx_HAL_Driver/Src/stm32f4xx_hal_i2c.o
                0x00000000080048dc                HAL_I2C_Master_Transmit
 .text.I2C_MasterRequestWrite
                0x0000000008004ad8      0x104 ./Drivers/STM32F4xx_HAL_Driver/Src/stm32f4xx_hal_i2c.o
 .text.I2C_WaitOnFlagUntilTimeout
                0x0000000008004bdc       0xae ./Drivers/STM32F4xx_HAL_Driver/Src/stm32f4xx_hal_i2c.o
 .text.I2C_WaitOnMasterAddressFlagUntilTimeout
                0x0000000008004c8a       0xfe ./Drivers/STM32F4xx_HAL_Driver/Src/stm32f4xx_hal_i2c.o
 .text.I2C_WaitOnTXEFlagUntilTimeout
                0x0000000008004d88       0x82 ./Drivers/STM32F4xx_HAL_Driver/Src/stm32f4xx_hal_i2c.o
 .text.I2C_WaitOnBTFFlagUntilTimeout
                0x0000000008004e0a       0x82 ./Drivers/STM32F4xx_HAL_Driver/Src/stm32f4xx_hal_i2c.o
 .text.I2C_IsAcknowledgeFailed
                0x0000000008004e8c       0x5e ./Drivers/STM32F4xx_HAL_Driver/Src/stm32f4xx_hal_i2c.o
 *fill*         0x0000000008004eea        0x2 
 .text.HAL_I2S_Init
                0x0000000008004eec      0x280 ./Drivers/STM32F4xx_HAL_Driver/Src/stm32f4xx_hal_i2s.o
                0x0000000008004eec                HAL_I2S_Init
 .text.HAL_I2S_RxCpltCallback
                0x000000000800516c       0x14 ./Drivers/STM32F4xx_HAL_Driver/Src/stm32f4xx_hal_i2s.o
                0x000000000800516c                HAL_I2S_RxCpltCallback
 .text.I2S_Transmit_IT
                0x0000000008005180       0x5c ./Drivers/STM32F4xx_HAL_Driver/Src/stm32f4xx_hal_i2s.o
 .text.I2S_Receive_IT
                0x00000000080051dc       0x5e ./Drivers/STM32F4xx_HAL_Driver/Src/stm32f4xx_hal_i2s.o
 .text.I2S_IRQHandler
                0x000000000800523a      0x114 ./Drivers/STM32F4xx_HAL_Driver/Src/stm32f4xx_hal_i2s.o
 *fill*         0x000000000800534e        0x2 
 .text.HAL_I2SEx_FullDuplex_IRQHandler
                0x0000000008005350      0x2a8 ./Drivers/STM32F4xx_HAL_Driver/Src/stm32f4xx_hal_i2s_ex.o
                0x0000000008005350                HAL_I2SEx_FullDuplex_IRQHandler
 .text.HAL_I2SEx_TxRxCpltCallback
                0x00000000080055f8       0x14 ./Drivers/STM32F4xx_HAL_Driver/Src/stm32f4xx_hal_i2s_ex.o
                0x00000000080055f8                HAL_I2SEx_TxRxCpltCallback
 .text.I2SEx_TxISR_I2S
                0x000000000800560c       0x62 ./Drivers/STM32F4xx_HAL_Driver/Src/stm32f4xx_hal_i2s_ex.o
 *fill*         0x000000000800566e        0x2 
 .text.I2SEx_TxISR_I2SExt
                0x0000000008005670       0x98 ./Drivers/STM32F4xx_HAL_Driver/Src/stm32f4xx_hal_i2s_ex.o
 .text.I2SEx_RxISR_I2S
                0x0000000008005708       0x64 ./Drivers/STM32F4xx_HAL_Driver/Src/stm32f4xx_hal_i2s_ex.o
 .text.I2SEx_RxISR_I2SExt
                0x000000000800576c       0x98 ./Drivers/STM32F4xx_HAL_Driver/Src/stm32f4xx_hal_i2s_ex.o
 .text.HAL_RCC_OscConfig
                0x0000000008005804      0x4f0 ./Drivers/STM32F4xx_HAL_Driver/Src/stm32f4xx_hal_rcc.o
                0x0000000008005804                HAL_RCC_OscConfig
 .text.HAL_RCC_ClockConfig
                0x0000000008005cf4      0x1cc ./Drivers/STM32F4xx_HAL_Driver/Src/stm32f4xx_hal_rcc.o
                0x0000000008005cf4                HAL_RCC_ClockConfig
 .text.HAL_RCC_GetSysClockFreq
                0x0000000008005ec0      0x20c ./Drivers/STM32F4xx_HAL_Driver/Src/stm32f4xx_hal_rcc.o
                0x0000000008005ec0                HAL_RCC_GetSysClockFreq
 .text.HAL_RCC_GetHCLKFreq
                0x00000000080060cc       0x18 ./Drivers/STM32F4xx_HAL_Driver/Src/stm32f4xx_hal_rcc.o
                0x00000000080060cc                HAL_RCC_GetHCLKFreq
 .text.HAL_RCC_GetPCLK1Freq
                0x00000000080060e4       0x28 ./Drivers/STM32F4xx_HAL_Driver/Src/stm32f4xx_hal_rcc.o
                0x00000000080060e4                HAL_RCC_GetPCLK1Freq
 .text.HAL_RCC_GetPCLK2Freq
                0x000000000800610c       0x28 ./Drivers/STM32F4xx_HAL_Driver/Src/stm32f4xx_hal_rcc.o
                0x000000000800610c                HAL_RCC_GetPCLK2Freq
 .text.HAL_RCC_GetClockConfig
                0x0000000008006134       0x64 ./Drivers/STM32F4xx_HAL_Driver/Src/stm32f4xx_hal_rcc.o
                0x0000000008006134                HAL_RCC_GetClockConfig
 .text.HAL_RCCEx_PeriphCLKConfig
                0x0000000008006198      0x1c4 ./Drivers/STM32F4xx_HAL_Driver/Src/stm32f4xx_hal_rcc_ex.o
                0x0000000008006198                HAL_RCCEx_PeriphCLKConfig
 .text.HAL_RCCEx_GetPeriphCLKFreq
                0x000000000800635c       0xbc ./Drivers/STM32F4xx_HAL_Driver/Src/stm32f4xx_hal_rcc_ex.o
                0x000000000800635c                HAL_RCCEx_GetPeriphCLKFreq
 .text.HAL_SPI_Init
                0x0000000008006418      0x112 ./Drivers/STM32F4xx_HAL_Driver/Src/stm32f4xx_hal_spi.o
                0x0000000008006418                HAL_SPI_Init
 .text.HAL_SPI_DeInit
                0x000000000800652a       0x50 ./Drivers/STM32F4xx_HAL_Driver/Src/stm32f4xx_hal_spi.o
                0x000000000800652a                HAL_SPI_DeInit
 .text.HAL_SPI_Transmit
                0x000000000800657a      0x278 ./Drivers/STM32F4xx_HAL_Driver/Src/stm32f4xx_hal_spi.o
                0x000000000800657a                HAL_SPI_Transmit
 .text.HAL_SPI_Receive
                0x00000000080067f2      0x222 ./Drivers/STM32F4xx_HAL_Driver/Src/stm32f4xx_hal_spi.o
                0x00000000080067f2                HAL_SPI_Receive
 .text.HAL_SPI_TransmitReceive
                0x0000000008006a14      0x344 ./Drivers/STM32F4xx_HAL_Driver/Src/stm32f4xx_hal_spi.o
                0x0000000008006a14                HAL_SPI_TransmitReceive
 .text.SPI_WaitFlagStateUntilTimeout
                0x0000000008006d58      0x110 ./Drivers/STM32F4xx_HAL_Driver/Src/stm32f4xx_hal_spi.o
 .text.SPI_EndRxTransaction
                0x0000000008006e68       0xca ./Drivers/STM32F4xx_HAL_Driver/Src/stm32f4xx_hal_spi.o
 *fill*         0x0000000008006f32        0x2 
 .text.SPI_EndRxTxTransaction
                0x0000000008006f34       0x84 ./Drivers/STM32F4xx_HAL_Driver/Src/stm32f4xx_hal_spi.o
 .text.HAL_TIM_Base_Init
                0x0000000008006fb8       0x9e ./Drivers/STM32F4xx_HAL_Driver/Src/stm32f4xx_hal_tim.o
                0x0000000008006fb8                HAL_TIM_Base_Init
 .text.HAL_TIM_Base_MspInit
                0x0000000008007056       0x14 ./Drivers/STM32F4xx_HAL_Driver/Src/stm32f4xx_hal_tim.o
                0x0000000008007056                HAL_TIM_Base_MspInit
 *fill*         0x000000000800706a        0x2 
 .text.HAL_TIM_Base_Start_IT
                0x000000000800706c       0xe0 ./Drivers/STM32F4xx_HAL_Driver/Src/stm32f4xx_hal_tim.o
                0x000000000800706c                HAL_TIM_Base_Start_IT
 .text.HAL_TIM_PWM_Init
                0x000000000800714c       0x9e ./Drivers/STM32F4xx_HAL_Driver/Src/stm32f4xx_hal_tim.o
                0x000000000800714c                HAL_TIM_PWM_Init
 *fill*         0x00000000080071ea        0x2 
 .text.HAL_TIM_PWM_Start
                0x00000000080071ec      0x190 ./Drivers/STM32F4xx_HAL_Driver/Src/stm32f4xx_hal_tim.o
                0x00000000080071ec                HAL_TIM_PWM_Start
 .text.HAL_TIM_IRQHandler
                0x000000000800737c      0x210 ./Drivers/STM32F4xx_HAL_Driver/Src/stm32f4xx_hal_tim.o
                0x000000000800737c                HAL_TIM_IRQHandler
 .text.HAL_TIM_PWM_ConfigChannel
                0x000000000800758c      0x184 ./Drivers/STM32F4xx_HAL_Driver/Src/stm32f4xx_hal_tim.o
                0x000000000800758c                HAL_TIM_PWM_ConfigChannel
 .text.HAL_TIM_OC_DelayElapsedCallback
                0x0000000008007710       0x14 ./Drivers/STM32F4xx_HAL_Driver/Src/stm32f4xx_hal_tim.o
                0x0000000008007710                HAL_TIM_OC_DelayElapsedCallback
 .text.HAL_TIM_IC_CaptureCallback
                0x0000000008007724       0x14 ./Drivers/STM32F4xx_HAL_Driver/Src/stm32f4xx_hal_tim.o
                0x0000000008007724                HAL_TIM_IC_CaptureCallback
 .text.HAL_TIM_PWM_PulseFinishedCallback
                0x0000000008007738       0x14 ./Drivers/STM32F4xx_HAL_Driver/Src/stm32f4xx_hal_tim.o
                0x0000000008007738                HAL_TIM_PWM_PulseFinishedCallback
 .text.HAL_TIM_TriggerCallback
                0x000000000800774c       0x14 ./Drivers/STM32F4xx_HAL_Driver/Src/stm32f4xx_hal_tim.o
                0x000000000800774c                HAL_TIM_TriggerCallback
 .text.TIM_Base_SetConfig
                0x0000000008007760      0x140 ./Drivers/STM32F4xx_HAL_Driver/Src/stm32f4xx_hal_tim.o
                0x0000000008007760                TIM_Base_SetConfig
 .text.TIM_OC1_SetConfig
                0x00000000080078a0       0xe0 ./Drivers/STM32F4xx_HAL_Driver/Src/stm32f4xx_hal_tim.o
 .text.TIM_OC2_SetConfig
                0x0000000008007980       0xec ./Drivers/STM32F4xx_HAL_Driver/Src/stm32f4xx_hal_tim.o
                0x0000000008007980                TIM_OC2_SetConfig
 .text.TIM_OC3_SetConfig
                0x0000000008007a6c       0xe8 ./Drivers/STM32F4xx_HAL_Driver/Src/stm32f4xx_hal_tim.o
 .text.TIM_OC4_SetConfig
                0x0000000008007b54       0xac ./Drivers/STM32F4xx_HAL_Driver/Src/stm32f4xx_hal_tim.o
 .text.TIM_CCxChannelCmd
                0x0000000008007c00       0x4a ./Drivers/STM32F4xx_HAL_Driver/Src/stm32f4xx_hal_tim.o
                0x0000000008007c00                TIM_CCxChannelCmd
 *fill*         0x0000000008007c4a        0x2 
 .text.HAL_TIMEx_MasterConfigSynchronization
                0x0000000008007c4c       0xf8 ./Drivers/STM32F4xx_HAL_Driver/Src/stm32f4xx_hal_tim_ex.o
                0x0000000008007c4c                HAL_TIMEx_MasterConfigSynchronization
 .text.HAL_TIMEx_CommutCallback
                0x0000000008007d44       0x14 ./Drivers/STM32F4xx_HAL_Driver/Src/stm32f4xx_hal_tim_ex.o
                0x0000000008007d44                HAL_TIMEx_CommutCallback
 .text.HAL_TIMEx_BreakCallback
                0x0000000008007d58       0x14 ./Drivers/STM32F4xx_HAL_Driver/Src/stm32f4xx_hal_tim_ex.o
                0x0000000008007d58                HAL_TIMEx_BreakCallback
 .text.HAL_UART_Init
                0x0000000008007d6c       0x9a ./Drivers/STM32F4xx_HAL_Driver/Src/stm32f4xx_hal_uart.o
                0x0000000008007d6c                HAL_UART_Init
 .text.HAL_UART_Transmit
                0x0000000008007e06      0x124 ./Drivers/STM32F4xx_HAL_Driver/Src/stm32f4xx_hal_uart.o
                0x0000000008007e06                HAL_UART_Transmit
 .text.HAL_UART_Receive
                0x0000000008007f2a      0x144 ./Drivers/STM32F4xx_HAL_Driver/Src/stm32f4xx_hal_uart.o
                0x0000000008007f2a                HAL_UART_Receive
 .text.UART_WaitOnFlagUntilTimeout
                0x000000000800806e       0xdc ./Drivers/STM32F4xx_HAL_Driver/Src/stm32f4xx_hal_uart.o
 *fill*         0x000000000800814a        0x2 
 .text.UART_SetConfig
                0x000000000800814c      0x4e8 ./Drivers/STM32F4xx_HAL_Driver/Src/stm32f4xx_hal_uart.o
 .text.pvPortMalloc
                0x0000000008008634      0x188 ./FreeRTOS/MemMang/heap_4.o
                0x0000000008008634                pvPortMalloc
 .text.vPortFree
                0x00000000080087bc       0xb4 ./FreeRTOS/MemMang/heap_4.o
                0x00000000080087bc                vPortFree
 .text.prvHeapInit
                0x0000000008008870       0xc4 ./FreeRTOS/MemMang/heap_4.o
 .text.prvInsertBlockIntoFreeList
                0x0000000008008934       0xb4 ./FreeRTOS/MemMang/heap_4.o
 .text.vListInitialise
                0x00000000080089e8       0x40 ./FreeRTOS/list.o
                0x00000000080089e8                vListInitialise
 .text.vListInitialiseItem
                0x0000000008008a28       0x1a ./FreeRTOS/list.o
                0x0000000008008a28                vListInitialiseItem
 .text.vListInsertEnd
                0x0000000008008a42       0x48 ./FreeRTOS/list.o
                0x0000000008008a42                vListInsertEnd
 .text.vListInsert
                0x0000000008008a8a       0x72 ./FreeRTOS/list.o
                0x0000000008008a8a                vListInsert
 .text.uxListRemove
                0x0000000008008afc       0x54 ./FreeRTOS/list.o
                0x0000000008008afc                uxListRemove
 .text.xQueueGenericReset
                0x0000000008008b50       0xd0 ./FreeRTOS/queue.o
                0x0000000008008b50                xQueueGenericReset
 .text.xQueueGenericCreate
                0x0000000008008c20       0xbe ./FreeRTOS/queue.o
                0x0000000008008c20                xQueueGenericCreate
 .text.prvInitialiseNewQueue
                0x0000000008008cde       0x46 ./FreeRTOS/queue.o
 .text.xQueueGenericSend
                0x0000000008008d24      0x1fc ./FreeRTOS/queue.o
                0x0000000008008d24                xQueueGenericSend
 .text.xQueueGenericSendFromISR
                0x0000000008008f20      0x154 ./FreeRTOS/queue.o
                0x0000000008008f20                xQueueGenericSendFromISR
 .text.xQueueGiveFromISR
                0x0000000008009074      0x138 ./FreeRTOS/queue.o
                0x0000000008009074                xQueueGiveFromISR
 .text.xQueueReceive
                0x00000000080091ac      0x1c0 ./FreeRTOS/queue.o
                0x00000000080091ac                xQueueReceive
 .text.prvCopyDataToQueue
                0x000000000800936c       0xd4 ./FreeRTOS/queue.o
 .text.prvCopyDataFromQueue
                0x0000000008009440       0x4c ./FreeRTOS/queue.o
 .text.prvUnlockQueue
                0x000000000800948c       0xa4 ./FreeRTOS/queue.o
 .text.prvIsQueueEmpty
                0x0000000008009530       0x2c ./FreeRTOS/queue.o
 .text.prvIsQueueFull
                0x000000000800955c       0x30 ./FreeRTOS/queue.o
 .text.vQueueAddToRegistry
                0x000000000800958c       0x54 ./FreeRTOS/queue.o
                0x000000000800958c                vQueueAddToRegistry
 .text.vQueueWaitForMessageRestricted
                0x00000000080095e0       0x68 ./FreeRTOS/queue.o
                0x00000000080095e0                vQueueWaitForMessageRestricted
 .text.xTaskCreate
                0x0000000008009648       0x82 ./FreeRTOS/tasks.o
                0x0000000008009648                xTaskCreate
 .text.prvInitialiseNewTask
                0x00000000080096ca      0x11e ./FreeRTOS/tasks.o
 .text.prvAddNewTaskToReadyList
                0x00000000080097e8       0xdc ./FreeRTOS/tasks.o
 .text.vTaskDelay
                0x00000000080098c4       0x68 ./FreeRTOS/tasks.o
                0x00000000080098c4                vTaskDelay
 .text.vTaskSuspend
                0x000000000800992c      0x124 ./FreeRTOS/tasks.o
                0x000000000800992c                vTaskSuspend
 .text.prvTaskIsTaskSuspended
                0x0000000008009a50       0x64 ./FreeRTOS/tasks.o
 .text.vTaskResume
                0x0000000008009ab4       0xbc ./FreeRTOS/tasks.o
                0x0000000008009ab4                vTaskResume
 .text.vTaskStartScheduler
                0x0000000008009b70       0x9c ./FreeRTOS/tasks.o
                0x0000000008009b70                vTaskStartScheduler
 .text.vTaskSuspendAll
                0x0000000008009c0c       0x1c ./FreeRTOS/tasks.o
                0x0000000008009c0c                vTaskSuspendAll
 .text.xTaskResumeAll
                0x0000000008009c28      0x138 ./FreeRTOS/tasks.o
                0x0000000008009c28                xTaskResumeAll
 .text.xTaskGetTickCount
                0x0000000008009d60       0x20 ./FreeRTOS/tasks.o
                0x0000000008009d60                xTaskGetTickCount
 .text.xTaskIncrementTick
                0x0000000008009d80      0x170 ./FreeRTOS/tasks.o
                0x0000000008009d80                xTaskIncrementTick
 .text.vTaskSwitchContext
                0x0000000008009ef0       0xb8 ./FreeRTOS/tasks.o
                0x0000000008009ef0                vTaskSwitchContext
 .text.vTaskPlaceOnEventList
                0x0000000008009fa8       0x48 ./FreeRTOS/tasks.o
                0x0000000008009fa8                vTaskPlaceOnEventList
 .text.vTaskPlaceOnEventListRestricted
                0x0000000008009ff0       0x58 ./FreeRTOS/tasks.o
                0x0000000008009ff0                vTaskPlaceOnEventListRestricted
 .text.xTaskRemoveFromEventList
                0x000000000800a048       0xc4 ./FreeRTOS/tasks.o
                0x000000000800a048                xTaskRemoveFromEventList
 .text.vTaskInternalSetTimeOutState
                0x000000000800a10c       0x2c ./FreeRTOS/tasks.o
                0x000000000800a10c                vTaskInternalSetTimeOutState
 .text.xTaskCheckForTimeOut
                0x000000000800a138       0xc4 ./FreeRTOS/tasks.o
                0x000000000800a138                xTaskCheckForTimeOut
 .text.vTaskMissedYield
                0x000000000800a1fc       0x18 ./FreeRTOS/tasks.o
                0x000000000800a1fc                vTaskMissedYield
 .text.prvIdleTask
                0x000000000800a214       0x30 ./FreeRTOS/tasks.o
 .text.prvInitialiseTaskLists
                0x000000000800a244       0x80 ./FreeRTOS/tasks.o
 .text.prvCheckTasksWaitingTermination
                0x000000000800a2c4       0x5c ./FreeRTOS/tasks.o
 .text.prvDeleteTCB
                0x000000000800a320       0x20 ./FreeRTOS/tasks.o
 .text.prvResetNextTaskUnblockTime
                0x000000000800a340       0x40 ./FreeRTOS/tasks.o
 .text.xTaskGetSchedulerState
                0x000000000800a380       0x3c ./FreeRTOS/tasks.o
                0x000000000800a380                xTaskGetSchedulerState
 .text.xTaskPriorityDisinherit
                0x000000000800a3bc      0x10c ./FreeRTOS/tasks.o
                0x000000000800a3bc                xTaskPriorityDisinherit
 .text.prvAddCurrentTaskToDelayedList
                0x000000000800a4c8       0xcc ./FreeRTOS/tasks.o
 .text.xTimerCreateTimerTask
                0x000000000800a594       0x64 ./FreeRTOS/timers.o
                0x000000000800a594                xTimerCreateTimerTask
 .text.xTimerGenericCommand
                0x000000000800a5f8       0x9c ./FreeRTOS/timers.o
                0x000000000800a5f8                xTimerGenericCommand
 .text.prvProcessExpiredTimer
                0x000000000800a694       0x98 ./FreeRTOS/timers.o
 .text.prvTimerTask
                0x000000000800a72c       0x24 ./FreeRTOS/timers.o
 .text.prvProcessTimerOrBlockTask
                0x000000000800a750       0x9c ./FreeRTOS/timers.o
 .text.prvGetNextExpireTime
                0x000000000800a7ec       0x48 ./FreeRTOS/timers.o
 .text.prvSampleTimeNow
                0x000000000800a834       0x40 ./FreeRTOS/timers.o
 .text.prvInsertTimerInActiveList
                0x000000000800a874       0x84 ./FreeRTOS/timers.o
 .text.prvProcessReceivedCommands
                0x000000000800a8f8      0x18c ./FreeRTOS/timers.o
 .text.prvSwitchTimerLists
                0x000000000800aa84       0xc8 ./FreeRTOS/timers.o
 .text.prvCheckForValidListAndQueue
                0x000000000800ab4c       0x6c ./FreeRTOS/timers.o
 .text.pxPortInitialiseStack
                0x000000000800abb8       0x68 ./FreeRTOS/portable/ARM_CM4F/port.o
                0x000000000800abb8                pxPortInitialiseStack
 .text.prvTaskExitError
                0x000000000800ac20       0x58 ./FreeRTOS/portable/ARM_CM4F/port.o
 *fill*         0x000000000800ac78        0x8 
 .text.SVC_Handler
                0x000000000800ac80       0x28 ./FreeRTOS/portable/ARM_CM4F/port.o
                0x000000000800ac80                SVC_Handler
 .text.prvPortStartFirstTask
                0x000000000800aca8       0x28 ./FreeRTOS/portable/ARM_CM4F/port.o
 .text.xPortStartScheduler
                0x000000000800acd0      0x144 ./FreeRTOS/portable/ARM_CM4F/port.o
                0x000000000800acd0                xPortStartScheduler
 .text.vPortEnterCritical
                0x000000000800ae14       0x60 ./FreeRTOS/portable/ARM_CM4F/port.o
                0x000000000800ae14                vPortEnterCritical
 .text.vPortExitCritical
                0x000000000800ae74       0x54 ./FreeRTOS/portable/ARM_CM4F/port.o
                0x000000000800ae74                vPortExitCritical
 *fill*         0x000000000800aec8        0x8 
 .text.PendSV_Handler
                0x000000000800aed0       0x68 ./FreeRTOS/portable/ARM_CM4F/port.o
                0x000000000800aed0                PendSV_Handler
 .text.SysTick_Handler
                0x000000000800af38       0x44 ./FreeRTOS/portable/ARM_CM4F/port.o
                0x000000000800af38                SysTick_Handler
 .text.vPortSetupTimerInterrupt
                0x000000000800af7c       0x48 ./FreeRTOS/portable/ARM_CM4F/port.o
                0x000000000800af7c                vPortSetupTimerInterrupt
 .text.vPortEnableVFP
                0x000000000800afc4       0x14 ./FreeRTOS/portable/ARM_CM4F/port.o
 .text.vPortValidateInterruptPriority
                0x000000000800afd8       0x80 ./FreeRTOS/portable/ARM_CM4F/port.o
                0x000000000800afd8                vPortValidateInterruptPriority
 .text.__errno  0x000000000800b058        0xc c:/st/stm32cubeide_1.11.0/stm32cubeide/plugins/com.st.stm32cube.ide.mcu.externaltools.gnu-tools-for-stm32.10.3-2021.10.win32_1.0.100.202210260954/tools/bin/../lib/gcc/arm-none-eabi/10.3.1/../../../../arm-none-eabi/lib/thumb/v7e-m+fp/hard\libc_nano.a(lib_a-errno.o)
                0x000000000800b058                __errno
 .text.__libc_init_array
                0x000000000800b064       0x48 c:/st/stm32cubeide_1.11.0/stm32cubeide/plugins/com.st.stm32cube.ide.mcu.externaltools.gnu-tools-for-stm32.10.3-2021.10.win32_1.0.100.202210260954/tools/bin/../lib/gcc/arm-none-eabi/10.3.1/../../../../arm-none-eabi/lib/thumb/v7e-m+fp/hard\libc_nano.a(lib_a-init.o)
                0x000000000800b064                __libc_init_array
 .text.malloc   0x000000000800b0ac       0x10 c:/st/stm32cubeide_1.11.0/stm32cubeide/plugins/com.st.stm32cube.ide.mcu.externaltools.gnu-tools-for-stm32.10.3-2021.10.win32_1.0.100.202210260954/tools/bin/../lib/gcc/arm-none-eabi/10.3.1/../../../../arm-none-eabi/lib/thumb/v7e-m+fp/hard\libc_nano.a(lib_a-malloc.o)
                0x000000000800b0ac                malloc
 .text.free     0x000000000800b0bc       0x10 c:/st/stm32cubeide_1.11.0/stm32cubeide/plugins/com.st.stm32cube.ide.mcu.externaltools.gnu-tools-for-stm32.10.3-2021.10.win32_1.0.100.202210260954/tools/bin/../lib/gcc/arm-none-eabi/10.3.1/../../../../arm-none-eabi/lib/thumb/v7e-m+fp/hard\libc_nano.a(lib_a-malloc.o)
                0x000000000800b0bc                free
 .text.memcpy   0x000000000800b0cc       0x1c c:/st/stm32cubeide_1.11.0/stm32cubeide/plugins/com.st.stm32cube.ide.mcu.externaltools.gnu-tools-for-stm32.10.3-2021.10.win32_1.0.100.202210260954/tools/bin/../lib/gcc/arm-none-eabi/10.3.1/../../../../arm-none-eabi/lib/thumb/v7e-m+fp/hard\libc_nano.a(lib_a-memcpy-stub.o)
                0x000000000800b0cc                memcpy
 .text.memset   0x000000000800b0e8       0x10 c:/st/stm32cubeide_1.11.0/stm32cubeide/plugins/com.st.stm32cube.ide.mcu.externaltools.gnu-tools-for-stm32.10.3-2021.10.win32_1.0.100.202210260954/tools/bin/../lib/gcc/arm-none-eabi/10.3.1/../../../../arm-none-eabi/lib/thumb/v7e-m+fp/hard\libc_nano.a(lib_a-memset.o)
                0x000000000800b0e8                memset
 .text._free_r  0x000000000800b0f8       0x98 c:/st/stm32cubeide_1.11.0/stm32cubeide/plugins/com.st.stm32cube.ide.mcu.externaltools.gnu-tools-for-stm32.10.3-2021.10.win32_1.0.100.202210260954/tools/bin/../lib/gcc/arm-none-eabi/10.3.1/../../../../arm-none-eabi/lib/thumb/v7e-m+fp/hard\libc_nano.a(lib_a-nano-freer.o)
                0x000000000800b0f8                _free_r
 .text.sbrk_aligned
                0x000000000800b190       0x40 c:/st/stm32cubeide_1.11.0/stm32cubeide/plugins/com.st.stm32cube.ide.mcu.externaltools.gnu-tools-for-stm32.10.3-2021.10.win32_1.0.100.202210260954/tools/bin/../lib/gcc/arm-none-eabi/10.3.1/../../../../arm-none-eabi/lib/thumb/v7e-m+fp/hard\libc_nano.a(lib_a-nano-mallocr.o)
 .text._malloc_r
                0x000000000800b1d0       0xe8 c:/st/stm32cubeide_1.11.0/stm32cubeide/plugins/com.st.stm32cube.ide.mcu.externaltools.gnu-tools-for-stm32.10.3-2021.10.win32_1.0.100.202210260954/tools/bin/../lib/gcc/arm-none-eabi/10.3.1/../../../../arm-none-eabi/lib/thumb/v7e-m+fp/hard\libc_nano.a(lib_a-nano-mallocr.o)
                0x000000000800b1d0                _malloc_r
 .text.__cvt    0x000000000800b2b8       0xc4 c:/st/stm32cubeide_1.11.0/stm32cubeide/plugins/com.st.stm32cube.ide.mcu.externaltools.gnu-tools-for-stm32.10.3-2021.10.win32_1.0.100.202210260954/tools/bin/../lib/gcc/arm-none-eabi/10.3.1/../../../../arm-none-eabi/lib/thumb/v7e-m+fp/hard\libc_nano.a(lib_a-nano-vfprintf_float.o)
                0x000000000800b2b8                __cvt
 .text.__exponent
                0x000000000800b37c       0x7c c:/st/stm32cubeide_1.11.0/stm32cubeide/plugins/com.st.stm32cube.ide.mcu.externaltools.gnu-tools-for-stm32.10.3-2021.10.win32_1.0.100.202210260954/tools/bin/../lib/gcc/arm-none-eabi/10.3.1/../../../../arm-none-eabi/lib/thumb/v7e-m+fp/hard\libc_nano.a(lib_a-nano-vfprintf_float.o)
                0x000000000800b37c                __exponent
 .text._printf_float
                0x000000000800b3f8      0x46c c:/st/stm32cubeide_1.11.0/stm32cubeide/plugins/com.st.stm32cube.ide.mcu.externaltools.gnu-tools-for-stm32.10.3-2021.10.win32_1.0.100.202210260954/tools/bin/../lib/gcc/arm-none-eabi/10.3.1/../../../../arm-none-eabi/lib/thumb/v7e-m+fp/hard\libc_nano.a(lib_a-nano-vfprintf_float.o)
                0x000000000800b3f8                _printf_float
 .text._printf_common
                0x000000000800b864       0xda c:/st/stm32cubeide_1.11.0/stm32cubeide/plugins/com.st.stm32cube.ide.mcu.externaltools.gnu-tools-for-stm32.10.3-2021.10.win32_1.0.100.202210260954/tools/bin/../lib/gcc/arm-none-eabi/10.3.1/../../../../arm-none-eabi/lib/thumb/v7e-m+fp/hard\libc_nano.a(lib_a-nano-vfprintf_i.o)
                0x000000000800b864                _printf_common
 *fill*         0x000000000800b93e        0x2 
 .text._printf_i
                0x000000000800b940      0x24c c:/st/stm32cubeide_1.11.0/stm32cubeide/plugins/com.st.stm32cube.ide.mcu.externaltools.gnu-tools-for-stm32.10.3-2021.10.win32_1.0.100.202210260954/tools/bin/../lib/gcc/arm-none-eabi/10.3.1/../../../../arm-none-eabi/lib/thumb/v7e-m+fp/hard\libc_nano.a(lib_a-nano-vfprintf_i.o)
                0x000000000800b940                _printf_i
 .text._scanf_float
                0x000000000800bb8c      0x420 c:/st/stm32cubeide_1.11.0/stm32cubeide/plugins/com.st.stm32cube.ide.mcu.externaltools.gnu-tools-for-stm32.10.3-2021.10.win32_1.0.100.202210260954/tools/bin/../lib/gcc/arm-none-eabi/10.3.1/../../../../arm-none-eabi/lib/thumb/v7e-m+fp/hard\libc_nano.a(lib_a-nano-vfscanf_float.o)
                0x000000000800bb8c                _scanf_float
 .text._sbrk_r  0x000000000800bfac       0x20 c:/st/stm32cubeide_1.11.0/stm32cubeide/plugins/com.st.stm32cube.ide.mcu.externaltools.gnu-tools-for-stm32.10.3-2021.10.win32_1.0.100.202210260954/tools/bin/../lib/gcc/arm-none-eabi/10.3.1/../../../../arm-none-eabi/lib/thumb/v7e-m+fp/hard\libc_nano.a(lib_a-sbrkr.o)
                0x000000000800bfac                _sbrk_r
 .text.nanf     0x000000000800bfcc        0xc c:/st/stm32cubeide_1.11.0/stm32cubeide/plugins/com.st.stm32cube.ide.mcu.externaltools.gnu-tools-for-stm32.10.3-2021.10.win32_1.0.100.202210260954/tools/bin/../lib/gcc/arm-none-eabi/10.3.1/../../../../arm-none-eabi/lib/thumb/v7e-m+fp/hard\libc_nano.a(lib_a-sf_nan.o)
                0x000000000800bfcc                nanf
 .text.sprintf  0x000000000800bfd8       0x40 c:/st/stm32cubeide_1.11.0/stm32cubeide/plugins/com.st.stm32cube.ide.mcu.externaltools.gnu-tools-for-stm32.10.3-2021.10.win32_1.0.100.202210260954/tools/bin/../lib/gcc/arm-none-eabi/10.3.1/../../../../arm-none-eabi/lib/thumb/v7e-m+fp/hard\libc_nano.a(lib_a-sprintf.o)
                0x000000000800bfd8                siprintf
                0x000000000800bfd8                sprintf
 .text.__sread  0x000000000800c018       0x22 c:/st/stm32cubeide_1.11.0/stm32cubeide/plugins/com.st.stm32cube.ide.mcu.externaltools.gnu-tools-for-stm32.10.3-2021.10.win32_1.0.100.202210260954/tools/bin/../lib/gcc/arm-none-eabi/10.3.1/../../../../arm-none-eabi/lib/thumb/v7e-m+fp/hard\libc_nano.a(lib_a-stdio.o)
                0x000000000800c018                __sread
 .text.__swrite
                0x000000000800c03a       0x38 c:/st/stm32cubeide_1.11.0/stm32cubeide/plugins/com.st.stm32cube.ide.mcu.externaltools.gnu-tools-for-stm32.10.3-2021.10.win32_1.0.100.202210260954/tools/bin/../lib/gcc/arm-none-eabi/10.3.1/../../../../arm-none-eabi/lib/thumb/v7e-m+fp/hard\libc_nano.a(lib_a-stdio.o)
                0x000000000800c03a                __swrite
 .text.__sseek  0x000000000800c072       0x24 c:/st/stm32cubeide_1.11.0/stm32cubeide/plugins/com.st.stm32cube.ide.mcu.externaltools.gnu-tools-for-stm32.10.3-2021.10.win32_1.0.100.202210260954/tools/bin/../lib/gcc/arm-none-eabi/10.3.1/../../../../arm-none-eabi/lib/thumb/v7e-m+fp/hard\libc_nano.a(lib_a-stdio.o)
                0x000000000800c072                __sseek
 .text.__sclose
                0x000000000800c096        0x8 c:/st/stm32cubeide_1.11.0/stm32cubeide/plugins/com.st.stm32cube.ide.mcu.externaltools.gnu-tools-for-stm32.10.3-2021.10.win32_1.0.100.202210260954/tools/bin/../lib/gcc/arm-none-eabi/10.3.1/../../../../arm-none-eabi/lib/thumb/v7e-m+fp/hard\libc_nano.a(lib_a-stdio.o)
                0x000000000800c096                __sclose
 .text.sulp     0x000000000800c09e       0x38 c:/st/stm32cubeide_1.11.0/stm32cubeide/plugins/com.st.stm32cube.ide.mcu.externaltools.gnu-tools-for-stm32.10.3-2021.10.win32_1.0.100.202210260954/tools/bin/../lib/gcc/arm-none-eabi/10.3.1/../../../../arm-none-eabi/lib/thumb/v7e-m+fp/hard\libc_nano.a(lib_a-strtod.o)
 *fill*         0x000000000800c0d6        0x2 
 .text._strtod_l
                0x000000000800c0d8      0xc0c c:/st/stm32cubeide_1.11.0/stm32cubeide/plugins/com.st.stm32cube.ide.mcu.externaltools.gnu-tools-for-stm32.10.3-2021.10.win32_1.0.100.202210260954/tools/bin/../lib/gcc/arm-none-eabi/10.3.1/../../../../arm-none-eabi/lib/thumb/v7e-m+fp/hard\libc_nano.a(lib_a-strtod.o)
                0x000000000800c0d8                _strtod_l
 .text._strtod_r
                0x000000000800cce4        0xc c:/st/stm32cubeide_1.11.0/stm32cubeide/plugins/com.st.stm32cube.ide.mcu.externaltools.gnu-tools-for-stm32.10.3-2021.10.win32_1.0.100.202210260954/tools/bin/../lib/gcc/arm-none-eabi/10.3.1/../../../../arm-none-eabi/lib/thumb/v7e-m+fp/hard\libc_nano.a(lib_a-strtod.o)
                0x000000000800cce4                _strtod_r
 .text._strtol_l.constprop.0
                0x000000000800ccf0      0x104 c:/st/stm32cubeide_1.11.0/stm32cubeide/plugins/com.st.stm32cube.ide.mcu.externaltools.gnu-tools-for-stm32.10.3-2021.10.win32_1.0.100.202210260954/tools/bin/../lib/gcc/arm-none-eabi/10.3.1/../../../../arm-none-eabi/lib/thumb/v7e-m+fp/hard\libc_nano.a(lib_a-strtol.o)
 .text._strtol_r
                0x000000000800cdf4        0x4 c:/st/stm32cubeide_1.11.0/stm32cubeide/plugins/com.st.stm32cube.ide.mcu.externaltools.gnu-tools-for-stm32.10.3-2021.10.win32_1.0.100.202210260954/tools/bin/../lib/gcc/arm-none-eabi/10.3.1/../../../../arm-none-eabi/lib/thumb/v7e-m+fp/hard\libc_nano.a(lib_a-strtol.o)
                0x000000000800cdf4                _strtol_r
 .text.__swbuf_r
                0x000000000800cdf8       0xa4 c:/st/stm32cubeide_1.11.0/stm32cubeide/plugins/com.st.stm32cube.ide.mcu.externaltools.gnu-tools-for-stm32.10.3-2021.10.win32_1.0.100.202210260954/tools/bin/../lib/gcc/arm-none-eabi/10.3.1/../../../../arm-none-eabi/lib/thumb/v7e-m+fp/hard\libc_nano.a(lib_a-wbuf.o)
                0x000000000800cdf8                __swbuf_r
 .text._write_r
                0x000000000800ce9c       0x24 c:/st/stm32cubeide_1.11.0/stm32cubeide/plugins/com.st.stm32cube.ide.mcu.externaltools.gnu-tools-for-stm32.10.3-2021.10.win32_1.0.100.202210260954/tools/bin/../lib/gcc/arm-none-eabi/10.3.1/../../../../arm-none-eabi/lib/thumb/v7e-m+fp/hard\libc_nano.a(lib_a-writer.o)
                0x000000000800ce9c                _write_r
 .text.__swsetup_r
                0x000000000800cec0       0xdc c:/st/stm32cubeide_1.11.0/stm32cubeide/plugins/com.st.stm32cube.ide.mcu.externaltools.gnu-tools-for-stm32.10.3-2021.10.win32_1.0.100.202210260954/tools/bin/../lib/gcc/arm-none-eabi/10.3.1/../../../../arm-none-eabi/lib/thumb/v7e-m+fp/hard\libc_nano.a(lib_a-wsetup.o)
                0x000000000800cec0                __swsetup_r
 .text._close_r
                0x000000000800cf9c       0x20 c:/st/stm32cubeide_1.11.0/stm32cubeide/plugins/com.st.stm32cube.ide.mcu.externaltools.gnu-tools-for-stm32.10.3-2021.10.win32_1.0.100.202210260954/tools/bin/../lib/gcc/arm-none-eabi/10.3.1/../../../../arm-none-eabi/lib/thumb/v7e-m+fp/hard\libc_nano.a(lib_a-closer.o)
                0x000000000800cf9c                _close_r
 .text.quorem   0x000000000800cfbc      0x116 c:/st/stm32cubeide_1.11.0/stm32cubeide/plugins/com.st.stm32cube.ide.mcu.externaltools.gnu-tools-for-stm32.10.3-2021.10.win32_1.0.100.202210260954/tools/bin/../lib/gcc/arm-none-eabi/10.3.1/../../../../arm-none-eabi/lib/thumb/v7e-m+fp/hard\libc_nano.a(lib_a-dtoa.o)
 *fill*         0x000000000800d0d2        0x6 
 .text._dtoa_r  0x000000000800d0d8      0xbdc c:/st/stm32cubeide_1.11.0/stm32cubeide/plugins/com.st.stm32cube.ide.mcu.externaltools.gnu-tools-for-stm32.10.3-2021.10.win32_1.0.100.202210260954/tools/bin/../lib/gcc/arm-none-eabi/10.3.1/../../../../arm-none-eabi/lib/thumb/v7e-m+fp/hard\libc_nano.a(lib_a-dtoa.o)
                0x000000000800d0d8                _dtoa_r
 .text.__sflush_r
                0x000000000800dcb4      0x10c c:/st/stm32cubeide_1.11.0/stm32cubeide/plugins/com.st.stm32cube.ide.mcu.externaltools.gnu-tools-for-stm32.10.3-2021.10.win32_1.0.100.202210260954/tools/bin/../lib/gcc/arm-none-eabi/10.3.1/../../../../arm-none-eabi/lib/thumb/v7e-m+fp/hard\libc_nano.a(lib_a-fflush.o)
                0x000000000800dcb4                __sflush_r
 .text._fflush_r
                0x000000000800ddc0       0x78 c:/st/stm32cubeide_1.11.0/stm32cubeide/plugins/com.st.stm32cube.ide.mcu.externaltools.gnu-tools-for-stm32.10.3-2021.10.win32_1.0.100.202210260954/tools/bin/../lib/gcc/arm-none-eabi/10.3.1/../../../../arm-none-eabi/lib/thumb/v7e-m+fp/hard\libc_nano.a(lib_a-fflush.o)
                0x000000000800ddc0                _fflush_r
 .text.std      0x000000000800de38       0x48 c:/st/stm32cubeide_1.11.0/stm32cubeide/plugins/com.st.stm32cube.ide.mcu.externaltools.gnu-tools-for-stm32.10.3-2021.10.win32_1.0.100.202210260954/tools/bin/../lib/gcc/arm-none-eabi/10.3.1/../../../../arm-none-eabi/lib/thumb/v7e-m+fp/hard\libc_nano.a(lib_a-findfp.o)
 .text._cleanup_r
                0x000000000800de80        0xc c:/st/stm32cubeide_1.11.0/stm32cubeide/plugins/com.st.stm32cube.ide.mcu.externaltools.gnu-tools-for-stm32.10.3-2021.10.win32_1.0.100.202210260954/tools/bin/../lib/gcc/arm-none-eabi/10.3.1/../../../../arm-none-eabi/lib/thumb/v7e-m+fp/hard\libc_nano.a(lib_a-findfp.o)
                0x000000000800de80                _cleanup_r
 .text.__sfmoreglue
                0x000000000800de8c       0x2c c:/st/stm32cubeide_1.11.0/stm32cubeide/plugins/com.st.stm32cube.ide.mcu.externaltools.gnu-tools-for-stm32.10.3-2021.10.win32_1.0.100.202210260954/tools/bin/../lib/gcc/arm-none-eabi/10.3.1/../../../../arm-none-eabi/lib/thumb/v7e-m+fp/hard\libc_nano.a(lib_a-findfp.o)
                0x000000000800de8c                __sfmoreglue
 .text.__sfp_lock_acquire
                0x000000000800deb8        0xc c:/st/stm32cubeide_1.11.0/stm32cubeide/plugins/com.st.stm32cube.ide.mcu.externaltools.gnu-tools-for-stm32.10.3-2021.10.win32_1.0.100.202210260954/tools/bin/../lib/gcc/arm-none-eabi/10.3.1/../../../../arm-none-eabi/lib/thumb/v7e-m+fp/hard\libc_nano.a(lib_a-findfp.o)
                0x000000000800deb8                __sfp_lock_acquire
 .text.__sfp_lock_release
                0x000000000800dec4        0xc c:/st/stm32cubeide_1.11.0/stm32cubeide/plugins/com.st.stm32cube.ide.mcu.externaltools.gnu-tools-for-stm32.10.3-2021.10.win32_1.0.100.202210260954/tools/bin/../lib/gcc/arm-none-eabi/10.3.1/../../../../arm-none-eabi/lib/thumb/v7e-m+fp/hard\libc_nano.a(lib_a-findfp.o)
                0x000000000800dec4                __sfp_lock_release
 .text.__sinit_lock_acquire
                0x000000000800ded0        0xc c:/st/stm32cubeide_1.11.0/stm32cubeide/plugins/com.st.stm32cube.ide.mcu.externaltools.gnu-tools-for-stm32.10.3-2021.10.win32_1.0.100.202210260954/tools/bin/../lib/gcc/arm-none-eabi/10.3.1/../../../../arm-none-eabi/lib/thumb/v7e-m+fp/hard\libc_nano.a(lib_a-findfp.o)
                0x000000000800ded0                __sinit_lock_acquire
 .text.__sinit_lock_release
                0x000000000800dedc        0xc c:/st/stm32cubeide_1.11.0/stm32cubeide/plugins/com.st.stm32cube.ide.mcu.externaltools.gnu-tools-for-stm32.10.3-2021.10.win32_1.0.100.202210260954/tools/bin/../lib/gcc/arm-none-eabi/10.3.1/../../../../arm-none-eabi/lib/thumb/v7e-m+fp/hard\libc_nano.a(lib_a-findfp.o)
                0x000000000800dedc                __sinit_lock_release
 .text.__sinit  0x000000000800dee8       0x70 c:/st/stm32cubeide_1.11.0/stm32cubeide/plugins/com.st.stm32cube.ide.mcu.externaltools.gnu-tools-for-stm32.10.3-2021.10.win32_1.0.100.202210260954/tools/bin/../lib/gcc/arm-none-eabi/10.3.1/../../../../arm-none-eabi/lib/thumb/v7e-m+fp/hard\libc_nano.a(lib_a-findfp.o)
                0x000000000800dee8                __sinit
 .text.__sfp    0x000000000800df58       0x8c c:/st/stm32cubeide_1.11.0/stm32cubeide/plugins/com.st.stm32cube.ide.mcu.externaltools.gnu-tools-for-stm32.10.3-2021.10.win32_1.0.100.202210260954/tools/bin/../lib/gcc/arm-none-eabi/10.3.1/../../../../arm-none-eabi/lib/thumb/v7e-m+fp/hard\libc_nano.a(lib_a-findfp.o)
                0x000000000800df58                __sfp
 .text._fwalk_reent
                0x000000000800dfe4       0x3e c:/st/stm32cubeide_1.11.0/stm32cubeide/plugins/com.st.stm32cube.ide.mcu.externaltools.gnu-tools-for-stm32.10.3-2021.10.win32_1.0.100.202210260954/tools/bin/../lib/gcc/arm-none-eabi/10.3.1/../../../../arm-none-eabi/lib/thumb/v7e-m+fp/hard\libc_nano.a(lib_a-fwalk.o)
                0x000000000800dfe4                _fwalk_reent
 .text.rshift   0x000000000800e022       0xa4 c:/st/stm32cubeide_1.11.0/stm32cubeide/plugins/com.st.stm32cube.ide.mcu.externaltools.gnu-tools-for-stm32.10.3-2021.10.win32_1.0.100.202210260954/tools/bin/../lib/gcc/arm-none-eabi/10.3.1/../../../../arm-none-eabi/lib/thumb/v7e-m+fp/hard\libc_nano.a(lib_a-gdtoa-gethex.o)
 .text.__hexdig_fun
                0x000000000800e0c6       0x2a c:/st/stm32cubeide_1.11.0/stm32cubeide/plugins/com.st.stm32cube.ide.mcu.externaltools.gnu-tools-for-stm32.10.3-2021.10.win32_1.0.100.202210260954/tools/bin/../lib/gcc/arm-none-eabi/10.3.1/../../../../arm-none-eabi/lib/thumb/v7e-m+fp/hard\libc_nano.a(lib_a-gdtoa-gethex.o)
                0x000000000800e0c6                __hexdig_fun
 .text.__gethex
                0x000000000800e0f0      0x48c c:/st/stm32cubeide_1.11.0/stm32cubeide/plugins/com.st.stm32cube.ide.mcu.externaltools.gnu-tools-for-stm32.10.3-2021.10.win32_1.0.100.202210260954/tools/bin/../lib/gcc/arm-none-eabi/10.3.1/../../../../arm-none-eabi/lib/thumb/v7e-m+fp/hard\libc_nano.a(lib_a-gdtoa-gethex.o)
                0x000000000800e0f0                __gethex
 .text.L_shift  0x000000000800e57c       0x24 c:/st/stm32cubeide_1.11.0/stm32cubeide/plugins/com.st.stm32cube.ide.mcu.externaltools.gnu-tools-for-stm32.10.3-2021.10.win32_1.0.100.202210260954/tools/bin/../lib/gcc/arm-none-eabi/10.3.1/../../../../arm-none-eabi/lib/thumb/v7e-m+fp/hard\libc_nano.a(lib_a-gdtoa-hexnan.o)
 .text.__match  0x000000000800e5a0       0x28 c:/st/stm32cubeide_1.11.0/stm32cubeide/plugins/com.st.stm32cube.ide.mcu.externaltools.gnu-tools-for-stm32.10.3-2021.10.win32_1.0.100.202210260954/tools/bin/../lib/gcc/arm-none-eabi/10.3.1/../../../../arm-none-eabi/lib/thumb/v7e-m+fp/hard\libc_nano.a(lib_a-gdtoa-hexnan.o)
                0x000000000800e5a0                __match
 .text.__hexnan
                0x000000000800e5c8      0x138 c:/st/stm32cubeide_1.11.0/stm32cubeide/plugins/com.st.stm32cube.ide.mcu.externaltools.gnu-tools-for-stm32.10.3-2021.10.win32_1.0.100.202210260954/tools/bin/../lib/gcc/arm-none-eabi/10.3.1/../../../../arm-none-eabi/lib/thumb/v7e-m+fp/hard\libc_nano.a(lib_a-gdtoa-hexnan.o)
                0x000000000800e5c8                __hexnan
 .text._localeconv_r
                0x000000000800e700        0x8 c:/st/stm32cubeide_1.11.0/stm32cubeide/plugins/com.st.stm32cube.ide.mcu.externaltools.gnu-tools-for-stm32.10.3-2021.10.win32_1.0.100.202210260954/tools/bin/../lib/gcc/arm-none-eabi/10.3.1/../../../../arm-none-eabi/lib/thumb/v7e-m+fp/hard\libc_nano.a(lib_a-localeconv.o)
                0x000000000800e700                _localeconv_r
 .text.__retarget_lock_init_recursive
                0x000000000800e708        0x2 c:/st/stm32cubeide_1.11.0/stm32cubeide/plugins/com.st.stm32cube.ide.mcu.externaltools.gnu-tools-for-stm32.10.3-2021.10.win32_1.0.100.202210260954/tools/bin/../lib/gcc/arm-none-eabi/10.3.1/../../../../arm-none-eabi/lib/thumb/v7e-m+fp/hard\libc_nano.a(lib_a-lock.o)
                0x000000000800e708                __retarget_lock_init_recursive
 .text.__retarget_lock_acquire_recursive
                0x000000000800e70a        0x2 c:/st/stm32cubeide_1.11.0/stm32cubeide/plugins/com.st.stm32cube.ide.mcu.externaltools.gnu-tools-for-stm32.10.3-2021.10.win32_1.0.100.202210260954/tools/bin/../lib/gcc/arm-none-eabi/10.3.1/../../../../arm-none-eabi/lib/thumb/v7e-m+fp/hard\libc_nano.a(lib_a-lock.o)
                0x000000000800e70a                __retarget_lock_acquire_recursive
 .text.__retarget_lock_release_recursive
                0x000000000800e70c        0x2 c:/st/stm32cubeide_1.11.0/stm32cubeide/plugins/com.st.stm32cube.ide.mcu.externaltools.gnu-tools-for-stm32.10.3-2021.10.win32_1.0.100.202210260954/tools/bin/../lib/gcc/arm-none-eabi/10.3.1/../../../../arm-none-eabi/lib/thumb/v7e-m+fp/hard\libc_nano.a(lib_a-lock.o)
                0x000000000800e70c                __retarget_lock_release_recursive
 *fill*         0x000000000800e70e        0x2 
 .text._lseek_r
                0x000000000800e710       0x24 c:/st/stm32cubeide_1.11.0/stm32cubeide/plugins/com.st.stm32cube.ide.mcu.externaltools.gnu-tools-for-stm32.10.3-2021.10.win32_1.0.100.202210260954/tools/bin/../lib/gcc/arm-none-eabi/10.3.1/../../../../arm-none-eabi/lib/thumb/v7e-m+fp/hard\libc_nano.a(lib_a-lseekr.o)
                0x000000000800e710                _lseek_r
 .text.__swhatbuf_r
                0x000000000800e734       0x4a c:/st/stm32cubeide_1.11.0/stm32cubeide/plugins/com.st.stm32cube.ide.mcu.externaltools.gnu-tools-for-stm32.10.3-2021.10.win32_1.0.100.202210260954/tools/bin/../lib/gcc/arm-none-eabi/10.3.1/../../../../arm-none-eabi/lib/thumb/v7e-m+fp/hard\libc_nano.a(lib_a-makebuf.o)
                0x000000000800e734                __swhatbuf_r
 *fill*         0x000000000800e77e        0x2 
 .text.__smakebuf_r
                0x000000000800e780       0x80 c:/st/stm32cubeide_1.11.0/stm32cubeide/plugins/com.st.stm32cube.ide.mcu.externaltools.gnu-tools-for-stm32.10.3-2021.10.win32_1.0.100.202210260954/tools/bin/../lib/gcc/arm-none-eabi/10.3.1/../../../../arm-none-eabi/lib/thumb/v7e-m+fp/hard\libc_nano.a(lib_a-makebuf.o)
                0x000000000800e780                __smakebuf_r
 .text.__ascii_mbtowc
                0x000000000800e800       0x24 c:/st/stm32cubeide_1.11.0/stm32cubeide/plugins/com.st.stm32cube.ide.mcu.externaltools.gnu-tools-for-stm32.10.3-2021.10.win32_1.0.100.202210260954/tools/bin/../lib/gcc/arm-none-eabi/10.3.1/../../../../arm-none-eabi/lib/thumb/v7e-m+fp/hard\libc_nano.a(lib_a-mbtowc_r.o)
                0x000000000800e800                __ascii_mbtowc
 .text.__malloc_lock
                0x000000000800e824        0xc c:/st/stm32cubeide_1.11.0/stm32cubeide/plugins/com.st.stm32cube.ide.mcu.externaltools.gnu-tools-for-stm32.10.3-2021.10.win32_1.0.100.202210260954/tools/bin/../lib/gcc/arm-none-eabi/10.3.1/../../../../arm-none-eabi/lib/thumb/v7e-m+fp/hard\libc_nano.a(lib_a-mlock.o)
                0x000000000800e824                __malloc_lock
 .text.__malloc_unlock
                0x000000000800e830        0xc c:/st/stm32cubeide_1.11.0/stm32cubeide/plugins/com.st.stm32cube.ide.mcu.externaltools.gnu-tools-for-stm32.10.3-2021.10.win32_1.0.100.202210260954/tools/bin/../lib/gcc/arm-none-eabi/10.3.1/../../../../arm-none-eabi/lib/thumb/v7e-m+fp/hard\libc_nano.a(lib_a-mlock.o)
                0x000000000800e830                __malloc_unlock
 .text._Balloc  0x000000000800e83c       0x80 c:/st/stm32cubeide_1.11.0/stm32cubeide/plugins/com.st.stm32cube.ide.mcu.externaltools.gnu-tools-for-stm32.10.3-2021.10.win32_1.0.100.202210260954/tools/bin/../lib/gcc/arm-none-eabi/10.3.1/../../../../arm-none-eabi/lib/thumb/v7e-m+fp/hard\libc_nano.a(lib_a-mprec.o)
                0x000000000800e83c                _Balloc
 .text._Bfree   0x000000000800e8bc       0x44 c:/st/stm32cubeide_1.11.0/stm32cubeide/plugins/com.st.stm32cube.ide.mcu.externaltools.gnu-tools-for-stm32.10.3-2021.10.win32_1.0.100.202210260954/tools/bin/../lib/gcc/arm-none-eabi/10.3.1/../../../../arm-none-eabi/lib/thumb/v7e-m+fp/hard\libc_nano.a(lib_a-mprec.o)
                0x000000000800e8bc                _Bfree
 .text.__multadd
                0x000000000800e900       0x8c c:/st/stm32cubeide_1.11.0/stm32cubeide/plugins/com.st.stm32cube.ide.mcu.externaltools.gnu-tools-for-stm32.10.3-2021.10.win32_1.0.100.202210260954/tools/bin/../lib/gcc/arm-none-eabi/10.3.1/../../../../arm-none-eabi/lib/thumb/v7e-m+fp/hard\libc_nano.a(lib_a-mprec.o)
                0x000000000800e900                __multadd
 .text.__s2b    0x000000000800e98c       0x94 c:/st/stm32cubeide_1.11.0/stm32cubeide/plugins/com.st.stm32cube.ide.mcu.externaltools.gnu-tools-for-stm32.10.3-2021.10.win32_1.0.100.202210260954/tools/bin/../lib/gcc/arm-none-eabi/10.3.1/../../../../arm-none-eabi/lib/thumb/v7e-m+fp/hard\libc_nano.a(lib_a-mprec.o)
                0x000000000800e98c                __s2b
 .text.__hi0bits
                0x000000000800ea20       0x40 c:/st/stm32cubeide_1.11.0/stm32cubeide/plugins/com.st.stm32cube.ide.mcu.externaltools.gnu-tools-for-stm32.10.3-2021.10.win32_1.0.100.202210260954/tools/bin/../lib/gcc/arm-none-eabi/10.3.1/../../../../arm-none-eabi/lib/thumb/v7e-m+fp/hard\libc_nano.a(lib_a-mprec.o)
                0x000000000800ea20                __hi0bits
 .text.__lo0bits
                0x000000000800ea60       0x5e c:/st/stm32cubeide_1.11.0/stm32cubeide/plugins/com.st.stm32cube.ide.mcu.externaltools.gnu-tools-for-stm32.10.3-2021.10.win32_1.0.100.202210260954/tools/bin/../lib/gcc/arm-none-eabi/10.3.1/../../../../arm-none-eabi/lib/thumb/v7e-m+fp/hard\libc_nano.a(lib_a-mprec.o)
                0x000000000800ea60                __lo0bits
 *fill*         0x000000000800eabe        0x2 
 .text.__i2b    0x000000000800eac0       0x2c c:/st/stm32cubeide_1.11.0/stm32cubeide/plugins/com.st.stm32cube.ide.mcu.externaltools.gnu-tools-for-stm32.10.3-2021.10.win32_1.0.100.202210260954/tools/bin/../lib/gcc/arm-none-eabi/10.3.1/../../../../arm-none-eabi/lib/thumb/v7e-m+fp/hard\libc_nano.a(lib_a-mprec.o)
                0x000000000800eac0                __i2b
 .text.__multiply
                0x000000000800eaec      0x154 c:/st/stm32cubeide_1.11.0/stm32cubeide/plugins/com.st.stm32cube.ide.mcu.externaltools.gnu-tools-for-stm32.10.3-2021.10.win32_1.0.100.202210260954/tools/bin/../lib/gcc/arm-none-eabi/10.3.1/../../../../arm-none-eabi/lib/thumb/v7e-m+fp/hard\libc_nano.a(lib_a-mprec.o)
                0x000000000800eaec                __multiply
 .text.__pow5mult
                0x000000000800ec40       0xb4 c:/st/stm32cubeide_1.11.0/stm32cubeide/plugins/com.st.stm32cube.ide.mcu.externaltools.gnu-tools-for-stm32.10.3-2021.10.win32_1.0.100.202210260954/tools/bin/../lib/gcc/arm-none-eabi/10.3.1/../../../../arm-none-eabi/lib/thumb/v7e-m+fp/hard\libc_nano.a(lib_a-mprec.o)
                0x000000000800ec40                __pow5mult
 .text.__lshift
                0x000000000800ecf4       0xe0 c:/st/stm32cubeide_1.11.0/stm32cubeide/plugins/com.st.stm32cube.ide.mcu.externaltools.gnu-tools-for-stm32.10.3-2021.10.win32_1.0.100.202210260954/tools/bin/../lib/gcc/arm-none-eabi/10.3.1/../../../../arm-none-eabi/lib/thumb/v7e-m+fp/hard\libc_nano.a(lib_a-mprec.o)
                0x000000000800ecf4                __lshift
 .text.__mcmp   0x000000000800edd4       0x38 c:/st/stm32cubeide_1.11.0/stm32cubeide/plugins/com.st.stm32cube.ide.mcu.externaltools.gnu-tools-for-stm32.10.3-2021.10.win32_1.0.100.202210260954/tools/bin/../lib/gcc/arm-none-eabi/10.3.1/../../../../arm-none-eabi/lib/thumb/v7e-m+fp/hard\libc_nano.a(lib_a-mprec.o)
                0x000000000800edd4                __mcmp
 .text.__mdiff  0x000000000800ee0c      0x114 c:/st/stm32cubeide_1.11.0/stm32cubeide/plugins/com.st.stm32cube.ide.mcu.externaltools.gnu-tools-for-stm32.10.3-2021.10.win32_1.0.100.202210260954/tools/bin/../lib/gcc/arm-none-eabi/10.3.1/../../../../arm-none-eabi/lib/thumb/v7e-m+fp/hard\libc_nano.a(lib_a-mprec.o)
                0x000000000800ee0c                __mdiff
 .text.__ulp    0x000000000800ef20       0x58 c:/st/stm32cubeide_1.11.0/stm32cubeide/plugins/com.st.stm32cube.ide.mcu.externaltools.gnu-tools-for-stm32.10.3-2021.10.win32_1.0.100.202210260954/tools/bin/../lib/gcc/arm-none-eabi/10.3.1/../../../../arm-none-eabi/lib/thumb/v7e-m+fp/hard\libc_nano.a(lib_a-mprec.o)
                0x000000000800ef20                __ulp
 .text.__b2d    0x000000000800ef78       0xa0 c:/st/stm32cubeide_1.11.0/stm32cubeide/plugins/com.st.stm32cube.ide.mcu.externaltools.gnu-tools-for-stm32.10.3-2021.10.win32_1.0.100.202210260954/tools/bin/../lib/gcc/arm-none-eabi/10.3.1/../../../../arm-none-eabi/lib/thumb/v7e-m+fp/hard\libc_nano.a(lib_a-mprec.o)
                0x000000000800ef78                __b2d
 .text.__d2b    0x000000000800f018       0xb8 c:/st/stm32cubeide_1.11.0/stm32cubeide/plugins/com.st.stm32cube.ide.mcu.externaltools.gnu-tools-for-stm32.10.3-2021.10.win32_1.0.100.202210260954/tools/bin/../lib/gcc/arm-none-eabi/10.3.1/../../../../arm-none-eabi/lib/thumb/v7e-m+fp/hard\libc_nano.a(lib_a-mprec.o)
                0x000000000800f018                __d2b
 .text.__ratio  0x000000000800f0d0       0x66 c:/st/stm32cubeide_1.11.0/stm32cubeide/plugins/com.st.stm32cube.ide.mcu.externaltools.gnu-tools-for-stm32.10.3-2021.10.win32_1.0.100.202210260954/tools/bin/../lib/gcc/arm-none-eabi/10.3.1/../../../../arm-none-eabi/lib/thumb/v7e-m+fp/hard\libc_nano.a(lib_a-mprec.o)
                0x000000000800f0d0                __ratio
 .text.__copybits
                0x000000000800f136       0x46 c:/st/stm32cubeide_1.11.0/stm32cubeide/plugins/com.st.stm32cube.ide.mcu.externaltools.gnu-tools-for-stm32.10.3-2021.10.win32_1.0.100.202210260954/tools/bin/../lib/gcc/arm-none-eabi/10.3.1/../../../../arm-none-eabi/lib/thumb/v7e-m+fp/hard\libc_nano.a(lib_a-mprec.o)
                0x000000000800f136                __copybits
 .text.__any_on
                0x000000000800f17c       0x42 c:/st/stm32cubeide_1.11.0/stm32cubeide/plugins/com.st.stm32cube.ide.mcu.externaltools.gnu-tools-for-stm32.10.3-2021.10.win32_1.0.100.202210260954/tools/bin/../lib/gcc/arm-none-eabi/10.3.1/../../../../arm-none-eabi/lib/thumb/v7e-m+fp/hard\libc_nano.a(lib_a-mprec.o)
                0x000000000800f17c                __any_on
 .text._calloc_r
                0x000000000800f1be       0x2c c:/st/stm32cubeide_1.11.0/stm32cubeide/plugins/com.st.stm32cube.ide.mcu.externaltools.gnu-tools-for-stm32.10.3-2021.10.win32_1.0.100.202210260954/tools/bin/../lib/gcc/arm-none-eabi/10.3.1/../../../../arm-none-eabi/lib/thumb/v7e-m+fp/hard\libc_nano.a(lib_a-nano-callocr.o)
                0x000000000800f1be                _calloc_r
 .text.__ssputs_r
                0x000000000800f1ea       0xb6 c:/st/stm32cubeide_1.11.0/stm32cubeide/plugins/com.st.stm32cube.ide.mcu.externaltools.gnu-tools-for-stm32.10.3-2021.10.win32_1.0.100.202210260954/tools/bin/../lib/gcc/arm-none-eabi/10.3.1/../../../../arm-none-eabi/lib/thumb/v7e-m+fp/hard\libc_nano.a(lib_a-nano-svfprintf.o)
                0x000000000800f1ea                __ssputs_r
 .text._svfprintf_r
                0x000000000800f2a0      0x200 c:/st/stm32cubeide_1.11.0/stm32cubeide/plugins/com.st.stm32cube.ide.mcu.externaltools.gnu-tools-for-stm32.10.3-2021.10.win32_1.0.100.202210260954/tools/bin/../lib/gcc/arm-none-eabi/10.3.1/../../../../arm-none-eabi/lib/thumb/v7e-m+fp/hard\libc_nano.a(lib_a-nano-svfprintf.o)
                0x000000000800f2a0                _svfiprintf_r
                0x000000000800f2a0                _svfprintf_r
 .text.__sfputc_r
                0x000000000800f4a0       0x2e c:/st/stm32cubeide_1.11.0/stm32cubeide/plugins/com.st.stm32cube.ide.mcu.externaltools.gnu-tools-for-stm32.10.3-2021.10.win32_1.0.100.202210260954/tools/bin/../lib/gcc/arm-none-eabi/10.3.1/../../../../arm-none-eabi/lib/thumb/v7e-m+fp/hard\libc_nano.a(lib_a-nano-vfprintf.o)
 .text.__sfputs_r
                0x000000000800f4ce       0x24 c:/st/stm32cubeide_1.11.0/stm32cubeide/plugins/com.st.stm32cube.ide.mcu.externaltools.gnu-tools-for-stm32.10.3-2021.10.win32_1.0.100.202210260954/tools/bin/../lib/gcc/arm-none-eabi/10.3.1/../../../../arm-none-eabi/lib/thumb/v7e-m+fp/hard\libc_nano.a(lib_a-nano-vfprintf.o)
                0x000000000800f4ce                __sfputs_r
 *fill*         0x000000000800f4f2        0x2 
 .text._vfprintf_r
                0x000000000800f4f4      0x260 c:/st/stm32cubeide_1.11.0/stm32cubeide/plugins/com.st.stm32cube.ide.mcu.externaltools.gnu-tools-for-stm32.10.3-2021.10.win32_1.0.100.202210260954/tools/bin/../lib/gcc/arm-none-eabi/10.3.1/../../../../arm-none-eabi/lib/thumb/v7e-m+fp/hard\libc_nano.a(lib_a-nano-vfprintf.o)
                0x000000000800f4f4                _vfprintf_r
                0x000000000800f4f4                _vfiprintf_r
 .text._read_r  0x000000000800f754       0x24 c:/st/stm32cubeide_1.11.0/stm32cubeide/plugins/com.st.stm32cube.ide.mcu.externaltools.gnu-tools-for-stm32.10.3-2021.10.win32_1.0.100.202210260954/tools/bin/../lib/gcc/arm-none-eabi/10.3.1/../../../../arm-none-eabi/lib/thumb/v7e-m+fp/hard\libc_nano.a(lib_a-readr.o)
                0x000000000800f754                _read_r
 .text.nan      0x000000000800f778       0x10 c:/st/stm32cubeide_1.11.0/stm32cubeide/plugins/com.st.stm32cube.ide.mcu.externaltools.gnu-tools-for-stm32.10.3-2021.10.win32_1.0.100.202210260954/tools/bin/../lib/gcc/arm-none-eabi/10.3.1/../../../../arm-none-eabi/lib/thumb/v7e-m+fp/hard\libc_nano.a(lib_a-s_nan.o)
                0x000000000800f778                nan
 .text.strncmp  0x000000000800f788       0x28 c:/st/stm32cubeide_1.11.0/stm32cubeide/plugins/com.st.stm32cube.ide.mcu.externaltools.gnu-tools-for-stm32.10.3-2021.10.win32_1.0.100.202210260954/tools/bin/../lib/gcc/arm-none-eabi/10.3.1/../../../../arm-none-eabi/lib/thumb/v7e-m+fp/hard\libc_nano.a(lib_a-strncmp.o)
                0x000000000800f788                strncmp
 .text.__ascii_wctomb
                0x000000000800f7b0       0x1a c:/st/stm32cubeide_1.11.0/stm32cubeide/plugins/com.st.stm32cube.ide.mcu.externaltools.gnu-tools-for-stm32.10.3-2021.10.win32_1.0.100.202210260954/tools/bin/../lib/gcc/arm-none-eabi/10.3.1/../../../../arm-none-eabi/lib/thumb/v7e-m+fp/hard\libc_nano.a(lib_a-wctomb_r.o)
                0x000000000800f7b0                __ascii_wctomb
 *fill*         0x000000000800f7ca        0x2 
 .text.__assert_func
                0x000000000800f7cc       0x3c c:/st/stm32cubeide_1.11.0/stm32cubeide/plugins/com.st.stm32cube.ide.mcu.externaltools.gnu-tools-for-stm32.10.3-2021.10.win32_1.0.100.202210260954/tools/bin/../lib/gcc/arm-none-eabi/10.3.1/../../../../arm-none-eabi/lib/thumb/v7e-m+fp/hard\libc_nano.a(lib_a-assert.o)
                0x000000000800f7cc                __assert_func