../Core/Src/main.c:140:6:read_keypad	40	static
../Core/Src/main.c:188:9:search_card_list_Global	24	static
../Core/Src/main.c:204:9:search_card_list_SD	600	static
../Core/Src/main.c:230:6:update_card_to_SD	696	dynamic
../Core/Src/main.c:290:6:rc522_add_card	32	static
../Core/Src/main.c:340:6:rc522_delete_card	24	static
../Core/Src/main.c:368:6:rc522_test	24	static
../Core/Src/main.c:418:6:Task1	632	static
../Core/Src/main.c:457:6:Task2	608	static
../Core/Src/main.c:484:6:Task3	32	static
../Core/Src/main.c:503:5:debounce	16	static
../Core/Src/main.c:518:6:PushButton	16	static
../Core/Src/main.c:547:6:lcd_test	24	static
../Core/Src/main.c:654:9:rc522_check	16	static
../Core/Src/main.c:662:9:keypad_check	24	static
../Core/Src/main.c:721:9:bluetooth_check	16	static
../Core/Src/main.c:778:6:unlock_fn_AddCard	48	static
../Core/Src/main.c:794:6:unlock_fn_DelCard	104	static
../Core/Src/main.c:834:6:unlock_fn_Lock	56	static
../Core/Src/main.c:852:6:lock_bee	16	static
../Core/Src/main.c:867:6:unlock_bee	16	static
../Core/Src/main.c:946:6:lock_task	48	static
../Core/Src/main.c:984:6:unlock_task	40	static
../Core/Src/main.c:1008:6:SD_RdWrTest	16	static
../Core/Src/main.c:1029:5:main	40	static
../Core/Src/main.c:1129:6:SystemClock_Config	88	static
../Core/Src/main.c:1175:13:MX_ADC1_Init	24	static
../Core/Src/main.c:1236:13:MX_I2C1_Init	8	static
../Core/Src/main.c:1270:13:MX_I2S3_Init	8	static
../Core/Src/main.c:1304:6:MX_SPI1_Init	8	static
../Core/Src/main.c:1342:13:MX_SPI2_Init	8	static
../Core/Src/main.c:1380:13:MX_TIM2_Init	48	static
../Core/Src/main.c:1429:13:MX_USART2_UART_Init	8	static
../Core/Src/main.c:1460:13:MX_DMA_Init	16	static
../Core/Src/main.c:1482:13:MX_GPIO_Init	56	static
../Core/Src/main.c:1556:6:HAL_GPIO_EXTI_Callback	24	static,ignoring_inline_asm
../Core/Src/main.c:1587:6:HAL_TIM_PeriodElapsedCallback	16	static
../Core/Src/main.c:1604:6:Error_Handler	4	static,ignoring_inline_asm
