../Core/Src/main.c:120:9:search_card_list_Global	24	static
../Core/Src/main.c:136:9:search_card_list_SD	600	static
../Core/Src/main.c:162:6:update_card_to_SD	696	dynamic
../Core/Src/main.c:222:6:rc522_add_card	32	static
../Core/Src/main.c:272:6:rc522_delete_card	24	static
../Core/Src/main.c:300:6:rc522_test	24	static
../Core/Src/main.c:350:6:Task1	632	static
../Core/Src/main.c:389:6:Task2	608	static
../Core/Src/main.c:416:6:Task3	32	static
../Core/Src/main.c:435:5:debounce	16	static
../Core/Src/main.c:450:6:PushButton	16	static
../Core/Src/main.c:479:6:lcd_test	24	static
../Core/Src/main.c:586:9:rc522_check	16	static
../Core/Src/main.c:594:9:bluetooth_check	16	static
../Core/Src/main.c:607:9:unlock_fn_AddCard	32	static
../Core/Src/main.c:621:9:unlock_fn_DelCard	40	static
../Core/Src/main.c:636:9:unlock_fn_Lock	32	static
../Core/Src/main.c:650:6:lock_bee	16	static
../Core/Src/main.c:665:6:unlock_bee	16	static
../Core/Src/main.c:674:6:lock_task	40	static
../Core/Src/main.c:707:6:unlock_task	48	static
../Core/Src/main.c:741:6:SD_RdWrTest	16	static
../Core/Src/main.c:762:5:main	40	static
../Core/Src/main.c:862:6:SystemClock_Config	88	static
../Core/Src/main.c:908:13:MX_ADC1_Init	24	static
../Core/Src/main.c:969:13:MX_I2C1_Init	8	static
../Core/Src/main.c:1003:13:MX_I2S3_Init	8	static
../Core/Src/main.c:1037:6:MX_SPI1_Init	8	static
../Core/Src/main.c:1075:13:MX_SPI2_Init	8	static
../Core/Src/main.c:1113:13:MX_TIM2_Init	48	static
../Core/Src/main.c:1162:13:MX_USART2_UART_Init	8	static
../Core/Src/main.c:1193:13:MX_DMA_Init	16	static
../Core/Src/main.c:1215:13:MX_GPIO_Init	56	static
../Core/Src/main.c:1280:6:HAL_GPIO_EXTI_Callback	24	static,ignoring_inline_asm
../Core/Src/main.c:1311:6:HAL_TIM_PeriodElapsedCallback	16	static
../Core/Src/main.c:1328:6:Error_Handler	4	static,ignoring_inline_asm
