main拷貝.c:106:6:joystick	24	static
main拷貝.c:147:6:lcd	16	static
main拷貝.c:200:6:PushButton	16	static
main拷貝.c:211:6:SD_RdWrTest	16	static
main拷貝.c:232:5:main	24	static
main拷貝.c:310:6:SystemClock_Config	88	static
main拷貝.c:354:13:MX_ADC1_Init	24	static
main拷貝.c:412:13:MX_I2C1_Init	8	static
main拷貝.c:446:13:MX_I2S3_Init	8	static
main拷貝.c:480:6:MX_SPI1_Init	8	static
main拷貝.c:518:13:MX_USART2_UART_Init	8	static
main拷貝.c:549:13:MX_DMA_Init	16	static
main拷貝.c:571:13:MX_GPIO_Init	56	static
main拷貝.c:632:6:Task1	600	static
main拷貝.c:664:6:Task2	592	static
main拷貝.c:690:6:Task3	24	static
main拷貝.c:709:6:HAL_GPIO_EXTI_Callback	24	static,ignoring_inline_asm
main拷貝.c:740:6:HAL_TIM_PeriodElapsedCallback	16	static
main拷貝.c:757:6:Error_Handler	4	static,ignoring_inline_asm
