../Core/Src/main.c:144:6:read_keypad	40	static
../Core/Src/main.c:192:9:search_card_list_Global	24	static
../Core/Src/main.c:208:9:search_card_list_SD	600	static
../Core/Src/main.c:234:6:update_card_to_SD	696	dynamic
../Core/Src/main.c:294:6:rc522_add_card	32	static
../Core/Src/main.c:344:6:rc522_delete_card	24	static
../Core/Src/main.c:372:6:rc522_test	24	static
../Core/Src/main.c:422:6:Task1	632	static
../Core/Src/main.c:461:6:Task2	608	static
../Core/Src/main.c:488:6:Task3	32	static
../Core/Src/main.c:507:5:debounce	16	static
../Core/Src/main.c:522:6:PushButton	16	static
../Core/Src/main.c:551:6:lcd_test	24	static
../Core/Src/main.c:658:9:rc522_check	16	static
../Core/Src/main.c:666:9:keypad_check	24	static
../Core/Src/main.c:725:9:bluetooth_check	16	static
../Core/Src/main.c:782:6:unlock_fn_AddCard	48	static
../Core/Src/main.c:798:6:unlock_fn_DelCard	104	static
../Core/Src/main.c:838:6:unlock_fn_Lock	56	static
../Core/Src/main.c:856:6:lock_bee	16	static
../Core/Src/main.c:871:6:unlock_bee	16	static
../Core/Src/main.c:950:6:lock_task	48	static
../Core/Src/main.c:991:6:unlock_task	40	static
../Core/Src/main.c:1016:6:SD_RdWrTest	16	static
../Core/Src/main.c:1032:6:sendCommand	16	static
../Core/Src/main.c:1036:6:receiveResponse	24	static
../Core/Src/main.c:1040:6:sendLogToServer	608	static
../Core/Src/main.c:1091:6:vEsp8266Init	520	static
../Core/Src/main.c:1119:5:main	32	static
../Core/Src/main.c:1225:6:SystemClock_Config	88	static
../Core/Src/main.c:1271:13:MX_ADC1_Init	24	static
../Core/Src/main.c:1332:13:MX_I2C1_Init	8	static
../Core/Src/main.c:1366:13:MX_I2S3_Init	8	static
../Core/Src/main.c:1400:6:MX_SPI1_Init	8	static
../Core/Src/main.c:1438:13:MX_SPI2_Init	8	static
../Core/Src/main.c:1476:13:MX_TIM2_Init	48	static
../Core/Src/main.c:1525:13:MX_USART1_UART_Init	8	static
../Core/Src/main.c:1558:13:MX_USART2_UART_Init	8	static
../Core/Src/main.c:1591:13:MX_USART3_UART_Init	8	static
../Core/Src/main.c:1622:13:MX_DMA_Init	16	static
../Core/Src/main.c:1644:13:MX_GPIO_Init	56	static
../Core/Src/main.c:1718:6:HAL_GPIO_EXTI_Callback	24	static,ignoring_inline_asm
../Core/Src/main.c:1749:6:HAL_TIM_PeriodElapsedCallback	16	static
../Core/Src/main.c:1766:6:Error_Handler	4	static,ignoring_inline_asm
