../Core/Src/main.c:120:9:search_card_list_Global	24	static
../Core/Src/main.c:136:9:search_card_list_SD	600	static
../Core/Src/main.c:162:6:update_card_to_SD	696	dynamic
../Core/Src/main.c:222:6:rc522_add_card	32	static
../Core/Src/main.c:272:6:rc522_delete_card	24	static
../Core/Src/main.c:300:6:rc522_test	24	static
../Core/Src/main.c:350:6:Task1	632	static
../Core/Src/main.c:389:6:Task2	608	static
../Core/Src/main.c:416:6:Task3	32	static
../Core/Src/main.c:435:5:debounce	16	static
../Core/Src/main.c:450:6:PushButton	16	static
../Core/Src/main.c:479:6:lcd_test	24	static
../Core/Src/main.c:586:9:rc522_check	16	static
../Core/Src/main.c:594:9:bluetooth_check	16	static
../Core/Src/main.c:608:6:lock_task	40	static
../Core/Src/main.c:640:6:unlock_task	80	static
../Core/Src/main.c:682:6:SD_RdWrTest	16	static
../Core/Src/main.c:703:5:main	40	static
../Core/Src/main.c:812:6:SystemClock_Config	88	static
../Core/Src/main.c:858:13:MX_ADC1_Init	24	static
../Core/Src/main.c:919:13:MX_I2C1_Init	8	static
../Core/Src/main.c:953:13:MX_I2S3_Init	8	static
../Core/Src/main.c:987:6:MX_SPI1_Init	8	static
../Core/Src/main.c:1025:13:MX_SPI2_Init	8	static
../Core/Src/main.c:1063:13:MX_TIM2_Init	48	static
../Core/Src/main.c:1112:13:MX_USART2_UART_Init	8	static
../Core/Src/main.c:1143:13:MX_DMA_Init	16	static
../Core/Src/main.c:1165:13:MX_GPIO_Init	56	static
../Core/Src/main.c:1230:6:HAL_GPIO_EXTI_Callback	24	static,ignoring_inline_asm
../Core/Src/main.c:1261:6:HAL_TIM_PeriodElapsedCallback	16	static
../Core/Src/main.c:1278:6:Error_Handler	4	static,ignoring_inline_asm
